Archive member included to satisfy reference by file (symbol)

c:/data/program files (x86)/arm gnu toolchain arm-none-eabi/11.3 rel1/bin/../lib/gcc/arm-none-eabi/11.3.1/thumb/v6-m/nofp\libc_nano.a(libc_a-exit.o)
                              c:/data/program files (x86)/arm gnu toolchain arm-none-eabi/11.3 rel1/bin/../lib/gcc/arm-none-eabi/11.3.1/thumb/v6-m/nofp/crt0.o (exit)
c:/data/program files (x86)/arm gnu toolchain arm-none-eabi/11.3 rel1/bin/../lib/gcc/arm-none-eabi/11.3.1/thumb/v6-m/nofp\libc_nano.a(libc_a-findfp.o)
                              c:/data/program files (x86)/arm gnu toolchain arm-none-eabi/11.3 rel1/bin/../lib/gcc/arm-none-eabi/11.3.1/thumb/v6-m/nofp\libc_nano.a(libc_a-exit.o) (__stdio_exit_handler)
c:/data/program files (x86)/arm gnu toolchain arm-none-eabi/11.3 rel1/bin/../lib/gcc/arm-none-eabi/11.3.1/thumb/v6-m/nofp\libc_nano.a(libc_a-fwalk.o)
                              c:/data/program files (x86)/arm gnu toolchain arm-none-eabi/11.3 rel1/bin/../lib/gcc/arm-none-eabi/11.3.1/thumb/v6-m/nofp\libc_nano.a(libc_a-findfp.o) (_fwalk_sglue)
c:/data/program files (x86)/arm gnu toolchain arm-none-eabi/11.3 rel1/bin/../lib/gcc/arm-none-eabi/11.3.1/thumb/v6-m/nofp\libc_nano.a(libc_a-stdio.o)
                              c:/data/program files (x86)/arm gnu toolchain arm-none-eabi/11.3 rel1/bin/../lib/gcc/arm-none-eabi/11.3.1/thumb/v6-m/nofp\libc_nano.a(libc_a-findfp.o) (__sread)
c:/data/program files (x86)/arm gnu toolchain arm-none-eabi/11.3 rel1/bin/../lib/gcc/arm-none-eabi/11.3.1/thumb/v6-m/nofp\libc_nano.a(libc_a-memset.o)
                              c:/data/program files (x86)/arm gnu toolchain arm-none-eabi/11.3 rel1/bin/../lib/gcc/arm-none-eabi/11.3.1/thumb/v6-m/nofp/crt0.o (memset)
c:/data/program files (x86)/arm gnu toolchain arm-none-eabi/11.3 rel1/bin/../lib/gcc/arm-none-eabi/11.3.1/thumb/v6-m/nofp\libc_nano.a(libc_a-closer.o)
                              c:/data/program files (x86)/arm gnu toolchain arm-none-eabi/11.3 rel1/bin/../lib/gcc/arm-none-eabi/11.3.1/thumb/v6-m/nofp\libc_nano.a(libc_a-stdio.o) (_close_r)
c:/data/program files (x86)/arm gnu toolchain arm-none-eabi/11.3 rel1/bin/../lib/gcc/arm-none-eabi/11.3.1/thumb/v6-m/nofp\libc_nano.a(libc_a-reent.o)
                              c:/data/program files (x86)/arm gnu toolchain arm-none-eabi/11.3 rel1/bin/../lib/gcc/arm-none-eabi/11.3.1/thumb/v6-m/nofp\libc_nano.a(libc_a-closer.o) (errno)
c:/data/program files (x86)/arm gnu toolchain arm-none-eabi/11.3 rel1/bin/../lib/gcc/arm-none-eabi/11.3.1/thumb/v6-m/nofp\libc_nano.a(libc_a-impure.o)
                              c:/data/program files (x86)/arm gnu toolchain arm-none-eabi/11.3 rel1/bin/../lib/gcc/arm-none-eabi/11.3.1/thumb/v6-m/nofp\libc_nano.a(libc_a-reent.o) (_impure_ptr)
c:/data/program files (x86)/arm gnu toolchain arm-none-eabi/11.3 rel1/bin/../lib/gcc/arm-none-eabi/11.3.1/thumb/v6-m/nofp\libc_nano.a(libc_a-lseekr.o)
                              c:/data/program files (x86)/arm gnu toolchain arm-none-eabi/11.3 rel1/bin/../lib/gcc/arm-none-eabi/11.3.1/thumb/v6-m/nofp\libc_nano.a(libc_a-stdio.o) (_lseek_r)
c:/data/program files (x86)/arm gnu toolchain arm-none-eabi/11.3 rel1/bin/../lib/gcc/arm-none-eabi/11.3.1/thumb/v6-m/nofp\libc_nano.a(libc_a-readr.o)
                              c:/data/program files (x86)/arm gnu toolchain arm-none-eabi/11.3 rel1/bin/../lib/gcc/arm-none-eabi/11.3.1/thumb/v6-m/nofp\libc_nano.a(libc_a-stdio.o) (_read_r)
c:/data/program files (x86)/arm gnu toolchain arm-none-eabi/11.3 rel1/bin/../lib/gcc/arm-none-eabi/11.3.1/thumb/v6-m/nofp\libc_nano.a(libc_a-writer.o)
                              c:/data/program files (x86)/arm gnu toolchain arm-none-eabi/11.3 rel1/bin/../lib/gcc/arm-none-eabi/11.3.1/thumb/v6-m/nofp\libc_nano.a(libc_a-stdio.o) (_write_r)
c:/data/program files (x86)/arm gnu toolchain arm-none-eabi/11.3 rel1/bin/../lib/gcc/arm-none-eabi/11.3.1/thumb/v6-m/nofp\libc_nano.a(libc_a-init.o)
                              c:/data/program files (x86)/arm gnu toolchain arm-none-eabi/11.3 rel1/bin/../lib/gcc/arm-none-eabi/11.3.1/thumb/v6-m/nofp/crt0.o (__libc_init_array)
c:/data/program files (x86)/arm gnu toolchain arm-none-eabi/11.3 rel1/bin/../lib/gcc/arm-none-eabi/11.3.1/thumb/v6-m/nofp\libc_nano.a(libc_a-lock.o)
                              c:/data/program files (x86)/arm gnu toolchain arm-none-eabi/11.3 rel1/bin/../lib/gcc/arm-none-eabi/11.3.1/thumb/v6-m/nofp\libc_nano.a(libc_a-findfp.o) (__retarget_lock_init_recursive)
c:/data/program files (x86)/arm gnu toolchain arm-none-eabi/11.3 rel1/bin/../lib/gcc/arm-none-eabi/11.3.1/thumb/v6-m/nofp\libc_nano.a(libc_a-freer.o)
                              c:/data/program files (x86)/arm gnu toolchain arm-none-eabi/11.3 rel1/bin/../lib/gcc/arm-none-eabi/11.3.1/thumb/v6-m/nofp\libc_nano.a(libc_a-reent.o) (_free_r)
c:/data/program files (x86)/arm gnu toolchain arm-none-eabi/11.3 rel1/bin/../lib/gcc/arm-none-eabi/11.3.1/thumb/v6-m/nofp\libc_nano.a(libc_a-mallocr.o)
[...]
Memory Configuration

Name             Origin             Length             Attributes
RAM              0x20000000         0x00001000         xrw
FLASH            0x08000000         0x00004000         xr
*default*        0x00000000         0xffffffff

Linker script and memory map

LOAD c:/data/program files (x86)/arm gnu toolchain arm-none-eabi/11.3 rel1/bin/../lib/gcc/arm-none-eabi/11.3.1/thumb/v6-m/nofp/crti.o
LOAD c:/data/program files (x86)/arm gnu toolchain arm-none-eabi/11.3 rel1/bin/../lib/gcc/arm-none-eabi/11.3.1/thumb/v6-m/nofp/crtbegin.o
LOAD c:/data/program files (x86)/arm gnu toolchain arm-none-eabi/11.3 rel1/bin/../lib/gcc/arm-none-eabi/11.3.1/thumb/v6-m/nofp/crt0.o
LOAD build/main.o
LOAD build/LoRa.o
LOAD build/stm32f0xx_it.o
LOAD build/stm32f0xx_hal_msp.o
LOAD build/stm32f0xx_hal_adc.o
LOAD build/stm32f0xx_hal_adc_ex.o
LOAD build/stm32f0xx_hal_rcc.o
LOAD build/stm32f0xx_hal_rcc_ex.o
LOAD build/stm32f0xx_hal.o
LOAD build/stm32f0xx_hal_i2c.o
LOAD build/stm32f0xx_hal_i2c_ex.o
LOAD build/stm32f0xx_hal_gpio.o
LOAD build/stm32f0xx_hal_dma.o
LOAD build/stm32f0xx_hal_cortex.o
LOAD build/stm32f0xx_hal_pwr.o
LOAD build/stm32f0xx_hal_pwr_ex.o
LOAD build/stm32f0xx_hal_flash.o
LOAD build/stm32f0xx_hal_flash_ex.o
LOAD build/stm32f0xx_hal_exti.o
LOAD build/stm32f0xx_hal_spi.o
LOAD build/stm32f0xx_hal_spi_ex.o
LOAD build/stm32f0xx_hal_tim.o
LOAD build/stm32f0xx_hal_tim_ex.o
LOAD build/stm32f0xx_hal_uart.o
LOAD build/stm32f0xx_hal_uart_ex.o
LOAD build/system_stm32f0xx.o
LOAD build/startup_stm32f030x6.o
LOAD c:/data/program files (x86)/arm gnu toolchain arm-none-eabi/11.3 rel1/bin/../lib/gcc/arm-none-eabi/11.3.1/thumb/v6-m/nofp\libc_nano.a
LOAD c:/data/program files (x86)/arm gnu toolchain arm-none-eabi/11.3 rel1/bin/../lib/gcc/arm-none-eabi/11.3.1/thumb/v6-m/nofp\libm.a
LOAD c:/data/program files (x86)/arm gnu toolchain arm-none-eabi/11.3 rel1/bin/../lib/gcc/arm-none-eabi/11.3.1/thumb/v6-m/nofp\libnosys.a
START GROUP
LOAD c:/data/program files (x86)/arm gnu toolchain arm-none-eabi/11.3 rel1/bin/../lib/gcc/arm-none-eabi/11.3.1/thumb/v6-m/nofp\libgcc.a
LOAD c:/data/program files (x86)/arm gnu toolchain arm-none-eabi/11.3 rel1/bin/../lib/gcc/arm-none-eabi/11.3.1/thumb/v6-m/nofp\libc_nano.a
END GROUP
START GROUP
LOAD c:/data/program files (x86)/arm gnu toolchain arm-none-eabi/11.3 rel1/bin/../lib/gcc/arm-none-eabi/11.3.1/thumb/v6-m/nofp\libgcc.a
LOAD c:/data/program files (x86)/arm gnu toolchain arm-none-eabi/11.3 rel1/bin/../lib/gcc/arm-none-eabi/11.3.1/thumb/v6-m/nofp\libc_nano.a
END GROUP
LOAD c:/data/program files (x86)/arm gnu toolchain arm-none-eabi/11.3 rel1/bin/../lib/gcc/arm-none-eabi/11.3.1/thumb/v6-m/nofp/crtend.o
LOAD c:/data/program files (x86)/arm gnu toolchain arm-none-eabi/11.3 rel1/bin/../lib/gcc/arm-none-eabi/11.3.1/thumb/v6-m/nofp/crtn.o
                0x20001000                _estack = (ORIGIN (RAM) + LENGTH (RAM))
                0x00000200                _Min_Heap_Size = 0x200
                0x00000400                _Min_Stack_Size = 0x400

.isr_vector     0x08000000       0xc0
                0x08000000                . = ALIGN (0x4)
 *(.isr_vector)
 .isr_vector    0x08000000       0xc0 build/startup_stm32f030x6.o
                0x08000000                g_pfnVectors
                0x080000c0                . = ALIGN (0x4)

.text           0x080000c0     0x2a50
                0x080000c0                . = ALIGN (0x4)
 *(.text)
 .text          0x080000c0      0x114 c:/data/program files (x86)/arm gnu toolchain arm-none-eabi/11.3 rel1/bin/../lib/gcc/arm-none-eabi/11.3.1/thumb/v6-m/nofp\libgcc.a(_udivsi3.o)
                0x080000c0                __aeabi_uidiv
                0x080000c0                __udivsi3
                0x080001cc                __aeabi_uidivmod
 .text          0x080001d4      0x1d4 c:/data/program files (x86)/arm gnu toolchain arm-none-eabi/11.3 rel1/bin/../lib/gcc/arm-none-eabi/11.3.1/thumb/v6-m/nofp\libgcc.a(_divsi3.o)
                0x080001d4                __divsi3
                0x080001d4                __aeabi_idiv
                0x080003a0                __aeabi_idivmod
 .text          0x080003a8        0x4 c:/data/program files (x86)/arm gnu toolchain arm-none-eabi/11.3 rel1/bin/../lib/gcc/arm-none-eabi/11.3.1/thumb/v6-m/nofp\libgcc.a(_dvmd_tls.o)
                0x080003a8                __aeabi_idiv0
                0x080003a8                __aeabi_ldiv0
 *(.text*)
 .text.deregister_tm_clones
                0x080003ac       0x20 c:/data/program files (x86)/arm gnu toolchain arm-none-eabi/11.3 rel1/bin/../lib/gcc/arm-none-eabi/11.3.1/thumb/v6-m/nofp/crtbegin.o
 .text.register_tm_clones
                0x080003cc       0x28 c:/data/program files (x86)/arm gnu toolchain arm-none-eabi/11.3 rel1/bin/../lib/gcc/arm-none-eabi/11.3.1/thumb/v6-m/nofp/crtbegin.o
 .text.__do_global_dtors_aux
                0x080003f4       0x2c c:/data/program files (x86)/arm gnu toolchain arm-none-eabi/11.3 rel1/bin/../lib/gcc/arm-none-eabi/11.3.1/thumb/v6-m/nofp/crtbegin.o
 .text.frame_dummy
                0x08000420       0x24 c:/data/program files (x86)/arm gnu toolchain arm-none-eabi/11.3 rel1/bin/../lib/gcc/arm-none-eabi/11.3.1/thumb/v6-m/nofp/crtbegin.o
 .text.MX_GPIO_Init
                0x08000444       0xd8 build/main.o
 .text.Error_Handler
                0x0800051c        0x4 build/main.o
                0x0800051c                Error_Handler
 .text.MX_ADC_Init
                0x08000520       0x74 build/main.o
 .text.MX_I2C1_Init
                0x08000594       0x58 build/main.o
 .text.MX_SPI1_Init
                0x080005ec       0x4c build/main.o
 .text.MX_USART1_UART_Init
                0x08000638       0x38 build/main.o
 .text.SystemClock_Config
                0x08000670       0x86 build/main.o
                0x08000670                SystemClock_Config
 *fill*         0x080006f6        0x2 
 .text.main     0x080006f8       0xf4 build/main.o
                0x080006f8                main
 .text.newLoRa  0x080007ec       0x2a build/LoRa.o
                0x080007ec                newLoRa
 .text.LoRa_reset
                0x08000816       0x26 build/LoRa.o
                0x08000816                LoRa_reset
 .text.LoRa_readReg
                0x0800083c       0x5e build/LoRa.o
                0x0800083c                LoRa_readReg
 .text.LoRa_writeReg
                0x0800089a       0x5e build/LoRa.o
                0x0800089a                LoRa_writeReg
 .text.LoRa_read
                0x080008f8       0x24 build/LoRa.o
                0x080008f8                LoRa_read
 .text.LoRa_write
                0x0800091c       0x24 build/LoRa.o
                0x0800091c                LoRa_write
 .text.LoRa_gotoMode
                0x08000940       0x7e build/LoRa.o
                0x08000940                LoRa_gotoMode
 .text.LoRa_setFrequency
                0x080009be       0x3c build/LoRa.o
                0x080009be                LoRa_setFrequency
 .text.LoRa_setSpreadingFactor
                0x080009fa       0x40 build/LoRa.o
                0x080009fa                LoRa_setSpreadingFactor
 .text.LoRa_setPower
                0x08000a3a       0x12 build/LoRa.o
                0x08000a3a                LoRa_setPower
 .text.LoRa_setOCP
                0x08000a4c       0x4a build/LoRa.o
                0x08000a4c                LoRa_setOCP
 .text.LoRa_setTOMsb_setCRCon
                0x08000a96       0x20 build/LoRa.o
                0x08000a96                LoRa_setTOMsb_setCRCon
 .text.LoRa_isvalid
                0x08000ab6        0x4 build/LoRa.o
                0x08000ab6                LoRa_isvalid
 .text.LoRa_receive
                0x08000aba       0x8e build/LoRa.o
                0x08000aba                LoRa_receive
 .text.LoRa_init
                0x08000b48       0xf8 build/LoRa.o
                0x08000b48                LoRa_init
 .text.NMI_Handler
                0x08000c40        0x2 build/stm32f0xx_it.o
                0x08000c40                NMI_Handler
 .text.HardFault_Handler
                0x08000c42        0x2 build/stm32f0xx_it.o
                0x08000c42                HardFault_Handler
 .text.SVC_Handler
                0x08000c44        0x2 build/stm32f0xx_it.o
                0x08000c44                SVC_Handler
 .text.PendSV_Handler
                0x08000c46        0x2 build/stm32f0xx_it.o
                0x08000c46                PendSV_Handler
 .text.SysTick_Handler
                0x08000c48        0x8 build/stm32f0xx_it.o
                0x08000c48                SysTick_Handler
 .text.HAL_MspInit
                0x08000c50       0x30 build/stm32f0xx_hal_msp.o
                0x08000c50                HAL_MspInit
 .text.HAL_ADC_MspInit
                0x08000c80       0x60 build/stm32f0xx_hal_msp.o
                0x08000c80                HAL_ADC_MspInit
 .text.HAL_I2C_MspInit
                0x08000ce0       0x68 build/stm32f0xx_hal_msp.o
                0x08000ce0                HAL_I2C_MspInit
 .text.HAL_SPI_MspInit
                0x08000d48       0x64 build/stm32f0xx_hal_msp.o
                0x08000d48                HAL_SPI_MspInit
 .text.HAL_UART_MspInit
                0x08000dac       0x68 build/stm32f0xx_hal_msp.o
                0x08000dac                HAL_UART_MspInit
 .text.HAL_ADC_Init
                0x08000e14      0x184 build/stm32f0xx_hal_adc.o
                0x08000e14                HAL_ADC_Init
 .text.HAL_ADC_ConfigChannel
                0x08000f98      0x120 build/stm32f0xx_hal_adc.o
                0x08000f98                HAL_ADC_ConfigChannel
 .text.HAL_RCC_OscConfig
                0x080010b8      0x49c build/stm32f0xx_hal_rcc.o
                0x080010b8                HAL_RCC_OscConfig
 .text.HAL_RCC_GetSysClockFreq
                0x08001554       0x7c build/stm32f0xx_hal_rcc.o
                0x08001554                HAL_RCC_GetSysClockFreq
 .text.HAL_RCC_ClockConfig
                0x080015d0      0x134 build/stm32f0xx_hal_rcc.o
                0x080015d0                HAL_RCC_ClockConfig
 .text.HAL_RCC_GetHCLKFreq
                0x08001704        0xc build/stm32f0xx_hal_rcc.o
                0x08001704                HAL_RCC_GetHCLKFreq
 .text.HAL_RCC_GetPCLK1Freq
                0x08001710       0x20 build/stm32f0xx_hal_rcc.o
                0x08001710                HAL_RCC_GetPCLK1Freq
 .text.HAL_RCCEx_PeriphCLKConfig
                0x08001730      0x120 build/stm32f0xx_hal_rcc_ex.o
                0x08001730                HAL_RCCEx_PeriphCLKConfig
 .text.HAL_InitTick
                0x08001850       0x50 build/stm32f0xx_hal.o
                0x08001850                HAL_InitTick
 .text.HAL_Init
                0x080018a0       0x20 build/stm32f0xx_hal.o
                0x080018a0                HAL_Init
 .text.HAL_IncTick
                0x080018c0       0x18 build/stm32f0xx_hal.o
                0x080018c0                HAL_IncTick
 .text.HAL_GetTick
                0x080018d8        0xc build/stm32f0xx_hal.o
                0x080018d8                HAL_GetTick
 .text.HAL_Delay
                0x080018e4       0x24 build/stm32f0xx_hal.o
                0x080018e4                HAL_Delay
 .text.HAL_I2C_Init
                0x08001908       0xcc build/stm32f0xx_hal_i2c.o
                0x08001908                HAL_I2C_Init
 .text.HAL_I2CEx_ConfigAnalogFilter
                0x080019d4       0x58 build/stm32f0xx_hal_i2c_ex.o
                0x080019d4                HAL_I2CEx_ConfigAnalogFilter
 .text.HAL_I2CEx_ConfigDigitalFilter
                0x08001a2c       0x54 build/stm32f0xx_hal_i2c_ex.o
                0x08001a2c                HAL_I2CEx_ConfigDigitalFilter
 .text.HAL_GPIO_Init
                0x08001a80      0x188 build/stm32f0xx_hal_gpio.o
                0x08001a80                HAL_GPIO_Init
 .text.HAL_GPIO_WritePin
                0x08001c08        0xc build/stm32f0xx_hal_gpio.o
                0x08001c08                HAL_GPIO_WritePin
 .text.HAL_NVIC_SetPriority
                0x08001c14       0x60 build/stm32f0xx_hal_cortex.o
                0x08001c14                HAL_NVIC_SetPriority
 .text.HAL_SYSTICK_Config
                0x08001c74       0x38 build/stm32f0xx_hal_cortex.o
                0x08001c74                HAL_SYSTICK_Config
 .text.SPI_WaitFlagStateUntilTimeout
                0x08001cac       0xe8 build/stm32f0xx_hal_spi.o
 .text.SPI_WaitFifoStateUntilTimeout
                0x08001d94      0x114 build/stm32f0xx_hal_spi.o
 .text.SPI_EndRxTxTransaction
                0x08001ea8       0x68 build/stm32f0xx_hal_spi.o
 .text.SPI_EndRxTransaction
                0x08001f10       0x90 build/stm32f0xx_hal_spi.o
 .text.HAL_SPI_Init
                0x08001fa0      0x104 build/stm32f0xx_hal_spi.o
                0x08001fa0                HAL_SPI_Init
 .text.HAL_SPI_Transmit
                0x080020a4      0x1b2 build/stm32f0xx_hal_spi.o
                0x080020a4                HAL_SPI_Transmit
 *fill*         0x08002256        0x2 
 .text.HAL_SPI_TransmitReceive
                0x08002258      0x250 build/stm32f0xx_hal_spi.o
                0x08002258                HAL_SPI_TransmitReceive
 .text.HAL_SPI_Receive
                0x080024a8      0x1ac build/stm32f0xx_hal_spi.o
                0x080024a8                HAL_SPI_Receive
 .text.HAL_SPI_GetState
                0x08002654        0x8 build/stm32f0xx_hal_spi.o
                0x08002654                HAL_SPI_GetState
 .text.UART_SetConfig
                0x0800265c      0x154 build/stm32f0xx_hal_uart.o
                0x0800265c                UART_SetConfig
 .text.UART_AdvFeatureConfig
                0x080027b0       0xe0 build/stm32f0xx_hal_uart.o
                0x080027b0                UART_AdvFeatureConfig
 .text.UART_WaitOnFlagUntilTimeout
                0x08002890       0xdc build/stm32f0xx_hal_uart.o
                0x08002890                UART_WaitOnFlagUntilTimeout
 .text.UART_CheckIdleState
                0x0800296c       0x70 build/stm32f0xx_hal_uart.o
                0x0800296c                UART_CheckIdleState
 .text.HAL_UART_Init
                0x080029dc       0x6c build/stm32f0xx_hal_uart.o
                0x080029dc                HAL_UART_Init
 .text.SystemInit
                0x08002a48        0x2 build/system_stm32f0xx.o
                0x08002a48                SystemInit
 *fill*         0x08002a4a        0x2 
 .text.Reset_Handler
                0x08002a4c       0x50 build/startup_stm32f030x6.o
                0x08002a4c                Reset_Handler
 .text.Default_Handler
                0x08002a9c        0x2 build/startup_stm32f030x6.o
                0x08002a9c                TIM1_CC_IRQHandler
                0x08002a9c                I2C1_IRQHandler
                0x08002a9c                SPI1_IRQHandler
                0x08002a9c                EXTI2_3_IRQHandler
                0x08002a9c                ADC1_IRQHandler
                0x08002a9c                TIM17_IRQHandler
                0x08002a9c                RTC_IRQHandler
                0x08002a9c                TIM16_IRQHandler
                0x08002a9c                TIM3_IRQHandler
                0x08002a9c                EXTI4_15_IRQHandler
                0x08002a9c                RCC_IRQHandler
                0x08002a9c                DMA1_Channel1_IRQHandler
                0x08002a9c                Default_Handler
                0x08002a9c                TIM14_IRQHandler
                0x08002a9c                DMA1_Channel4_5_IRQHandler
                0x08002a9c                EXTI0_1_IRQHandler
                0x08002a9c                WWDG_IRQHandler
                0x08002a9c                DMA1_Channel2_3_IRQHandler
                0x08002a9c                FLASH_IRQHandler
                0x08002a9c                USART1_IRQHandler
                0x08002a9c                TIM1_BRK_UP_TRG_COM_IRQHandler
 .text.memset   0x08002a9e       0x10 c:/data/program files (x86)/arm gnu toolchain arm-none-eabi/11.3 rel1/bin/../lib/gcc/arm-none-eabi/11.3.1/thumb/v6-m/nofp\libc_nano.a(libc_a-memset.o)
                0x08002a9e                memset
 *fill*         0x08002aae        0x2 
 .text.__libc_init_array
                0x08002ab0       0x48 c:/data/program files (x86)/arm gnu toolchain arm-none-eabi/11.3 rel1/bin/../lib/gcc/arm-none-eabi/11.3.1/thumb/v6-m/nofp\libc_nano.a(libc_a-init.o)
                0x08002ab0                __libc_init_array
 *(.glue_7)
 .glue_7        0x08002af8        0x0 linker stubs
 *(.glue_7t)
 .glue_7t       0x08002af8        0x0 linker stubs
 *(.eh_frame)
 .eh_frame      0x08002af8        0x0 c:/data/program files (x86)/arm gnu toolchain arm-none-eabi/11.3 rel1/bin/../lib/gcc/arm-none-eabi/11.3.1/thumb/v6-m/nofp/crtbegin.o
 *(.init)
 .init          0x08002af8        0x4 c:/data/program files (x86)/arm gnu toolchain arm-none-eabi/11.3 rel1/bin/../lib/gcc/arm-none-eabi/11.3.1/thumb/v6-m/nofp/crti.o
                0x08002af8                _init
 .init          0x08002afc        0x8 c:/data/program files (x86)/arm gnu toolchain arm-none-eabi/11.3 rel1/bin/../lib/gcc/arm-none-eabi/11.3.1/thumb/v6-m/nofp/crtn.o
 *(.fini)
 .fini          0x08002b04        0x4 c:/data/program files (x86)/arm gnu toolchain arm-none-eabi/11.3 rel1/bin/../lib/gcc/arm-none-eabi/11.3.1/thumb/v6-m/nofp/crti.o
                0x08002b04                _fini
 .fini          0x08002b08        0x8 c:/data/program files (x86)/arm gnu toolchain arm-none-eabi/11.3 rel1/bin/../lib/gcc/arm-none-eabi/11.3.1/thumb/v6-m/nofp/crtn.o
                0x08002b10                . = ALIGN (0x4)
                0x08002b10                _etext = .

.vfp11_veneer   0x08002b10        0x0
 .vfp11_veneer  0x08002b10        0x0 linker stubs

.v4_bx          0x08002b10        0x0
 .v4_bx         0x08002b10        0x0 linker stubs

.iplt           0x08002b10        0x0
 .iplt          0x08002b10        0x0 c:/data/program files (x86)/arm gnu toolchain arm-none-eabi/11.3 rel1/bin/../lib/gcc/arm-none-eabi/11.3.1/thumb/v6-m/nofp/crtbegin.o

.rodata         0x08002b10       0x40
                0x08002b10                . = ALIGN (0x4)
 *(.rodata)
 *(.rodata*)
 .rodata.HAL_RCC_GetSysClockFreq.str1.4
                0x08002b10       0x25 build/stm32f0xx_hal_rcc.o
 *fill*         0x08002b35        0x3 
 .rodata.AHBPrescTable
                0x08002b38       0x10 build/system_stm32f0xx.o
                0x08002b38                AHBPrescTable
 .rodata.APBPrescTable
                0x08002b48        0x8 build/system_stm32f0xx.o
                0x08002b48                APBPrescTable
                0x08002b50                . = ALIGN (0x4)

.rel.dyn        0x08002b50        0x0
 .rel.iplt      0x08002b50        0x0 c:/data/program files (x86)/arm gnu toolchain arm-none-eabi/11.3 rel1/bin/../lib/gcc/arm-none-eabi/11.3.1/thumb/v6-m/nofp/crtbegin.o

.ARM.extab
 *(.ARM.extab* .gnu.linkonce.armextab.*)

.ARM            0x08002b50        0x0
                0x08002b50                __exidx_start = .
 *(.ARM.exidx*)
                0x08002b50                __exidx_end = .

.preinit_array  0x08002b50        0x0
                0x08002b50                PROVIDE (__preinit_array_start = .)
 *(.preinit_array*)
                0x08002b50                PROVIDE (__preinit_array_end = .)

.init_array     0x08002b50        0x4
                0x08002b50                PROVIDE (__init_array_start = .)
 *(SORT_BY_NAME(.init_array.*))
 *(.init_array*)
 .init_array    0x08002b50        0x4 c:/data/program files (x86)/arm gnu toolchain arm-none-eabi/11.3 rel1/bin/../lib/gcc/arm-none-eabi/11.3.1/thumb/v6-m/nofp/crtbegin.o
                0x08002b54                PROVIDE (__init_array_end = .)

.fini_array     0x08002b54        0x4
                [!provide]                PROVIDE (__fini_array_start = .)
 *(SORT_BY_NAME(.fini_array.*))
 *(.fini_array*)
 .fini_array    0x08002b54        0x4 c:/data/program files (x86)/arm gnu toolchain arm-none-eabi/11.3 rel1/bin/../lib/gcc/arm-none-eabi/11.3.1/thumb/v6-m/nofp/crtbegin.o
                [!provide]                PROVIDE (__fini_array_end = .)
                0x08002b58                _sidata = LOADADDR (.data)

.data           0x20000000        0xc load address 0x08002b58
                0x20000000                . = ALIGN (0x4)
                0x20000000                _sdata = .
 *(.data)
 *(.data*)
 .data.uwTickFreq
                0x20000000        0x1 build/stm32f0xx_hal.o
                0x20000000                uwTickFreq
 *fill*         0x20000001        0x3 
 .data.uwTickPrio
                0x20000004        0x4 build/stm32f0xx_hal.o
                0x20000004                uwTickPrio
 .data.SystemCoreClock
                0x20000008        0x4 build/system_stm32f0xx.o
                0x20000008                SystemCoreClock
                0x2000000c                . = ALIGN (0x4)
                0x2000000c                _edata = .

.tm_clone_table
                0x2000000c        0x0 load address 0x08002b64
 .tm_clone_table
                0x2000000c        0x0 c:/data/program files (x86)/arm gnu toolchain arm-none-eabi/11.3 rel1/bin/../lib/gcc/arm-none-eabi/11.3.1/thumb/v6-m/nofp/crtbegin.o
 .tm_clone_table
                0x2000000c        0x0 c:/data/program files (x86)/arm gnu toolchain arm-none-eabi/11.3 rel1/bin/../lib/gcc/arm-none-eabi/11.3.1/thumb/v6-m/nofp/crtend.o

.igot.plt       0x2000000c        0x0 load address 0x08002b64
 .igot.plt      0x2000000c        0x0 c:/data/program files (x86)/arm gnu toolchain arm-none-eabi/11.3 rel1/bin/../lib/gcc/arm-none-eabi/11.3.1/thumb/v6-m/nofp/crtbegin.o
                0x2000000c                . = ALIGN (0x4)

.bss            0x2000000c      0x1c4 load address 0x08002b64
                0x2000000c                _sbss = .
                0x2000000c                __bss_start__ = _sbss
 *(.bss)
 *(.bss*)
 .bss.completed.1
                0x2000000c        0x1 c:/data/program files (x86)/arm gnu toolchain arm-none-eabi/11.3 rel1/bin/../lib/gcc/arm-none-eabi/11.3.1/thumb/v6-m/nofp/crtbegin.o
 *fill*         0x2000000d        0x3 
 .bss.object.0  0x20000010       0x18 c:/data/program files (x86)/arm gnu toolchain arm-none-eabi/11.3 rel1/bin/../lib/gcc/arm-none-eabi/11.3.1/thumb/v6-m/nofp/crtbegin.o
 .bss.hadc      0x20000028       0x40 build/main.o
                0x20000028                hadc
 .bss.hi2c1     0x20000068       0x4c build/main.o
                0x20000068                hi2c1
 .bss.hspi1     0x200000b4       0x64 build/main.o
                0x200000b4                hspi1
 .bss.huart1    0x20000118       0x84 build/main.o
                0x20000118                huart1
 .bss.receiveData
                0x2000019c        0x3 build/main.o
                0x2000019c                receiveData
 *fill*         0x2000019f        0x1 
 .bss.rxLoRa    0x200001a0       0x2c build/main.o
                0x200001a0                rxLoRa
 .bss.uwTick    0x200001cc        0x4 build/stm32f0xx_hal.o
                0x200001cc                uwTick
 *(COMMON)
                0x200001d0                . = ALIGN (0x4)
                0x200001d0                _ebss = .
                0x200001d0                __bss_end__ = _ebss

._user_heap_stack
                0x200001d0      0x600 load address 0x08002b64
                0x200001d0                . = ALIGN (0x8)
                0x200001d0                PROVIDE (end = .)
                [!provide]                PROVIDE (_end = .)
                0x200003d0                . = (. + _Min_Heap_Size)
 *fill*         0x200001d0      0x200 
                0x200007d0                . = (. + _Min_Stack_Size)
 *fill*         0x200003d0      0x400 
                0x200007d0                . = ALIGN (0x8)

/DISCARD/
 libc.a(*)
 libm.a(*)
 libgcc.a(*)

.ARM.attributes
                0x00000000       0x28
 *(.ARM.attributes)
 .ARM.attributes
                0x00000000       0x1e c:/data/program files (x86)/arm gnu toolchain arm-none-eabi/11.3 rel1/bin/../lib/gcc/arm-none-eabi/11.3.1/thumb/v6-m/nofp/crti.o
 .ARM.attributes
                0x0000001e       0x2c c:/data/program files (x86)/arm gnu toolchain arm-none-eabi/11.3 rel1/bin/../lib/gcc/arm-none-eabi/11.3.1/thumb/v6-m/nofp/crtbegin.o
 .ARM.attributes
                0x0000004a       0x2c build/main.o
 .ARM.attributes
                0x00000076       0x2c build/LoRa.o
 .ARM.attributes
                0x000000a2       0x2c build/stm32f0xx_it.o
 .ARM.attributes
                0x000000ce       0x2c build/stm32f0xx_hal_msp.o
 .ARM.attributes
                0x000000fa       0x2c build/stm32f0xx_hal_adc.o
 .ARM.attributes
                0x00000126       0x2c build/stm32f0xx_hal_rcc.o
 .ARM.attributes
                0x00000152       0x2c build/stm32f0xx_hal_rcc_ex.o
 .ARM.attributes
                0x0000017e       0x2c build/stm32f0xx_hal.o
 .ARM.attributes
                0x000001aa       0x2c build/stm32f0xx_hal_i2c.o
 .ARM.attributes
                0x000001d6       0x2c build/stm32f0xx_hal_i2c_ex.o
 .ARM.attributes
                0x00000202       0x2c build/stm32f0xx_hal_gpio.o
 .ARM.attributes
                0x0000022e       0x2c build/stm32f0xx_hal_cortex.o
 .ARM.attributes
                0x0000025a       0x2c build/stm32f0xx_hal_spi.o
 .ARM.attributes
                0x00000286       0x2c build/stm32f0xx_hal_uart.o
 .ARM.attributes
                0x000002b2       0x2c build/system_stm32f0xx.o
 .ARM.attributes
                0x000002de       0x21 build/startup_stm32f030x6.o
 .ARM.attributes
                0x000002ff       0x2c c:/data/program files (x86)/arm gnu toolchain arm-none-eabi/11.3 rel1/bin/../lib/gcc/arm-none-eabi/11.3.1/thumb/v6-m/nofp\libc_nano.a(libc_a-memset.o)
 .ARM.attributes
                0x0000032b       0x2c c:/data/program files (x86)/arm gnu toolchain arm-none-eabi/11.3 rel1/bin/../lib/gcc/arm-none-eabi/11.3.1/thumb/v6-m/nofp\libc_nano.a(libc_a-init.o)
 .ARM.attributes
                0x00000357       0x1e c:/data/program files (x86)/arm gnu toolchain arm-none-eabi/11.3 rel1/bin/../lib/gcc/arm-none-eabi/11.3.1/thumb/v6-m/nofp\libgcc.a(_udivsi3.o)
 .ARM.attributes
                0x00000375       0x1e c:/data/program files (x86)/arm gnu toolchain arm-none-eabi/11.3 rel1/bin/../lib/gcc/arm-none-eabi/11.3.1/thumb/v6-m/nofp\libgcc.a(_divsi3.o)
 .ARM.attributes
                0x00000393       0x1e c:/data/program files (x86)/arm gnu toolchain arm-none-eabi/11.3 rel1/bin/../lib/gcc/arm-none-eabi/11.3.1/thumb/v6-m/nofp\libgcc.a(_dvmd_tls.o)
 .ARM.attributes
                0x000003b1       0x2c c:/data/program files (x86)/arm gnu toolchain arm-none-eabi/11.3 rel1/bin/../lib/gcc/arm-none-eabi/11.3.1/thumb/v6-m/nofp/crtend.o
 .ARM.attributes
                0x000003dd       0x1e c:/data/program files (x86)/arm gnu toolchain arm-none-eabi/11.3 rel1/bin/../lib/gcc/arm-none-eabi/11.3.1/thumb/v6-m/nofp/crtn.o
OUTPUT(build/Dongle.elf elf32-littlearm)
LOAD linker stubs
LOAD c:/data/program files (x86)/arm gnu toolchain arm-none-eabi/11.3 rel1/bin/../lib/gcc/arm-none-eabi/11.3.1/thumb/v6-m/nofp\libc.a
LOAD c:/data/program files (x86)/arm gnu toolchain arm-none-eabi/11.3 rel1/bin/../lib/gcc/arm-none-eabi/11.3.1/thumb/v6-m/nofp\libm.a
LOAD c:/data/program files (x86)/arm gnu toolchain arm-none-eabi/11.3 rel1/bin/../lib/gcc/arm-none-eabi/11.3.1/thumb/v6-m/nofp\libgcc.a

.comment        0x00000000       0x33
 .comment       0x00000000       0x33 c:/data/program files (x86)/arm gnu toolchain arm-none-eabi/11.3 rel1/bin/../lib/gcc/arm-none-eabi/11.3.1/thumb/v6-m/nofp/crtbegin.o
                                 0x34 (size before relaxing)
 .comment       0x00000033       0x34 build/main.o
 .comment       0x00000033       0x34 build/LoRa.o
 .comment       0x00000033       0x34 build/stm32f0xx_it.o
 .comment       0x00000033       0x34 build/stm32f0xx_hal_msp.o
 .comment       0x00000033       0x34 build/stm32f0xx_hal_adc.o
 .comment       0x00000033       0x34 build/stm32f0xx_hal_rcc.o
 .comment       0x00000033       0x34 build/stm32f0xx_hal_rcc_ex.o
 .comment       0x00000033       0x34 build/stm32f0xx_hal.o
 .comment       0x00000033       0x34 build/stm32f0xx_hal_i2c.o
 .comment       0x00000033       0x34 build/stm32f0xx_hal_i2c_ex.o
 .comment       0x00000033       0x34 build/stm32f0xx_hal_gpio.o
 .comment       0x00000033       0x34 build/stm32f0xx_hal_cortex.o
 .comment       0x00000033       0x34 build/stm32f0xx_hal_spi.o
 .comment       0x00000033       0x34 build/stm32f0xx_hal_uart.o
 .comment       0x00000033       0x34 build/system_stm32f0xx.o
 .comment       0x00000033       0x34 c:/data/program files (x86)/arm gnu toolchain arm-none-eabi/11.3 rel1/bin/../lib/gcc/arm-none-eabi/11.3.1/thumb/v6-m/nofp\libc_nano.a(libc_a-memset.o)
 .comment       0x00000033       0x34 c:/data/program files (x86)/arm gnu toolchain arm-none-eabi/11.3 rel1/bin/../lib/gcc/arm-none-eabi/11.3.1/thumb/v6-m/nofp\libc_nano.a(libc_a-init.o)
 .comment       0x00000033       0x34 c:/data/program files (x86)/arm gnu toolchain arm-none-eabi/11.3 rel1/bin/../lib/gcc/arm-none-eabi/11.3.1/thumb/v6-m/nofp/crtend.o

.debug_info     0x00000000    0x14880
 .debug_info    0x00000000     0x1d8a build/main.o
 .debug_info    0x00001d8a     0x185d build/LoRa.o
 .debug_info    0x000035e7      0x100 build/stm32f0xx_it.o
 .debug_info    0x000036e7     0x162e build/stm32f0xx_hal_msp.o
 .debug_info    0x00004d15     0x10d6 build/stm32f0xx_hal_adc.o
 .debug_info    0x00005deb      0xb47 build/stm32f0xx_hal_rcc.o
 .debug_info    0x00006932      0x41b build/stm32f0xx_hal_rcc_ex.o
 .debug_info    0x00006d4d      0x7f2 build/stm32f0xx_hal.o
 .debug_info    0x0000753f     0x418b build/stm32f0xx_hal_i2c.o
 .debug_info    0x0000b6ca      0x907 build/stm32f0xx_hal_i2c_ex.o
 .debug_info    0x0000bfd1      0x6c0 build/stm32f0xx_hal_gpio.o
 .debug_info    0x0000c691      0x88e build/stm32f0xx_hal_cortex.o
 .debug_info    0x0000cf1f     0x2344 build/stm32f0xx_hal_spi.o
 .debug_info    0x0000f263     0x50e6 build/stm32f0xx_hal_uart.o
 .debug_info    0x00014349      0x2bc build/system_stm32f0xx.o
 .debug_info    0x00014605       0x22 build/startup_stm32f030x6.o
 .debug_info    0x00014627       0xe0 c:/data/program files (x86)/arm gnu toolchain arm-none-eabi/11.3 rel1/bin/../lib/gcc/arm-none-eabi/11.3.1/thumb/v6-m/nofp\libc_nano.a(libc_a-memset.o)
 .debug_info    0x00014707      0x10b c:/data/program files (x86)/arm gnu toolchain arm-none-eabi/11.3 rel1/bin/../lib/gcc/arm-none-eabi/11.3.1/thumb/v6-m/nofp\libc_nano.a(libc_a-init.o)
 .debug_info    0x00014812       0x25 c:/data/program files (x86)/arm gnu toolchain arm-none-eabi/11.3 rel1/bin/../lib/gcc/arm-none-eabi/11.3.1/thumb/v6-m/nofp\libgcc.a(_udivsi3.o)
 .debug_info    0x00014837       0x25 c:/data/program files (x86)/arm gnu toolchain arm-none-eabi/11.3 rel1/bin/../lib/gcc/arm-none-eabi/11.3.1/thumb/v6-m/nofp\libgcc.a(_divsi3.o)
 .debug_info    0x0001485c       0x24 c:/data/program files (x86)/arm gnu toolchain arm-none-eabi/11.3 rel1/bin/../lib/gcc/arm-none-eabi/11.3.1/thumb/v6-m/nofp\libgcc.a(_dvmd_tls.o)

.debug_abbrev   0x00000000     0x2395
 .debug_abbrev  0x00000000      0x301 build/main.o
 .debug_abbrev  0x00000301      0x2c6 build/LoRa.o
 .debug_abbrev  0x000005c7       0x80 build/stm32f0xx_it.o
 .debug_abbrev  0x00000647      0x1fe build/stm32f0xx_hal_msp.o
 .debug_abbrev  0x00000845      0x265 build/stm32f0xx_hal_adc.o
 .debug_abbrev  0x00000aaa      0x2b4 build/stm32f0xx_hal_rcc.o
 .debug_abbrev  0x00000d5e      0x1aa build/stm32f0xx_hal_rcc_ex.o
 .debug_abbrev  0x00000f08      0x268 build/stm32f0xx_hal.o
 .debug_abbrev  0x00001170      0x2ee build/stm32f0xx_hal_i2c.o
 .debug_abbrev  0x0000145e      0x1c6 build/stm32f0xx_hal_i2c_ex.o
 .debug_abbrev  0x00001624      0x222 build/stm32f0xx_hal_gpio.o
 .debug_abbrev  0x00001846      0x2ab build/stm32f0xx_hal_cortex.o
 .debug_abbrev  0x00001af1      0x29e build/stm32f0xx_hal_spi.o
 .debug_abbrev  0x00001d8f      0x31d build/stm32f0xx_hal_uart.o
 .debug_abbrev  0x000020ac      0x134 build/system_stm32f0xx.o
 .debug_abbrev  0x000021e0       0x12 build/startup_stm32f030x6.o
 .debug_abbrev  0x000021f2       0x9e c:/data/program files (x86)/arm gnu toolchain arm-none-eabi/11.3 rel1/bin/../lib/gcc/arm-none-eabi/11.3.1/thumb/v6-m/nofp\libc_nano.a(libc_a-memset.o)
 .debug_abbrev  0x00002290       0xc9 c:/data/program files (x86)/arm gnu toolchain arm-none-eabi/11.3 rel1/bin/../lib/gcc/arm-none-eabi/11.3.1/thumb/v6-m/nofp\libc_nano.a(libc_a-init.o)
 .debug_abbrev  0x00002359       0x14 c:/data/program files (x86)/arm gnu toolchain arm-none-eabi/11.3 rel1/bin/../lib/gcc/arm-none-eabi/11.3.1/thumb/v6-m/nofp\libgcc.a(_udivsi3.o)
 .debug_abbrev  0x0000236d       0x14 c:/data/program files (x86)/arm gnu toolchain arm-none-eabi/11.3 rel1/bin/../lib/gcc/arm-none-eabi/11.3.1/thumb/v6-m/nofp\libgcc.a(_divsi3.o)
 .debug_abbrev  0x00002381       0x14 c:/data/program files (x86)/arm gnu toolchain arm-none-eabi/11.3 rel1/bin/../lib/gcc/arm-none-eabi/11.3.1/thumb/v6-m/nofp\libgcc.a(_dvmd_tls.o)

.debug_loc      0x00000000     0xf75e
 .debug_loc     0x00000000      0x180 build/main.o
 .debug_loc     0x00000180      0xe4f build/LoRa.o
 .debug_loc     0x00000fcf       0x20 build/stm32f0xx_it.o
 .debug_loc     0x00000fef      0x364 build/stm32f0xx_hal_msp.o
 .debug_loc     0x00001353     0x10bc build/stm32f0xx_hal_adc.o
 .debug_loc     0x0000240f      0x737 build/stm32f0xx_hal_rcc.o
 .debug_loc     0x00002b46      0x3e3 build/stm32f0xx_hal_rcc_ex.o
 .debug_loc     0x00002f29      0x1e1 build/stm32f0xx_hal.o
 .debug_loc     0x0000310a     0x5495 build/stm32f0xx_hal_i2c.o
 .debug_loc     0x0000859f      0x1d2 build/stm32f0xx_hal_i2c_ex.o
 .debug_loc     0x00008771      0x44a build/stm32f0xx_hal_gpio.o
 .debug_loc     0x00008bbb      0x473 build/stm32f0xx_hal_cortex.o
 .debug_loc     0x0000902e     0x2675 build/stm32f0xx_hal_spi.o
 .debug_loc     0x0000b6a3     0x3f47 build/stm32f0xx_hal_uart.o
 .debug_loc     0x0000f5ea      0x174 build/system_stm32f0xx.o

.debug_aranges  0x00000000      0xca0
 .debug_aranges
                0x00000000       0x60 build/main.o
 .debug_aranges
                0x00000060       0xb0 build/LoRa.o
 .debug_aranges
                0x00000110       0x40 build/stm32f0xx_it.o
 .debug_aranges
                0x00000150       0x60 build/stm32f0xx_hal_msp.o
 .debug_aranges
                0x000001b0       0xf8 build/stm32f0xx_hal_adc.o
 .debug_aranges
                0x000002a8       0x80 build/stm32f0xx_hal_rcc.o
 .debug_aranges
                0x00000328       0x30 build/stm32f0xx_hal_rcc_ex.o
 .debug_aranges
                0x00000358       0xd0 build/stm32f0xx_hal.o
 .debug_aranges
                0x00000428      0x290 build/stm32f0xx_hal_i2c.o
 .debug_aranges
                0x000006b8       0x38 build/stm32f0xx_hal_i2c_ex.o
 .debug_aranges
                0x000006f0       0x58 build/stm32f0xx_hal_gpio.o
 .debug_aranges
                0x00000748       0x78 build/stm32f0xx_hal_cortex.o
 .debug_aranges
                0x000007c0      0x1d8 build/stm32f0xx_hal_spi.o
 .debug_aranges
                0x00000998      0x218 build/stm32f0xx_hal_uart.o
 .debug_aranges
                0x00000bb0       0x28 build/system_stm32f0xx.o
 .debug_aranges
                0x00000bd8       0x28 build/startup_stm32f030x6.o
 .debug_aranges
                0x00000c00       0x20 c:/data/program files (x86)/arm gnu toolchain arm-none-eabi/11.3 rel1/bin/../lib/gcc/arm-none-eabi/11.3.1/thumb/v6-m/nofp\libc_nano.a(libc_a-memset.o)
 .debug_aranges
                0x00000c20       0x20 c:/data/program files (x86)/arm gnu toolchain arm-none-eabi/11.3 rel1/bin/../lib/gcc/arm-none-eabi/11.3.1/thumb/v6-m/nofp\libc_nano.a(libc_a-init.o)
 .debug_aranges
                0x00000c40       0x20 c:/data/program files (x86)/arm gnu toolchain arm-none-eabi/11.3 rel1/bin/../lib/gcc/arm-none-eabi/11.3.1/thumb/v6-m/nofp\libgcc.a(_udivsi3.o)
 .debug_aranges
                0x00000c60       0x20 c:/data/program files (x86)/arm gnu toolchain arm-none-eabi/11.3 rel1/bin/../lib/gcc/arm-none-eabi/11.3.1/thumb/v6-m/nofp\libgcc.a(_divsi3.o)
 .debug_aranges
                0x00000c80       0x20 c:/data/program files (x86)/arm gnu toolchain arm-none-eabi/11.3 rel1/bin/../lib/gcc/arm-none-eabi/11.3.1/thumb/v6-m/nofp\libgcc.a(_dvmd_tls.o)

.debug_ranges   0x00000000      0xb98
 .debug_ranges  0x00000000       0x50 build/main.o
 .debug_ranges  0x00000050       0xa0 build/LoRa.o
 .debug_ranges  0x000000f0       0x30 build/stm32f0xx_it.o
 .debug_ranges  0x00000120       0x50 build/stm32f0xx_hal_msp.o
 .debug_ranges  0x00000170       0xe8 build/stm32f0xx_hal_adc.o
 .debug_ranges  0x00000258       0x88 build/stm32f0xx_hal_rcc.o
 .debug_ranges  0x000002e0       0x38 build/stm32f0xx_hal_rcc_ex.o
 .debug_ranges  0x00000318       0xc0 build/stm32f0xx_hal.o
 .debug_ranges  0x000003d8      0x280 build/stm32f0xx_hal_i2c.o
 .debug_ranges  0x00000658       0x28 build/stm32f0xx_hal_i2c_ex.o
 .debug_ranges  0x00000680       0x48 build/stm32f0xx_hal_gpio.o
 .debug_ranges  0x000006c8       0xc8 build/stm32f0xx_hal_cortex.o
 .debug_ranges  0x00000790      0x1c8 build/stm32f0xx_hal_spi.o
 .debug_ranges  0x00000958      0x208 build/stm32f0xx_hal_uart.o
 .debug_ranges  0x00000b60       0x18 build/system_stm32f0xx.o
 .debug_ranges  0x00000b78       0x20 build/startup_stm32f030x6.o

.debug_line     0x00000000     0xff62
 .debug_line    0x00000000      0x7e6 build/main.o
 .debug_line    0x000007e6      0x846 build/LoRa.o
 .debug_line    0x0000102c       0xf5 build/stm32f0xx_it.o
 .debug_line    0x00001121      0x4a3 build/stm32f0xx_hal_msp.o
 .debug_line    0x000015c4     0x1001 build/stm32f0xx_hal_adc.o
 .debug_line    0x000025c5      0xbb5 build/stm32f0xx_hal_rcc.o
 .debug_line    0x0000317a      0x4a6 build/stm32f0xx_hal_rcc_ex.o
 .debug_line    0x00003620      0x51a build/stm32f0xx_hal.o
 .debug_line    0x00003b3a     0x49d5 build/stm32f0xx_hal_i2c.o
 .debug_line    0x0000850f      0x3b5 build/stm32f0xx_hal_i2c_ex.o
 .debug_line    0x000088c4      0x69d build/stm32f0xx_hal_gpio.o
 .debug_line    0x00008f61      0x526 build/stm32f0xx_hal_cortex.o
 .debug_line    0x00009487     0x289a build/stm32f0xx_hal_spi.o
 .debug_line    0x0000bd21     0x3bab build/stm32f0xx_hal_uart.o
 .debug_line    0x0000f8cc      0x237 build/system_stm32f0xx.o
 .debug_line    0x0000fb03       0x77 build/startup_stm32f030x6.o
 .debug_line    0x0000fb7a      0x170 c:/data/program files (x86)/arm gnu toolchain arm-none-eabi/11.3 rel1/bin/../lib/gcc/arm-none-eabi/11.3.1/thumb/v6-m/nofp\libc_nano.a(libc_a-memset.o)
 .debug_line    0x0000fcea      0x17b c:/data/program files (x86)/arm gnu toolchain arm-none-eabi/11.3 rel1/bin/../lib/gcc/arm-none-eabi/11.3.1/thumb/v6-m/nofp\libc_nano.a(libc_a-init.o)
 .debug_line    0x0000fe65       0x56 c:/data/program files (x86)/arm gnu toolchain arm-none-eabi/11.3 rel1/bin/../lib/gcc/arm-none-eabi/11.3.1/thumb/v6-m/nofp\libgcc.a(_udivsi3.o)
 .debug_line    0x0000febb       0x5d c:/data/program files (x86)/arm gnu toolchain arm-none-eabi/11.3 rel1/bin/../lib/gcc/arm-none-eabi/11.3.1/thumb/v6-m/nofp\libgcc.a(_divsi3.o)
 .debug_line    0x0000ff18       0x4a c:/data/program files (x86)/arm gnu toolchain arm-none-eabi/11.3 rel1/bin/../lib/gcc/arm-none-eabi/11.3.1/thumb/v6-m/nofp\libgcc.a(_dvmd_tls.o)

.debug_str      0x00000000     0x37ef
 .debug_str     0x00000000      0xfab build/main.o
                               0x10cb (size before relaxing)
 .debug_str     0x00000fab      0x185 build/LoRa.o
                                0x8a9 (size before relaxing)
 .debug_str     0x00001130       0x6d build/stm32f0xx_it.o
                                0x1c1 (size before relaxing)
 .debug_str     0x0000119d       0xd3 build/stm32f0xx_hal_msp.o
                                0xd08 (size before relaxing)
 .debug_str     0x00001270      0x31b build/stm32f0xx_hal_adc.o
                                0x8d4 (size before relaxing)
 .debug_str     0x0000158b      0x22b build/stm32f0xx_hal_rcc.o
                                0x647 (size before relaxing)
 .debug_str     0x000017b6       0x8a build/stm32f0xx_hal_rcc_ex.o
                                0x39e (size before relaxing)
 .debug_str     0x00001840      0x3bc build/stm32f0xx_hal.o
                                0x661 (size before relaxing)
 .debug_str     0x00001bfc      0x880 build/stm32f0xx_hal_i2c.o
                                0xf61 (size before relaxing)
 .debug_str     0x0000247c       0x9c build/stm32f0xx_hal_i2c_ex.o
                                0x798 (size before relaxing)
 .debug_str     0x00002518       0xc4 build/stm32f0xx_hal_gpio.o
                                0x3e6 (size before relaxing)
 .debug_str     0x000025dc      0x260 build/stm32f0xx_hal_cortex.o
                                0x5a2 (size before relaxing)
 .debug_str     0x0000283c      0x510 build/stm32f0xx_hal_spi.o
                                0xbb4 (size before relaxing)
 .debug_str     0x00002d4c      0x73c build/stm32f0xx_hal_uart.o
                                0xe5c (size before relaxing)
 .debug_str     0x00003488       0x5c build/system_stm32f0xx.o
                                0x263 (size before relaxing)
 .debug_str     0x000034e4       0x22 build/startup_stm32f030x6.o
                                 0x60 (size before relaxing)
 .debug_str     0x00003506      0x169 c:/data/program files (x86)/arm gnu toolchain arm-none-eabi/11.3 rel1/bin/../lib/gcc/arm-none-eabi/11.3.1/thumb/v6-m/nofp\libc_nano.a(libc_a-memset.o)
                                0x205 (size before relaxing)
 .debug_str     0x0000366f       0xb7 c:/data/program files (x86)/arm gnu toolchain arm-none-eabi/11.3 rel1/bin/../lib/gcc/arm-none-eabi/11.3.1/thumb/v6-m/nofp\libc_nano.a(libc_a-init.o)
                                0x266 (size before relaxing)
 .debug_str     0x00003726       0xc9 c:/data/program files (x86)/arm gnu toolchain arm-none-eabi/11.3 rel1/bin/../lib/gcc/arm-none-eabi/11.3.1/thumb/v6-m/nofp\libgcc.a(_udivsi3.o)
                                 0xd5 (size before relaxing)
 .debug_str     0x000037ef       0xd5 c:/data/program files (x86)/arm gnu toolchain arm-none-eabi/11.3 rel1/bin/../lib/gcc/arm-none-eabi/11.3.1/thumb/v6-m/nofp\libgcc.a(_divsi3.o)
 .debug_str     0x000037ef       0xd5 c:/data/program files (x86)/arm gnu toolchain arm-none-eabi/11.3 rel1/bin/../lib/gcc/arm-none-eabi/11.3.1/thumb/v6-m/nofp\libgcc.a(_dvmd_tls.o)

.debug_frame    0x00000000     0x2134
 .debug_frame   0x00000000       0xf8 build/main.o
 .debug_frame   0x000000f8      0x218 build/LoRa.o
 .debug_frame   0x00000310       0x68 build/stm32f0xx_it.o
 .debug_frame   0x00000378       0xf4 build/stm32f0xx_hal_msp.o
 .debug_frame   0x0000046c      0x2a0 build/stm32f0xx_hal_adc.o
 .debug_frame   0x0000070c      0x13c build/stm32f0xx_hal_rcc.o
 .debug_frame   0x00000848       0x58 build/stm32f0xx_hal_rcc_ex.o
 .debug_frame   0x000008a0      0x1ac build/stm32f0xx_hal.o
 .debug_frame   0x00000a4c      0x860 build/stm32f0xx_hal_i2c.o
 .debug_frame   0x000012ac       0x78 build/stm32f0xx_hal_i2c_ex.o
 .debug_frame   0x00001324       0xc0 build/stm32f0xx_hal_gpio.o
 .debug_frame   0x000013e4       0xe4 build/stm32f0xx_hal_cortex.o
 .debug_frame   0x000014c8      0x5a4 build/stm32f0xx_hal_spi.o
 .debug_frame   0x00001a6c      0x604 build/stm32f0xx_hal_uart.o
 .debug_frame   0x00002070       0x38 build/system_stm32f0xx.o
 .debug_frame   0x000020a8       0x20 c:/data/program files (x86)/arm gnu toolchain arm-none-eabi/11.3 rel1/bin/../lib/gcc/arm-none-eabi/11.3.1/thumb/v6-m/nofp\libc_nano.a(libc_a-memset.o)
 .debug_frame   0x000020c8       0x2c c:/data/program files (x86)/arm gnu toolchain arm-none-eabi/11.3 rel1/bin/../lib/gcc/arm-none-eabi/11.3.1/thumb/v6-m/nofp\libc_nano.a(libc_a-init.o)
 .debug_frame   0x000020f4       0x20 c:/data/program files (x86)/arm gnu toolchain arm-none-eabi/11.3 rel1/bin/../lib/gcc/arm-none-eabi/11.3.1/thumb/v6-m/nofp\libgcc.a(_udivsi3.o)
 .debug_frame   0x00002114       0x20 c:/data/program files (x86)/arm gnu toolchain arm-none-eabi/11.3 rel1/bin/../lib/gcc/arm-none-eabi/11.3.1/thumb/v6-m/nofp\libgcc.a(_divsi3.o)

.debug_loclists
                0x00000000       0xb0
 .debug_loclists
                0x00000000       0x6e c:/data/program files (x86)/arm gnu toolchain arm-none-eabi/11.3 rel1/bin/../lib/gcc/arm-none-eabi/11.3.1/thumb/v6-m/nofp\libc_nano.a(libc_a-memset.o)
 .debug_loclists
                0x0000006e       0x42 c:/data/program files (x86)/arm gnu toolchain arm-none-eabi/11.3 rel1/bin/../lib/gcc/arm-none-eabi/11.3.1/thumb/v6-m/nofp\libc_nano.a(libc_a-init.o)

.debug_rnglists
                0x00000000       0x26
 .debug_rnglists
                0x00000000       0x13 c:/data/program files (x86)/arm gnu toolchain arm-none-eabi/11.3 rel1/bin/../lib/gcc/arm-none-eabi/11.3.1/thumb/v6-m/nofp\libc_nano.a(libc_a-memset.o)
 .debug_rnglists
                0x00000013       0x13 c:/data/program files (x86)/arm gnu toolchain arm-none-eabi/11.3 rel1/bin/../lib/gcc/arm-none-eabi/11.3.1/thumb/v6-m/nofp\libc_nano.a(libc_a-init.o)

.debug_line_str
                0x00000000       0xc9
 .debug_line_str
                0x00000000       0xc9 c:/data/program files (x86)/arm gnu toolchain arm-none-eabi/11.3 rel1/bin/../lib/gcc/arm-none-eabi/11.3.1/thumb/v6-m/nofp\libgcc.a(_udivsi3.o)
                                 0xd5 (size before relaxing)
 .debug_line_str
                0x000000c9       0xd5 c:/data/program files (x86)/arm gnu toolchain arm-none-eabi/11.3 rel1/bin/../lib/gcc/arm-none-eabi/11.3.1/thumb/v6-m/nofp\libgcc.a(_divsi3.o)
 .debug_line_str
                0x000000c9       0xd5 c:/data/program files (x86)/arm gnu toolchain arm-none-eabi/11.3 rel1/bin/../lib/gcc/arm-none-eabi/11.3.1/thumb/v6-m/nofp\libgcc.a(_dvmd_tls.o)

Cross Reference Table

Symbol                                            File
ADC1_IRQHandler                                   build/startup_stm32f030x6.o
AHBPrescTable                                     build/system_stm32f0xx.o
                                                  build/stm32f0xx_hal_rcc.o
APBPrescTable                                     build/system_stm32f0xx.o
                                                  build/stm32f0xx_hal_rcc.o
DMA1_Channel1_IRQHandler                          build/startup_stm32f030x6.o
DMA1_Channel2_3_IRQHandler                        build/startup_stm32f030x6.o
DMA1_Channel4_5_IRQHandler                        build/startup_stm32f030x6.o
Default_Handler                                   build/startup_stm32f030x6.o
EXTI0_1_IRQHandler                                build/startup_stm32f030x6.o
EXTI2_3_IRQHandler                                build/startup_stm32f030x6.o
EXTI4_15_IRQHandler                               build/startup_stm32f030x6.o
Error_Handler                                     build/main.o
FLASH_IRQHandler                                  build/startup_stm32f030x6.o
FLASH_PageErase                                   build/stm32f0xx_hal_flash_ex.o
                                                  build/stm32f0xx_hal_flash.o
FLASH_WaitForLastOperation                        build/stm32f0xx_hal_flash.o
                                                  build/stm32f0xx_hal_flash_ex.o
HAL_ADCEx_Calibration_Start                       build/stm32f0xx_hal_adc_ex.o
HAL_ADC_AnalogWDGConfig                           build/stm32f0xx_hal_adc.o
HAL_ADC_ConfigChannel                             build/stm32f0xx_hal_adc.o
                                                  build/main.o
HAL_ADC_ConvCpltCallback                          build/stm32f0xx_hal_adc.o
HAL_ADC_ConvHalfCpltCallback                      build/stm32f0xx_hal_adc.o
HAL_ADC_DeInit                                    build/stm32f0xx_hal_adc.o
HAL_ADC_ErrorCallback                             build/stm32f0xx_hal_adc.o
HAL_ADC_GetError                                  build/stm32f0xx_hal_adc.o
HAL_ADC_GetState                                  build/stm32f0xx_hal_adc.o
HAL_ADC_GetValue                                  build/stm32f0xx_hal_adc.o
HAL_ADC_IRQHandler                                build/stm32f0xx_hal_adc.o
HAL_ADC_Init                                      build/stm32f0xx_hal_adc.o
                                                  build/main.o
HAL_ADC_LevelOutOfWindowCallback                  build/stm32f0xx_hal_adc.o
HAL_ADC_MspDeInit                                 build/stm32f0xx_hal_msp.o
HAL_ADC_MspInit                                   build/stm32f0xx_hal_msp.o
HAL_ADC_PollForConversion                         build/stm32f0xx_hal_adc.o
HAL_ADC_PollForEvent                              build/stm32f0xx_hal_adc.o
HAL_ADC_Start                                     build/stm32f0xx_hal_adc.o
HAL_ADC_Start_DMA                                 build/stm32f0xx_hal_adc.o
HAL_ADC_Start_IT                                  build/stm32f0xx_hal_adc.o
HAL_ADC_Stop                                      build/stm32f0xx_hal_adc.o
HAL_ADC_Stop_DMA                                  build/stm32f0xx_hal_adc.o
HAL_ADC_Stop_IT                                   build/stm32f0xx_hal_adc.o
HAL_DBGMCU_DisableDBGStandbyMode                  build/stm32f0xx_hal.o
HAL_DBGMCU_DisableDBGStopMode                     build/stm32f0xx_hal.o
HAL_DBGMCU_EnableDBGStandbyMode                   build/stm32f0xx_hal.o
HAL_DBGMCU_EnableDBGStopMode                      build/stm32f0xx_hal.o
HAL_DMA_Abort                                     build/stm32f0xx_hal_dma.o
                                                  build/stm32f0xx_hal_uart.o
                                                  build/stm32f0xx_hal_spi.o
                                                  build/stm32f0xx_hal_adc.o
HAL_DMA_Abort_IT                                  build/stm32f0xx_hal_dma.o
                                                  build/stm32f0xx_hal_uart.o
                                                  build/stm32f0xx_hal_spi.o
                                                  build/stm32f0xx_hal_i2c.o
HAL_DMA_DeInit                                    build/stm32f0xx_hal_dma.o
HAL_DMA_GetError                                  build/stm32f0xx_hal_dma.o
                                                  build/stm32f0xx_hal_uart.o
HAL_DMA_GetState                                  build/stm32f0xx_hal_dma.o
                                                  build/stm32f0xx_hal_i2c.o
HAL_DMA_IRQHandler                                build/stm32f0xx_hal_dma.o
HAL_DMA_Init                                      build/stm32f0xx_hal_dma.o
HAL_DMA_PollForTransfer                           build/stm32f0xx_hal_dma.o
HAL_DMA_RegisterCallback                          build/stm32f0xx_hal_dma.o
HAL_DMA_Start                                     build/stm32f0xx_hal_dma.o
HAL_DMA_Start_IT                                  build/stm32f0xx_hal_dma.o
                                                  build/stm32f0xx_hal_uart.o
                                                  build/stm32f0xx_hal_spi.o
                                                  build/stm32f0xx_hal_i2c.o
                                                  build/stm32f0xx_hal_adc.o
HAL_DMA_UnRegisterCallback                        build/stm32f0xx_hal_dma.o
HAL_DeInit                                        build/stm32f0xx_hal.o
HAL_Delay                                         build/stm32f0xx_hal.o
                                                  build/LoRa.o
HAL_EXTI_ClearConfigLine                          build/stm32f0xx_hal_exti.o
HAL_EXTI_ClearPending                             build/stm32f0xx_hal_exti.o
HAL_EXTI_GenerateSWI                              build/stm32f0xx_hal_exti.o
HAL_EXTI_GetConfigLine                            build/stm32f0xx_hal_exti.o
HAL_EXTI_GetHandle                                build/stm32f0xx_hal_exti.o
HAL_EXTI_GetPending                               build/stm32f0xx_hal_exti.o
HAL_EXTI_IRQHandler                               build/stm32f0xx_hal_exti.o
HAL_EXTI_RegisterCallback                         build/stm32f0xx_hal_exti.o
HAL_EXTI_SetConfigLine                            build/stm32f0xx_hal_exti.o
HAL_FLASHEx_Erase                                 build/stm32f0xx_hal_flash_ex.o
HAL_FLASHEx_Erase_IT                              build/stm32f0xx_hal_flash_ex.o
HAL_FLASHEx_OBErase                               build/stm32f0xx_hal_flash_ex.o
HAL_FLASHEx_OBGetConfig                           build/stm32f0xx_hal_flash_ex.o
HAL_FLASHEx_OBGetUserData                         build/stm32f0xx_hal_flash_ex.o
HAL_FLASHEx_OBProgram                             build/stm32f0xx_hal_flash_ex.o
HAL_FLASH_EndOfOperationCallback                  build/stm32f0xx_hal_flash.o
HAL_FLASH_GetError                                build/stm32f0xx_hal_flash.o
HAL_FLASH_IRQHandler                              build/stm32f0xx_hal_flash.o
HAL_FLASH_Lock                                    build/stm32f0xx_hal_flash.o
HAL_FLASH_OB_Launch                               build/stm32f0xx_hal_flash.o
HAL_FLASH_OB_Lock                                 build/stm32f0xx_hal_flash.o
HAL_FLASH_OB_Unlock                               build/stm32f0xx_hal_flash.o
HAL_FLASH_OperationErrorCallback                  build/stm32f0xx_hal_flash.o
HAL_FLASH_Program                                 build/stm32f0xx_hal_flash.o
HAL_FLASH_Program_IT                              build/stm32f0xx_hal_flash.o
HAL_FLASH_Unlock                                  build/stm32f0xx_hal_flash.o
HAL_GPIO_DeInit                                   build/stm32f0xx_hal_gpio.o
                                                  build/stm32f0xx_hal_msp.o
HAL_GPIO_EXTI_Callback                            build/main.o
HAL_GPIO_EXTI_IRQHandler                          build/stm32f0xx_hal_gpio.o
HAL_GPIO_Init                                     build/stm32f0xx_hal_gpio.o
                                                  build/stm32f0xx_hal_rcc.o
                                                  build/stm32f0xx_hal_msp.o
                                                  build/main.o
HAL_GPIO_LockPin                                  build/stm32f0xx_hal_gpio.o
HAL_GPIO_ReadPin                                  build/stm32f0xx_hal_gpio.o
HAL_GPIO_TogglePin                                build/stm32f0xx_hal_gpio.o
HAL_GPIO_WritePin                                 build/stm32f0xx_hal_gpio.o
                                                  build/LoRa.o
                                                  build/main.o
HAL_GetDEVID                                      build/stm32f0xx_hal.o
HAL_GetHalVersion                                 build/stm32f0xx_hal.o
HAL_GetREVID                                      build/stm32f0xx_hal.o
HAL_GetTick                                       build/stm32f0xx_hal.o
                                                  build/stm32f0xx_hal_uart_ex.o
                                                  build/stm32f0xx_hal_uart.o
                                                  build/stm32f0xx_hal_spi.o
                                                  build/stm32f0xx_hal_flash.o
                                                  build/stm32f0xx_hal_dma.o
                                                  build/stm32f0xx_hal_i2c.o
                                                  build/stm32f0xx_hal_rcc_ex.o
                                                  build/stm32f0xx_hal_rcc.o
                                                  build/stm32f0xx_hal_adc_ex.o
                                                  build/stm32f0xx_hal_adc.o
HAL_GetTickFreq                                   build/stm32f0xx_hal.o
HAL_GetTickPrio                                   build/stm32f0xx_hal.o
HAL_GetUIDw0                                      build/stm32f0xx_hal.o
HAL_GetUIDw1                                      build/stm32f0xx_hal.o
HAL_GetUIDw2                                      build/stm32f0xx_hal.o
HAL_HalfDuplex_EnableReceiver                     build/stm32f0xx_hal_uart.o
HAL_HalfDuplex_EnableTransmitter                  build/stm32f0xx_hal_uart.o
HAL_HalfDuplex_Init                               build/stm32f0xx_hal_uart.o
HAL_I2CEx_ConfigAnalogFilter                      build/stm32f0xx_hal_i2c_ex.o
                                                  build/main.o
HAL_I2CEx_ConfigDigitalFilter                     build/stm32f0xx_hal_i2c_ex.o
                                                  build/main.o
HAL_I2CEx_DisableFastModePlus                     build/stm32f0xx_hal_i2c_ex.o
HAL_I2CEx_EnableFastModePlus                      build/stm32f0xx_hal_i2c_ex.o
HAL_I2C_AbortCpltCallback                         build/stm32f0xx_hal_i2c.o
HAL_I2C_AddrCallback                              build/stm32f0xx_hal_i2c.o
HAL_I2C_DeInit                                    build/stm32f0xx_hal_i2c.o
HAL_I2C_DisableListen_IT                          build/stm32f0xx_hal_i2c.o
HAL_I2C_ER_IRQHandler                             build/stm32f0xx_hal_i2c.o
HAL_I2C_EV_IRQHandler                             build/stm32f0xx_hal_i2c.o
HAL_I2C_EnableListen_IT                           build/stm32f0xx_hal_i2c.o
HAL_I2C_ErrorCallback                             build/stm32f0xx_hal_i2c.o
HAL_I2C_GetError                                  build/stm32f0xx_hal_i2c.o
HAL_I2C_GetMode                                   build/stm32f0xx_hal_i2c.o
HAL_I2C_GetState                                  build/stm32f0xx_hal_i2c.o
HAL_I2C_Init                                      build/stm32f0xx_hal_i2c.o
                                                  build/main.o
HAL_I2C_IsDeviceReady                             build/stm32f0xx_hal_i2c.o
HAL_I2C_ListenCpltCallback                        build/stm32f0xx_hal_i2c.o
HAL_I2C_MasterRxCpltCallback                      build/stm32f0xx_hal_i2c.o
HAL_I2C_MasterTxCpltCallback                      build/stm32f0xx_hal_i2c.o
HAL_I2C_Master_Abort_IT                           build/stm32f0xx_hal_i2c.o
HAL_I2C_Master_Receive                            build/stm32f0xx_hal_i2c.o
HAL_I2C_Master_Receive_DMA                        build/stm32f0xx_hal_i2c.o
HAL_I2C_Master_Receive_IT                         build/stm32f0xx_hal_i2c.o
HAL_I2C_Master_Seq_Receive_DMA                    build/stm32f0xx_hal_i2c.o
HAL_I2C_Master_Seq_Receive_IT                     build/stm32f0xx_hal_i2c.o
HAL_I2C_Master_Seq_Transmit_DMA                   build/stm32f0xx_hal_i2c.o
HAL_I2C_Master_Seq_Transmit_IT                    build/stm32f0xx_hal_i2c.o
HAL_I2C_Master_Transmit                           build/stm32f0xx_hal_i2c.o
HAL_I2C_Master_Transmit_DMA                       build/stm32f0xx_hal_i2c.o
HAL_I2C_Master_Transmit_IT                        build/stm32f0xx_hal_i2c.o
HAL_I2C_MemRxCpltCallback                         build/stm32f0xx_hal_i2c.o
HAL_I2C_MemTxCpltCallback                         build/stm32f0xx_hal_i2c.o
HAL_I2C_Mem_Read                                  build/stm32f0xx_hal_i2c.o
HAL_I2C_Mem_Read_DMA                              build/stm32f0xx_hal_i2c.o
HAL_I2C_Mem_Read_IT                               build/stm32f0xx_hal_i2c.o
HAL_I2C_Mem_Write                                 build/stm32f0xx_hal_i2c.o
HAL_I2C_Mem_Write_DMA                             build/stm32f0xx_hal_i2c.o
HAL_I2C_Mem_Write_IT                              build/stm32f0xx_hal_i2c.o
HAL_I2C_MspDeInit                                 build/stm32f0xx_hal_msp.o
HAL_I2C_MspInit                                   build/stm32f0xx_hal_msp.o
HAL_I2C_SlaveRxCpltCallback                       build/stm32f0xx_hal_i2c.o
HAL_I2C_SlaveTxCpltCallback                       build/stm32f0xx_hal_i2c.o
HAL_I2C_Slave_Receive                             build/stm32f0xx_hal_i2c.o
HAL_I2C_Slave_Receive_DMA                         build/stm32f0xx_hal_i2c.o
HAL_I2C_Slave_Receive_IT                          build/stm32f0xx_hal_i2c.o
HAL_I2C_Slave_Seq_Receive_DMA                     build/stm32f0xx_hal_i2c.o
HAL_I2C_Slave_Seq_Receive_IT                      build/stm32f0xx_hal_i2c.o
HAL_I2C_Slave_Seq_Transmit_DMA                    build/stm32f0xx_hal_i2c.o
HAL_I2C_Slave_Seq_Transmit_IT                     build/stm32f0xx_hal_i2c.o
HAL_I2C_Slave_Transmit                            build/stm32f0xx_hal_i2c.o
HAL_I2C_Slave_Transmit_DMA                        build/stm32f0xx_hal_i2c.o
HAL_I2C_Slave_Transmit_IT                         build/stm32f0xx_hal_i2c.o
HAL_IncTick                                       build/stm32f0xx_hal.o
                                                  build/stm32f0xx_it.o
HAL_Init                                          build/stm32f0xx_hal.o
                                                  build/main.o
HAL_InitTick                                      build/stm32f0xx_hal.o
                                                  build/stm32f0xx_hal_rcc.o
HAL_MspDeInit                                     build/stm32f0xx_hal.o
HAL_MspInit                                       build/stm32f0xx_hal_msp.o
HAL_MultiProcessorEx_AddressLength_Set            build/stm32f0xx_hal_uart_ex.o
HAL_MultiProcessor_DisableMuteMode                build/stm32f0xx_hal_uart.o
HAL_MultiProcessor_EnableMuteMode                 build/stm32f0xx_hal_uart.o
HAL_MultiProcessor_EnterMuteMode                  build/stm32f0xx_hal_uart.o
HAL_MultiProcessor_Init                           build/stm32f0xx_hal_uart.o
HAL_NVIC_ClearPendingIRQ                          build/stm32f0xx_hal_cortex.o
HAL_NVIC_DisableIRQ                               build/stm32f0xx_hal_cortex.o
HAL_NVIC_EnableIRQ                                build/stm32f0xx_hal_cortex.o
HAL_NVIC_GetPendingIRQ                            build/stm32f0xx_hal_cortex.o
HAL_NVIC_GetPriority                              build/stm32f0xx_hal_cortex.o
HAL_NVIC_SetPendingIRQ                            build/stm32f0xx_hal_cortex.o
HAL_NVIC_SetPriority                              build/stm32f0xx_hal_cortex.o
                                                  build/stm32f0xx_hal.o
HAL_NVIC_SystemReset                              build/stm32f0xx_hal_cortex.o
HAL_PWR_DeInit                                    build/stm32f0xx_hal_pwr.o
HAL_PWR_DisableBkUpAccess                         build/stm32f0xx_hal_pwr.o
HAL_PWR_DisableSEVOnPend                          build/stm32f0xx_hal_pwr.o
HAL_PWR_DisableSleepOnExit                        build/stm32f0xx_hal_pwr.o
HAL_PWR_DisableWakeUpPin                          build/stm32f0xx_hal_pwr.o
HAL_PWR_EnableBkUpAccess                          build/stm32f0xx_hal_pwr.o
HAL_PWR_EnableSEVOnPend                           build/stm32f0xx_hal_pwr.o
HAL_PWR_EnableSleepOnExit                         build/stm32f0xx_hal_pwr.o
HAL_PWR_EnableWakeUpPin                           build/stm32f0xx_hal_pwr.o
HAL_PWR_EnterSLEEPMode                            build/stm32f0xx_hal_pwr.o
HAL_PWR_EnterSTANDBYMode                          build/stm32f0xx_hal_pwr.o
HAL_PWR_EnterSTOPMode                             build/stm32f0xx_hal_pwr.o
HAL_RCCEx_GetPeriphCLKConfig                      build/stm32f0xx_hal_rcc_ex.o
HAL_RCCEx_GetPeriphCLKFreq                        build/stm32f0xx_hal_rcc_ex.o
HAL_RCCEx_PeriphCLKConfig                         build/stm32f0xx_hal_rcc_ex.o
                                                  build/main.o
HAL_RCC_CSSCallback                               build/stm32f0xx_hal_rcc.o
HAL_RCC_ClockConfig                               build/stm32f0xx_hal_rcc.o
                                                  build/main.o
HAL_RCC_DeInit                                    build/stm32f0xx_hal_rcc.o
HAL_RCC_DisableCSS                                build/stm32f0xx_hal_rcc.o
HAL_RCC_EnableCSS                                 build/stm32f0xx_hal_rcc.o
HAL_RCC_GetClockConfig                            build/stm32f0xx_hal_rcc.o
HAL_RCC_GetHCLKFreq                               build/stm32f0xx_hal_rcc.o
HAL_RCC_GetOscConfig                              build/stm32f0xx_hal_rcc.o
HAL_RCC_GetPCLK1Freq                              build/stm32f0xx_hal_rcc.o
                                                  build/stm32f0xx_hal_uart.o
                                                  build/stm32f0xx_hal_rcc_ex.o
HAL_RCC_GetSysClockFreq                           build/stm32f0xx_hal_rcc.o
                                                  build/stm32f0xx_hal_uart.o
                                                  build/stm32f0xx_hal_rcc_ex.o
HAL_RCC_MCOConfig                                 build/stm32f0xx_hal_rcc.o
HAL_RCC_NMI_IRQHandler                            build/stm32f0xx_hal_rcc.o
HAL_RCC_OscConfig                                 build/stm32f0xx_hal_rcc.o
                                                  build/main.o
HAL_RS485Ex_Init                                  build/stm32f0xx_hal_uart_ex.o
HAL_ResumeTick                                    build/stm32f0xx_hal.o
HAL_SPIEx_FlushRxFifo                             build/stm32f0xx_hal_spi_ex.o
HAL_SPI_Abort                                     build/stm32f0xx_hal_spi.o
HAL_SPI_AbortCpltCallback                         build/stm32f0xx_hal_spi.o
HAL_SPI_Abort_IT                                  build/stm32f0xx_hal_spi.o
HAL_SPI_DMAPause                                  build/stm32f0xx_hal_spi.o
HAL_SPI_DMAResume                                 build/stm32f0xx_hal_spi.o
HAL_SPI_DMAStop                                   build/stm32f0xx_hal_spi.o
HAL_SPI_DeInit                                    build/stm32f0xx_hal_spi.o
HAL_SPI_ErrorCallback                             build/stm32f0xx_hal_spi.o
HAL_SPI_GetError                                  build/stm32f0xx_hal_spi.o
HAL_SPI_GetState                                  build/stm32f0xx_hal_spi.o
                                                  build/LoRa.o
HAL_SPI_IRQHandler                                build/stm32f0xx_hal_spi.o
HAL_SPI_Init                                      build/stm32f0xx_hal_spi.o
                                                  build/main.o
HAL_SPI_MspDeInit                                 build/stm32f0xx_hal_msp.o
HAL_SPI_MspInit                                   build/stm32f0xx_hal_msp.o
HAL_SPI_Receive                                   build/stm32f0xx_hal_spi.o
                                                  build/LoRa.o
HAL_SPI_Receive_DMA                               build/stm32f0xx_hal_spi.o
HAL_SPI_Receive_IT                                build/stm32f0xx_hal_spi.o
HAL_SPI_RxCpltCallback                            build/stm32f0xx_hal_spi.o
HAL_SPI_RxHalfCpltCallback                        build/stm32f0xx_hal_spi.o
HAL_SPI_Transmit                                  build/stm32f0xx_hal_spi.o
                                                  build/LoRa.o
HAL_SPI_TransmitReceive                           build/stm32f0xx_hal_spi.o
HAL_SPI_TransmitReceive_DMA                       build/stm32f0xx_hal_spi.o
HAL_SPI_TransmitReceive_IT                        build/stm32f0xx_hal_spi.o
HAL_SPI_Transmit_DMA                              build/stm32f0xx_hal_spi.o
HAL_SPI_Transmit_IT                               build/stm32f0xx_hal_spi.o
HAL_SPI_TxCpltCallback                            build/stm32f0xx_hal_spi.o
HAL_SPI_TxHalfCpltCallback                        build/stm32f0xx_hal_spi.o
HAL_SPI_TxRxCpltCallback                          build/stm32f0xx_hal_spi.o
HAL_SPI_TxRxHalfCpltCallback                      build/stm32f0xx_hal_spi.o
HAL_SYSTICK_CLKSourceConfig                       build/stm32f0xx_hal_cortex.o
HAL_SYSTICK_Callback                              build/stm32f0xx_hal_cortex.o
HAL_SYSTICK_Config                                build/stm32f0xx_hal_cortex.o
                                                  build/stm32f0xx_hal.o
HAL_SYSTICK_IRQHandler                            build/stm32f0xx_hal_cortex.o
HAL_SetTickFreq                                   build/stm32f0xx_hal.o
HAL_SuspendTick                                   build/stm32f0xx_hal.o
HAL_UARTEx_ReceiveToIdle                          build/stm32f0xx_hal_uart_ex.o
HAL_UARTEx_ReceiveToIdle_DMA                      build/stm32f0xx_hal_uart_ex.o
HAL_UARTEx_ReceiveToIdle_IT                       build/stm32f0xx_hal_uart_ex.o
HAL_UARTEx_RxEventCallback                        build/stm32f0xx_hal_uart.o
HAL_UART_Abort                                    build/stm32f0xx_hal_uart.o
HAL_UART_AbortCpltCallback                        build/stm32f0xx_hal_uart.o
HAL_UART_AbortReceive                             build/stm32f0xx_hal_uart.o
HAL_UART_AbortReceiveCpltCallback                 build/stm32f0xx_hal_uart.o
HAL_UART_AbortReceive_IT                          build/stm32f0xx_hal_uart.o
HAL_UART_AbortTransmit                            build/stm32f0xx_hal_uart.o
HAL_UART_AbortTransmitCpltCallback                build/stm32f0xx_hal_uart.o
HAL_UART_AbortTransmit_IT                         build/stm32f0xx_hal_uart.o
HAL_UART_Abort_IT                                 build/stm32f0xx_hal_uart.o
HAL_UART_DMAPause                                 build/stm32f0xx_hal_uart.o
HAL_UART_DMAResume                                build/stm32f0xx_hal_uart.o
HAL_UART_DMAStop                                  build/stm32f0xx_hal_uart.o
HAL_UART_DeInit                                   build/stm32f0xx_hal_uart.o
HAL_UART_DisableReceiverTimeout                   build/stm32f0xx_hal_uart.o
HAL_UART_EnableReceiverTimeout                    build/stm32f0xx_hal_uart.o
HAL_UART_ErrorCallback                            build/stm32f0xx_hal_uart.o
HAL_UART_GetError                                 build/stm32f0xx_hal_uart.o
HAL_UART_GetState                                 build/stm32f0xx_hal_uart.o
HAL_UART_IRQHandler                               build/stm32f0xx_hal_uart.o
HAL_UART_Init                                     build/stm32f0xx_hal_uart.o
                                                  build/main.o
HAL_UART_MspDeInit                                build/stm32f0xx_hal_msp.o
HAL_UART_MspInit                                  build/stm32f0xx_hal_msp.o
                                                  build/stm32f0xx_hal_uart_ex.o
HAL_UART_Receive                                  build/stm32f0xx_hal_uart.o
HAL_UART_Receive_DMA                              build/stm32f0xx_hal_uart.o
HAL_UART_Receive_IT                               build/stm32f0xx_hal_uart.o
HAL_UART_ReceiverTimeout_Config                   build/stm32f0xx_hal_uart.o
HAL_UART_RxCpltCallback                           build/stm32f0xx_hal_uart.o
HAL_UART_RxHalfCpltCallback                       build/stm32f0xx_hal_uart.o
HAL_UART_Transmit                                 build/stm32f0xx_hal_uart.o
HAL_UART_Transmit_DMA                             build/stm32f0xx_hal_uart.o
HAL_UART_Transmit_IT                              build/stm32f0xx_hal_uart.o
HAL_UART_TxCpltCallback                           build/stm32f0xx_hal_uart.o
HAL_UART_TxHalfCpltCallback                       build/stm32f0xx_hal_uart.o
HardFault_Handler                                 build/stm32f0xx_it.o
I2C1_IRQHandler                                   build/startup_stm32f030x6.o
LoRa_BurstWrite                                   build/LoRa.o
LoRa_getRSSI                                      build/LoRa.o
LoRa_gotoMode                                     build/LoRa.o
                                                  build/main.o
LoRa_init                                         build/LoRa.o
                                                  build/main.o
LoRa_isvalid                                      build/LoRa.o
LoRa_read                                         build/LoRa.o
LoRa_readReg                                      build/LoRa.o
LoRa_receive                                      build/LoRa.o
                                                  build/main.o
LoRa_reset                                        build/LoRa.o
                                                  build/main.o
LoRa_setFrequency                                 build/LoRa.o
LoRa_setOCP                                       build/LoRa.o
LoRa_setPower                                     build/LoRa.o
LoRa_setSpreadingFactor                           build/LoRa.o
LoRa_setTOMsb_setCRCon                            build/LoRa.o
LoRa_startReceiving                               build/LoRa.o
LoRa_transmit                                     build/LoRa.o
LoRa_write                                        build/LoRa.o
LoRa_writeReg                                     build/LoRa.o
NMI_Handler                                       build/stm32f0xx_it.o
PendSV_Handler                                    build/stm32f0xx_it.o
RCC_IRQHandler                                    build/startup_stm32f030x6.o
RTC_IRQHandler                                    build/startup_stm32f030x6.o
Reset_Handler                                     build/startup_stm32f030x6.o
SPI1_IRQHandler                                   build/startup_stm32f030x6.o
SVC_Handler                                       build/stm32f0xx_it.o
SysTick_Handler                                   build/stm32f0xx_it.o
SystemClock_Config                                build/main.o
SystemCoreClock                                   build/system_stm32f0xx.o
                                                  build/stm32f0xx_hal_spi.o
                                                  build/stm32f0xx_hal.o
                                                  build/stm32f0xx_hal_rcc.o
                                                  build/stm32f0xx_hal_adc.o
SystemCoreClockUpdate                             build/system_stm32f0xx.o
SystemInit                                        build/system_stm32f0xx.o
                                                  build/startup_stm32f030x6.o
TIM14_IRQHandler                                  build/startup_stm32f030x6.o
TIM16_IRQHandler                                  build/startup_stm32f030x6.o
TIM17_IRQHandler                                  build/startup_stm32f030x6.o
TIM1_BRK_UP_TRG_COM_IRQHandler                    build/startup_stm32f030x6.o
TIM1_CC_IRQHandler                                build/startup_stm32f030x6.o
TIM3_IRQHandler                                   build/startup_stm32f030x6.o
UART_AdvFeatureConfig                             build/stm32f0xx_hal_uart.o
                                                  build/stm32f0xx_hal_uart_ex.o
UART_CheckIdleState                               build/stm32f0xx_hal_uart.o
                                                  build/stm32f0xx_hal_uart_ex.o
UART_SetConfig                                    build/stm32f0xx_hal_uart.o
                                                  build/stm32f0xx_hal_uart_ex.o
UART_Start_Receive_DMA                            build/stm32f0xx_hal_uart.o
                                                  build/stm32f0xx_hal_uart_ex.o
UART_Start_Receive_IT                             build/stm32f0xx_hal_uart.o
                                                  build/stm32f0xx_hal_uart_ex.o
UART_WaitOnFlagUntilTimeout                       build/stm32f0xx_hal_uart.o
USART1_IRQHandler                                 build/startup_stm32f030x6.o
WWDG_IRQHandler                                   build/startup_stm32f030x6.o
_ITM_deregisterTMCloneTable                       c:/data/program files (x86)/arm gnu toolchain arm-none-eabi/11.3 rel1/bin/../lib/gcc/arm-none-eabi/11.3.1/thumb/v6-m/nofp/crtbegin.o
_ITM_registerTMCloneTable                         c:/data/program files (x86)/arm gnu toolchain arm-none-eabi/11.3 rel1/bin/../lib/gcc/arm-none-eabi/11.3.1/thumb/v6-m/nofp/crtbegin.o
__TMC_END__                                       c:/data/program files (x86)/arm gnu toolchain arm-none-eabi/11.3 rel1/bin/../lib/gcc/arm-none-eabi/11.3.1/thumb/v6-m/nofp/crtend.o
                                                  c:/data/program files (x86)/arm gnu toolchain arm-none-eabi/11.3 rel1/bin/../lib/gcc/arm-none-eabi/11.3.1/thumb/v6-m/nofp/crtbegin.o
__aeabi_idiv                                      c:/data/program files (x86)/arm gnu toolchain arm-none-eabi/11.3 rel1/bin/../lib/gcc/arm-none-eabi/11.3.1/thumb/v6-m/nofp\libgcc.a(_divsi3.o)
                                                  build/LoRa.o
__aeabi_idiv0                                     c:/data/program files (x86)/arm gnu toolchain arm-none-eabi/11.3 rel1/bin/../lib/gcc/arm-none-eabi/11.3.1/thumb/v6-m/nofp\libgcc.a(_dvmd_tls.o)
                                                  c:/data/program files (x86)/arm gnu toolchain arm-none-eabi/11.3 rel1/bin/../lib/gcc/arm-none-eabi/11.3.1/thumb/v6-m/nofp\libgcc.a(_divsi3.o)
                                                  c:/data/program files (x86)/arm gnu toolchain arm-none-eabi/11.3 rel1/bin/../lib/gcc/arm-none-eabi/11.3.1/thumb/v6-m/nofp\libgcc.a(_udivsi3.o)
__aeabi_idivmod                                   c:/data/program files (x86)/arm gnu toolchain arm-none-eabi/11.3 rel1/bin/../lib/gcc/arm-none-eabi/11.3.1/thumb/v6-m/nofp\libgcc.a(_divsi3.o)
__aeabi_ldiv0                                     c:/data/program files (x86)/arm gnu toolchain arm-none-eabi/11.3 rel1/bin/../lib/gcc/arm-none-eabi/11.3.1/thumb/v6-m/nofp\libgcc.a(_dvmd_tls.o)
__aeabi_uidiv                                     c:/data/program files (x86)/arm gnu toolchain arm-none-eabi/11.3 rel1/bin/../lib/gcc/arm-none-eabi/11.3.1/thumb/v6-m/nofp\libgcc.a(_udivsi3.o)
                                                  build/system_stm32f0xx.o
                                                  build/stm32f0xx_hal_uart.o
                                                  build/stm32f0xx_hal_spi.o
                                                  build/stm32f0xx_hal_dma.o
                                                  build/stm32f0xx_hal.o
                                                  build/stm32f0xx_hal_rcc.o
                                                  build/stm32f0xx_hal_adc.o
__aeabi_uidivmod                                  c:/data/program files (x86)/arm gnu toolchain arm-none-eabi/11.3 rel1/bin/../lib/gcc/arm-none-eabi/11.3.1/thumb/v6-m/nofp\libgcc.a(_udivsi3.o)
__bss_end__                                       c:/data/program files (x86)/arm gnu toolchain arm-none-eabi/11.3 rel1/bin/../lib/gcc/arm-none-eabi/11.3.1/thumb/v6-m/nofp/crt0.o
__bss_start__                                     c:/data/program files (x86)/arm gnu toolchain arm-none-eabi/11.3 rel1/bin/../lib/gcc/arm-none-eabi/11.3.1/thumb/v6-m/nofp/crt0.o
__call_exitprocs                                  c:/data/program files (x86)/arm gnu toolchain arm-none-eabi/11.3 rel1/bin/../lib/gcc/arm-none-eabi/11.3.1/thumb/v6-m/nofp\libc_nano.a(libc_a-exit.o)
__deregister_frame_info                           c:/data/program files (x86)/arm gnu toolchain arm-none-eabi/11.3 rel1/bin/../lib/gcc/arm-none-eabi/11.3.1/thumb/v6-m/nofp/crtbegin.o
__divsi3                                          c:/data/program files (x86)/arm gnu toolchain arm-none-eabi/11.3 rel1/bin/../lib/gcc/arm-none-eabi/11.3.1/thumb/v6-m/nofp\libgcc.a(_divsi3.o)
__dso_handle                                      c:/data/program files (x86)/arm gnu toolchain arm-none-eabi/11.3 rel1/bin/../lib/gcc/arm-none-eabi/11.3.1/thumb/v6-m/nofp/crtbegin.o
__fp_lock_all                                     c:/data/program files (x86)/arm gnu toolchain arm-none-eabi/11.3 rel1/bin/../lib/gcc/arm-none-eabi/11.3.1/thumb/v6-m/nofp\libc_nano.a(libc_a-findfp.o)
__fp_unlock_all                                   c:/data/program files (x86)/arm gnu toolchain arm-none-eabi/11.3 rel1/bin/../lib/gcc/arm-none-eabi/11.3.1/thumb/v6-m/nofp\libc_nano.a(libc_a-findfp.o)
__init_array_end                                  c:/data/program files (x86)/arm gnu toolchain arm-none-eabi/11.3 rel1/bin/../lib/gcc/arm-none-eabi/11.3.1/thumb/v6-m/nofp\libc_nano.a(libc_a-init.o)
__init_array_start                                c:/data/program files (x86)/arm gnu toolchain arm-none-eabi/11.3 rel1/bin/../lib/gcc/arm-none-eabi/11.3.1/thumb/v6-m/nofp\libc_nano.a(libc_a-init.o)
__libc_fini_array                                 c:/data/program files (x86)/arm gnu toolchain arm-none-eabi/11.3 rel1/bin/../lib/gcc/arm-none-eabi/11.3.1/thumb/v6-m/nofp/crt0.o
__libc_init_array                                 c:/data/program files (x86)/arm gnu toolchain arm-none-eabi/11.3 rel1/bin/../lib/gcc/arm-none-eabi/11.3.1/thumb/v6-m/nofp\libc_nano.a(libc_a-init.o)
                                                  build/startup_stm32f030x6.o
                                                  c:/data/program files (x86)/arm gnu toolchain arm-none-eabi/11.3 rel1/bin/../lib/gcc/arm-none-eabi/11.3.1/thumb/v6-m/nofp/crt0.o
__lock___arc4random_mutex                         c:/data/program files (x86)/arm gnu toolchain arm-none-eabi/11.3 rel1/bin/../lib/gcc/arm-none-eabi/11.3.1/thumb/v6-m/nofp\libc_nano.a(libc_a-lock.o)
__lock___at_quick_exit_mutex                      c:/data/program files (x86)/arm gnu toolchain arm-none-eabi/11.3 rel1/bin/../lib/gcc/arm-none-eabi/11.3.1/thumb/v6-m/nofp\libc_nano.a(libc_a-lock.o)
__lock___atexit_recursive_mutex                   c:/data/program files (x86)/arm gnu toolchain arm-none-eabi/11.3 rel1/bin/../lib/gcc/arm-none-eabi/11.3.1/thumb/v6-m/nofp\libc_nano.a(libc_a-lock.o)
__lock___dd_hash_mutex                            c:/data/program files (x86)/arm gnu toolchain arm-none-eabi/11.3 rel1/bin/../lib/gcc/arm-none-eabi/11.3.1/thumb/v6-m/nofp\libc_nano.a(libc_a-lock.o)
__lock___env_recursive_mutex                      c:/data/program files (x86)/arm gnu toolchain arm-none-eabi/11.3 rel1/bin/../lib/gcc/arm-none-eabi/11.3.1/thumb/v6-m/nofp\libc_nano.a(libc_a-lock.o)
__lock___malloc_recursive_mutex                   c:/data/program files (x86)/arm gnu toolchain arm-none-eabi/11.3 rel1/bin/../lib/gcc/arm-none-eabi/11.3.1/thumb/v6-m/nofp\libc_nano.a(libc_a-lock.o)
                                                  c:/data/program files (x86)/arm gnu toolchain arm-none-eabi/11.3 rel1/bin/../lib/gcc/arm-none-eabi/11.3.1/thumb/v6-m/nofp\libc_nano.a(libc_a-mlock.o)
__lock___sfp_recursive_mutex                      c:/data/program files (x86)/arm gnu toolchain arm-none-eabi/11.3 rel1/bin/../lib/gcc/arm-none-eabi/11.3.1/thumb/v6-m/nofp\libc_nano.a(libc_a-lock.o)
                                                  c:/data/program files (x86)/arm gnu toolchain arm-none-eabi/11.3 rel1/bin/../lib/gcc/arm-none-eabi/11.3.1/thumb/v6-m/nofp\libc_nano.a(libc_a-findfp.o)
__lock___tz_mutex                                 c:/data/program files (x86)/arm gnu toolchain arm-none-eabi/11.3 rel1/bin/../lib/gcc/arm-none-eabi/11.3.1/thumb/v6-m/nofp\libc_nano.a(libc_a-lock.o)
__malloc_free_list                                c:/data/program files (x86)/arm gnu toolchain arm-none-eabi/11.3 rel1/bin/../lib/gcc/arm-none-eabi/11.3.1/thumb/v6-m/nofp\libc_nano.a(libc_a-mallocr.o)
                                                  c:/data/program files (x86)/arm gnu toolchain arm-none-eabi/11.3 rel1/bin/../lib/gcc/arm-none-eabi/11.3.1/thumb/v6-m/nofp\libc_nano.a(libc_a-freer.o)
__malloc_lock                                     c:/data/program files (x86)/arm gnu toolchain arm-none-eabi/11.3 rel1/bin/../lib/gcc/arm-none-eabi/11.3.1/thumb/v6-m/nofp\libc_nano.a(libc_a-mlock.o)
                                                  c:/data/program files (x86)/arm gnu toolchain arm-none-eabi/11.3 rel1/bin/../lib/gcc/arm-none-eabi/11.3.1/thumb/v6-m/nofp\libc_nano.a(libc_a-mallocr.o)
                                                  c:/data/program files (x86)/arm gnu toolchain arm-none-eabi/11.3 rel1/bin/../lib/gcc/arm-none-eabi/11.3.1/thumb/v6-m/nofp\libc_nano.a(libc_a-freer.o)
__malloc_sbrk_start                               c:/data/program files (x86)/arm gnu toolchain arm-none-eabi/11.3 rel1/bin/../lib/gcc/arm-none-eabi/11.3.1/thumb/v6-m/nofp\libc_nano.a(libc_a-mallocr.o)
__malloc_unlock                                   c:/data/program files (x86)/arm gnu toolchain arm-none-eabi/11.3 rel1/bin/../lib/gcc/arm-none-eabi/11.3.1/thumb/v6-m/nofp\libc_nano.a(libc_a-mlock.o)
                                                  c:/data/program files (x86)/arm gnu toolchain arm-none-eabi/11.3 rel1/bin/../lib/gcc/arm-none-eabi/11.3.1/thumb/v6-m/nofp\libc_nano.a(libc_a-mallocr.o)
                                                  c:/data/program files (x86)/arm gnu toolchain arm-none-eabi/11.3 rel1/bin/../lib/gcc/arm-none-eabi/11.3.1/thumb/v6-m/nofp\libc_nano.a(libc_a-freer.o)
__preinit_array_end                               c:/data/program files (x86)/arm gnu toolchain arm-none-eabi/11.3 rel1/bin/../lib/gcc/arm-none-eabi/11.3.1/thumb/v6-m/nofp\libc_nano.a(libc_a-init.o)
__preinit_array_start                             c:/data/program files (x86)/arm gnu toolchain arm-none-eabi/11.3 rel1/bin/../lib/gcc/arm-none-eabi/11.3.1/thumb/v6-m/nofp\libc_nano.a(libc_a-init.o)
__register_frame_info                             c:/data/program files (x86)/arm gnu toolchain arm-none-eabi/11.3 rel1/bin/../lib/gcc/arm-none-eabi/11.3.1/thumb/v6-m/nofp/crtbegin.o
__retarget_lock_acquire                           c:/data/program files (x86)/arm gnu toolchain arm-none-eabi/11.3 rel1/bin/../lib/gcc/arm-none-eabi/11.3.1/thumb/v6-m/nofp\libc_nano.a(libc_a-lock.o)
__retarget_lock_acquire_recursive                 c:/data/program files (x86)/arm gnu toolchain arm-none-eabi/11.3 rel1/bin/../lib/gcc/arm-none-eabi/11.3.1/thumb/v6-m/nofp\libc_nano.a(libc_a-lock.o)
                                                  c:/data/program files (x86)/arm gnu toolchain arm-none-eabi/11.3 rel1/bin/../lib/gcc/arm-none-eabi/11.3.1/thumb/v6-m/nofp\libc_nano.a(libc_a-fflush.o)
                                                  c:/data/program files (x86)/arm gnu toolchain arm-none-eabi/11.3 rel1/bin/../lib/gcc/arm-none-eabi/11.3.1/thumb/v6-m/nofp\libc_nano.a(libc_a-mlock.o)
                                                  c:/data/program files (x86)/arm gnu toolchain arm-none-eabi/11.3 rel1/bin/../lib/gcc/arm-none-eabi/11.3.1/thumb/v6-m/nofp\libc_nano.a(libc_a-findfp.o)
__retarget_lock_close                             c:/data/program files (x86)/arm gnu toolchain arm-none-eabi/11.3 rel1/bin/../lib/gcc/arm-none-eabi/11.3.1/thumb/v6-m/nofp\libc_nano.a(libc_a-lock.o)
__retarget_lock_close_recursive                   c:/data/program files (x86)/arm gnu toolchain arm-none-eabi/11.3 rel1/bin/../lib/gcc/arm-none-eabi/11.3.1/thumb/v6-m/nofp\libc_nano.a(libc_a-lock.o)
__retarget_lock_init                              c:/data/program files (x86)/arm gnu toolchain arm-none-eabi/11.3 rel1/bin/../lib/gcc/arm-none-eabi/11.3.1/thumb/v6-m/nofp\libc_nano.a(libc_a-lock.o)
__retarget_lock_init_recursive                    c:/data/program files (x86)/arm gnu toolchain arm-none-eabi/11.3 rel1/bin/../lib/gcc/arm-none-eabi/11.3.1/thumb/v6-m/nofp\libc_nano.a(libc_a-lock.o)
                                                  c:/data/program files (x86)/arm gnu toolchain arm-none-eabi/11.3 rel1/bin/../lib/gcc/arm-none-eabi/11.3.1/thumb/v6-m/nofp\libc_nano.a(libc_a-findfp.o)
__retarget_lock_release                           c:/data/program files (x86)/arm gnu toolchain arm-none-eabi/11.3 rel1/bin/../lib/gcc/arm-none-eabi/11.3.1/thumb/v6-m/nofp\libc_nano.a(libc_a-lock.o)
__retarget_lock_release_recursive                 c:/data/program files (x86)/arm gnu toolchain arm-none-eabi/11.3 rel1/bin/../lib/gcc/arm-none-eabi/11.3.1/thumb/v6-m/nofp\libc_nano.a(libc_a-lock.o)
                                                  c:/data/program files (x86)/arm gnu toolchain arm-none-eabi/11.3 rel1/bin/../lib/gcc/arm-none-eabi/11.3.1/thumb/v6-m/nofp\libc_nano.a(libc_a-fflush.o)
                                                  c:/data/program files (x86)/arm gnu toolchain arm-none-eabi/11.3 rel1/bin/../lib/gcc/arm-none-eabi/11.3.1/thumb/v6-m/nofp\libc_nano.a(libc_a-mlock.o)
                                                  c:/data/program files (x86)/arm gnu toolchain arm-none-eabi/11.3 rel1/bin/../lib/gcc/arm-none-eabi/11.3.1/thumb/v6-m/nofp\libc_nano.a(libc_a-findfp.o)
__retarget_lock_try_acquire                       c:/data/program files (x86)/arm gnu toolchain arm-none-eabi/11.3 rel1/bin/../lib/gcc/arm-none-eabi/11.3.1/thumb/v6-m/nofp\libc_nano.a(libc_a-lock.o)
__retarget_lock_try_acquire_recursive             c:/data/program files (x86)/arm gnu toolchain arm-none-eabi/11.3 rel1/bin/../lib/gcc/arm-none-eabi/11.3.1/thumb/v6-m/nofp\libc_nano.a(libc_a-lock.o)
__sclose                                          c:/data/program files (x86)/arm gnu toolchain arm-none-eabi/11.3 rel1/bin/../lib/gcc/arm-none-eabi/11.3.1/thumb/v6-m/nofp\libc_nano.a(libc_a-stdio.o)
                                                  c:/data/program files (x86)/arm gnu toolchain arm-none-eabi/11.3 rel1/bin/../lib/gcc/arm-none-eabi/11.3.1/thumb/v6-m/nofp\libc_nano.a(libc_a-findfp.o)
__seofread                                        c:/data/program files (x86)/arm gnu toolchain arm-none-eabi/11.3 rel1/bin/../lib/gcc/arm-none-eabi/11.3.1/thumb/v6-m/nofp\libc_nano.a(libc_a-stdio.o)
__sf                                              c:/data/program files (x86)/arm gnu toolchain arm-none-eabi/11.3 rel1/bin/../lib/gcc/arm-none-eabi/11.3.1/thumb/v6-m/nofp\libc_nano.a(libc_a-findfp.o)
                                                  c:/data/program files (x86)/arm gnu toolchain arm-none-eabi/11.3 rel1/bin/../lib/gcc/arm-none-eabi/11.3.1/thumb/v6-m/nofp\libc_nano.a(libc_a-impure.o)
__sflush_r                                        c:/data/program files (x86)/arm gnu toolchain arm-none-eabi/11.3 rel1/bin/../lib/gcc/arm-none-eabi/11.3.1/thumb/v6-m/nofp\libc_nano.a(libc_a-fflush.o)
__sfp                                             c:/data/program files (x86)/arm gnu toolchain arm-none-eabi/11.3 rel1/bin/../lib/gcc/arm-none-eabi/11.3.1/thumb/v6-m/nofp\libc_nano.a(libc_a-findfp.o)
__sfp_lock_acquire                                c:/data/program files (x86)/arm gnu toolchain arm-none-eabi/11.3 rel1/bin/../lib/gcc/arm-none-eabi/11.3.1/thumb/v6-m/nofp\libc_nano.a(libc_a-findfp.o)
__sfp_lock_release                                c:/data/program files (x86)/arm gnu toolchain arm-none-eabi/11.3 rel1/bin/../lib/gcc/arm-none-eabi/11.3.1/thumb/v6-m/nofp\libc_nano.a(libc_a-findfp.o)
__sglue                                           c:/data/program files (x86)/arm gnu toolchain arm-none-eabi/11.3 rel1/bin/../lib/gcc/arm-none-eabi/11.3.1/thumb/v6-m/nofp\libc_nano.a(libc_a-findfp.o)
                                                  c:/data/program files (x86)/arm gnu toolchain arm-none-eabi/11.3 rel1/bin/../lib/gcc/arm-none-eabi/11.3.1/thumb/v6-m/nofp\libc_nano.a(libc_a-fflush.o)
__sinit                                           c:/data/program files (x86)/arm gnu toolchain arm-none-eabi/11.3 rel1/bin/../lib/gcc/arm-none-eabi/11.3.1/thumb/v6-m/nofp\libc_nano.a(libc_a-findfp.o)
                                                  c:/data/program files (x86)/arm gnu toolchain arm-none-eabi/11.3 rel1/bin/../lib/gcc/arm-none-eabi/11.3.1/thumb/v6-m/nofp\libc_nano.a(libc_a-fflush.o)
__sread                                           c:/data/program files (x86)/arm gnu toolchain arm-none-eabi/11.3 rel1/bin/../lib/gcc/arm-none-eabi/11.3.1/thumb/v6-m/nofp\libc_nano.a(libc_a-stdio.o)
                                                  c:/data/program files (x86)/arm gnu toolchain arm-none-eabi/11.3 rel1/bin/../lib/gcc/arm-none-eabi/11.3.1/thumb/v6-m/nofp\libc_nano.a(libc_a-findfp.o)
__sseek                                           c:/data/program files (x86)/arm gnu toolchain arm-none-eabi/11.3 rel1/bin/../lib/gcc/arm-none-eabi/11.3.1/thumb/v6-m/nofp\libc_nano.a(libc_a-stdio.o)
                                                  c:/data/program files (x86)/arm gnu toolchain arm-none-eabi/11.3 rel1/bin/../lib/gcc/arm-none-eabi/11.3.1/thumb/v6-m/nofp\libc_nano.a(libc_a-findfp.o)
__stack                                           c:/data/program files (x86)/arm gnu toolchain arm-none-eabi/11.3 rel1/bin/../lib/gcc/arm-none-eabi/11.3.1/thumb/v6-m/nofp/crt0.o
__stdio_exit_handler                              c:/data/program files (x86)/arm gnu toolchain arm-none-eabi/11.3 rel1/bin/../lib/gcc/arm-none-eabi/11.3.1/thumb/v6-m/nofp\libc_nano.a(libc_a-findfp.o)
                                                  c:/data/program files (x86)/arm gnu toolchain arm-none-eabi/11.3 rel1/bin/../lib/gcc/arm-none-eabi/11.3.1/thumb/v6-m/nofp\libc_nano.a(libc_a-exit.o)
__swrite                                          c:/data/program files (x86)/arm gnu toolchain arm-none-eabi/11.3 rel1/bin/../lib/gcc/arm-none-eabi/11.3.1/thumb/v6-m/nofp\libc_nano.a(libc_a-stdio.o)
                                                  c:/data/program files (x86)/arm gnu toolchain arm-none-eabi/11.3 rel1/bin/../lib/gcc/arm-none-eabi/11.3.1/thumb/v6-m/nofp\libc_nano.a(libc_a-findfp.o)
__udivsi3                                         c:/data/program files (x86)/arm gnu toolchain arm-none-eabi/11.3 rel1/bin/../lib/gcc/arm-none-eabi/11.3.1/thumb/v6-m/nofp\libgcc.a(_udivsi3.o)
_close                                            c:/data/program files (x86)/arm gnu toolchain arm-none-eabi/11.3 rel1/bin/../lib/gcc/arm-none-eabi/11.3.1/thumb/v6-m/nofp\libnosys.a(close.o)
                                                  c:/data/program files (x86)/arm gnu toolchain arm-none-eabi/11.3 rel1/bin/../lib/gcc/arm-none-eabi/11.3.1/thumb/v6-m/nofp\libc_nano.a(libc_a-closer.o)
_close_r                                          c:/data/program files (x86)/arm gnu toolchain arm-none-eabi/11.3 rel1/bin/../lib/gcc/arm-none-eabi/11.3.1/thumb/v6-m/nofp\libc_nano.a(libc_a-closer.o)
                                                  c:/data/program files (x86)/arm gnu toolchain arm-none-eabi/11.3 rel1/bin/../lib/gcc/arm-none-eabi/11.3.1/thumb/v6-m/nofp\libc_nano.a(libc_a-stdio.o)
_ebss                                             build/startup_stm32f030x6.o
_edata                                            build/startup_stm32f030x6.o
_estack                                           build/startup_stm32f030x6.o
_exit                                             c:/data/program files (x86)/arm gnu toolchain arm-none-eabi/11.3 rel1/bin/../lib/gcc/arm-none-eabi/11.3.1/thumb/v6-m/nofp\libnosys.a(_exit.o)
                                                  c:/data/program files (x86)/arm gnu toolchain arm-none-eabi/11.3 rel1/bin/../lib/gcc/arm-none-eabi/11.3.1/thumb/v6-m/nofp\libc_nano.a(libc_a-exit.o)
_fflush_r                                         c:/data/program files (x86)/arm gnu toolchain arm-none-eabi/11.3 rel1/bin/../lib/gcc/arm-none-eabi/11.3.1/thumb/v6-m/nofp\libc_nano.a(libc_a-fflush.o)
                                                  c:/data/program files (x86)/arm gnu toolchain arm-none-eabi/11.3 rel1/bin/../lib/gcc/arm-none-eabi/11.3.1/thumb/v6-m/nofp\libc_nano.a(libc_a-findfp.o)
_fini                                             c:/data/program files (x86)/arm gnu toolchain arm-none-eabi/11.3 rel1/bin/../lib/gcc/arm-none-eabi/11.3.1/thumb/v6-m/nofp/crti.o