Archive member included to satisfy reference by file (symbol)

c:/data/program files (x86)/arm gnu toolchain arm-none-eabi/11.3 rel1/bin/../lib/gcc/arm-none-eabi/11.3.1/thumb/v6-m/nofp\libc_nano.a(libc_a-exit.o)
                              c:/data/program files (x86)/arm gnu toolchain arm-none-eabi/11.3 rel1/bin/../lib/gcc/arm-none-eabi/11.3.1/thumb/v6-m/nofp/crt0.o (exit)
c:/data/program files (x86)/arm gnu toolchain arm-none-eabi/11.3 rel1/bin/../lib/gcc/arm-none-eabi/11.3.1/thumb/v6-m/nofp\libc_nano.a(libc_a-findfp.o)
                              c:/data/program files (x86)/arm gnu toolchain arm-none-eabi/11.3 rel1/bin/../lib/gcc/arm-none-eabi/11.3.1/thumb/v6-m/nofp\libc_nano.a(libc_a-exit.o) (__stdio_exit_handler)
c:/data/program files (x86)/arm gnu toolchain arm-none-eabi/11.3 rel1/bin/../lib/gcc/arm-none-eabi/11.3.1/thumb/v6-m/nofp\libc_nano.a(libc_a-fwalk.o)
                              c:/data/program files (x86)/arm gnu toolchain arm-none-eabi/11.3 rel1/bin/../lib/gcc/arm-none-eabi/11.3.1/thumb/v6-m/nofp\libc_nano.a(libc_a-findfp.o) (_fwalk_sglue)
c:/data/program files (x86)/arm gnu toolchain arm-none-eabi/11.3 rel1/bin/../lib/gcc/arm-none-eabi/11.3.1/thumb/v6-m/nofp\libc_nano.a(libc_a-sprintf.o)
                              build/main.o (sprintf)
c:/data/program files (x86)/arm gnu toolchain arm-none-eabi/11.3 rel1/bin/../lib/gcc/arm-none-eabi/11.3.1/thumb/v6-m/nofp\libc_nano.a(libc_a-stdio.o)
                              c:/data/program files (x86)/arm gnu toolchain arm-none-eabi/11.3 rel1/bin/../lib/gcc/arm-none-eabi/11.3.1/thumb/v6-m/nofp\libc_nano.a(libc_a-findfp.o) (__sread)
c:/data/program files (x86)/arm gnu toolchain arm-none-eabi/11.3 rel1/bin/../lib/gcc/arm-none-eabi/11.3.1/thumb/v6-m/nofp\libc_nano.a(libc_a-memset.o)
                              c:/data/program files (x86)/arm gnu toolchain arm-none-eabi/11.3 rel1/bin/../lib/gcc/arm-none-eabi/11.3.1/thumb/v6-m/nofp/crt0.o (memset)
c:/data/program files (x86)/arm gnu toolchain arm-none-eabi/11.3 rel1/bin/../lib/gcc/arm-none-eabi/11.3.1/thumb/v6-m/nofp\libc_nano.a(libc_a-closer.o)
                              c:/data/program files (x86)/arm gnu toolchain arm-none-eabi/11.3 rel1/bin/../lib/gcc/arm-none-eabi/11.3.1/thumb/v6-m/nofp\libc_nano.a(libc_a-stdio.o) (_close_r)
c:/data/program files (x86)/arm gnu toolchain arm-none-eabi/11.3 rel1/bin/../lib/gcc/arm-none-eabi/11.3.1/thumb/v6-m/nofp\libc_nano.a(libc_a-reent.o)
                              c:/data/program files (x86)/arm gnu toolchain arm-none-eabi/11.3 rel1/bin/../lib/gcc/arm-none-eabi/11.3.1/thumb/v6-m/nofp\libc_nano.a(libc_a-closer.o) (errno)
c:/data/program files (x86)/arm gnu toolchain arm-none-eabi/11.3 rel1/bin/../lib/gcc/arm-none-eabi/11.3.1/thumb/v6-m/nofp\libc_nano.a(libc_a-impure.o)
                              c:/data/program files (x86)/arm gnu toolchain arm-none-eabi/11.3 rel1/bin/../lib/gcc/arm-none-eabi/11.3.1/thumb/v6-m/nofp\libc_nano.a(libc_a-sprintf.o) (_impure_ptr)
c:/data/program files (x86)/arm gnu toolchain arm-none-eabi/11.3 rel1/bin/../lib/gcc/arm-none-eabi/11.3.1/thumb/v6-m/nofp\libc_nano.a(libc_a-lseekr.o)
                              c:/data/program files (x86)/arm gnu toolchain arm-none-eabi/11.3 rel1/bin/../lib/gcc/arm-none-eabi/11.3.1/thumb/v6-m/nofp\libc_nano.a(libc_a-stdio.o) (_lseek_r)
c:/data/program files (x86)/arm gnu toolchain arm-none-eabi/11.3 rel1/bin/../lib/gcc/arm-none-eabi/11.3.1/thumb/v6-m/nofp\libc_nano.a(libc_a-readr.o)
                              c:/data/program files (x86)/arm gnu toolchain arm-none-eabi/11.3 rel1/bin/../lib/gcc/arm-none-eabi/11.3.1/thumb/v6-m/nofp\libc_nano.a(libc_a-stdio.o) (_read_r)
c:/data/program files (x86)/arm gnu toolchain arm-none-eabi/11.3 rel1/bin/../lib/gcc/arm-none-eabi/11.3.1/thumb/v6-m/nofp\libc_nano.a(libc_a-writer.o)
                              c:/data/program files (x86)/arm gnu toolchain arm-none-eabi/11.3 rel1/bin/../lib/gcc/arm-none-eabi/11.3.1/thumb/v6-m/nofp\libc_nano.a(libc_a-stdio.o) (_write_r)
c:/data/program files (x86)/arm gnu toolchain arm-none-eabi/11.3 rel1/bin/../lib/gcc/arm-none-eabi/11.3.1/thumb/v6-m/nofp\libc_nano.a(libc_a-init.o)
                              c:/data/program files (x86)/arm gnu toolchain arm-none-eabi/11.3 rel1/bin/../lib/gcc/arm-none-eabi/11.3.1/thumb/v6-m/nofp/crt0.o (__libc_init_array)
c:/data/program files (x86)/arm gnu toolchain arm-none-eabi/11.3 rel1/bin/../lib/gcc/arm-none-eabi/11.3.1/thumb/v6-m/nofp\libc_nano.a(libc_a-lock.o)
                              c:/data/program files (x86)/arm gnu toolchain arm-none-eabi/11.3 rel1/bin/../lib/gcc/arm-none-eabi/11.3.1/thumb/v6-m/nofp\libc_nano.a(libc_a-findfp.o) (__retarget_lock_init_recursive)
c:/data/program files (x86)/arm gnu toolchain arm-none-eabi/11.3 rel1/bin/../lib/gcc/arm-none-eabi/11.3.1/thumb/v6-m/nofp\libc_nano.a(libc_a-strlen.o)
                              build/main.o (strlen)
[...]
Memory Configuration

Name             Origin             Length             Attributes
RAM              0x20000000         0x00001000         xrw
FLASH            0x08000000         0x00004000         xr
*default*        0x00000000         0xffffffff

Linker script and memory map

LOAD c:/data/program files (x86)/arm gnu toolchain arm-none-eabi/11.3 rel1/bin/../lib/gcc/arm-none-eabi/11.3.1/thumb/v6-m/nofp/crti.o
LOAD c:/data/program files (x86)/arm gnu toolchain arm-none-eabi/11.3 rel1/bin/../lib/gcc/arm-none-eabi/11.3.1/thumb/v6-m/nofp/crtbegin.o
LOAD c:/data/program files (x86)/arm gnu toolchain arm-none-eabi/11.3 rel1/bin/../lib/gcc/arm-none-eabi/11.3.1/thumb/v6-m/nofp/crt0.o
LOAD build/main.o
LOAD build/LoRa.o
LOAD build/stm32f0xx_it.o
LOAD build/stm32f0xx_hal_msp.o
LOAD build/stm32f0xx_hal_adc.o
LOAD build/stm32f0xx_hal_adc_ex.o
LOAD build/stm32f0xx_hal_rcc.o
LOAD build/stm32f0xx_hal_rcc_ex.o
LOAD build/stm32f0xx_hal.o
LOAD build/stm32f0xx_hal_i2c.o
LOAD build/stm32f0xx_hal_i2c_ex.o
LOAD build/stm32f0xx_hal_gpio.o
LOAD build/stm32f0xx_hal_dma.o
LOAD build/stm32f0xx_hal_cortex.o
LOAD build/stm32f0xx_hal_pwr.o
LOAD build/stm32f0xx_hal_pwr_ex.o
LOAD build/stm32f0xx_hal_flash.o
LOAD build/stm32f0xx_hal_flash_ex.o
LOAD build/stm32f0xx_hal_exti.o
LOAD build/stm32f0xx_hal_spi.o
LOAD build/stm32f0xx_hal_spi_ex.o
LOAD build/stm32f0xx_hal_tim.o
LOAD build/stm32f0xx_hal_tim_ex.o
LOAD build/stm32f0xx_hal_uart.o
LOAD build/stm32f0xx_hal_uart_ex.o
LOAD build/system_stm32f0xx.o
LOAD build/startup_stm32f030x6.o
LOAD c:/data/program files (x86)/arm gnu toolchain arm-none-eabi/11.3 rel1/bin/../lib/gcc/arm-none-eabi/11.3.1/thumb/v6-m/nofp\libc_nano.a
LOAD c:/data/program files (x86)/arm gnu toolchain arm-none-eabi/11.3 rel1/bin/../lib/gcc/arm-none-eabi/11.3.1/thumb/v6-m/nofp\libm.a
LOAD c:/data/program files (x86)/arm gnu toolchain arm-none-eabi/11.3 rel1/bin/../lib/gcc/arm-none-eabi/11.3.1/thumb/v6-m/nofp\libnosys.a
START GROUP
LOAD c:/data/program files (x86)/arm gnu toolchain arm-none-eabi/11.3 rel1/bin/../lib/gcc/arm-none-eabi/11.3.1/thumb/v6-m/nofp\libgcc.a
LOAD c:/data/program files (x86)/arm gnu toolchain arm-none-eabi/11.3 rel1/bin/../lib/gcc/arm-none-eabi/11.3.1/thumb/v6-m/nofp\libc_nano.a
END GROUP
START GROUP
LOAD c:/data/program files (x86)/arm gnu toolchain arm-none-eabi/11.3 rel1/bin/../lib/gcc/arm-none-eabi/11.3.1/thumb/v6-m/nofp\libgcc.a
LOAD c:/data/program files (x86)/arm gnu toolchain arm-none-eabi/11.3 rel1/bin/../lib/gcc/arm-none-eabi/11.3.1/thumb/v6-m/nofp\libc_nano.a
END GROUP
LOAD c:/data/program files (x86)/arm gnu toolchain arm-none-eabi/11.3 rel1/bin/../lib/gcc/arm-none-eabi/11.3.1/thumb/v6-m/nofp/crtend.o
LOAD c:/data/program files (x86)/arm gnu toolchain arm-none-eabi/11.3 rel1/bin/../lib/gcc/arm-none-eabi/11.3.1/thumb/v6-m/nofp/crtn.o
                0x20001000                _estack = (ORIGIN (RAM) + LENGTH (RAM))
                0x00000200                _Min_Heap_Size = 0x200
                0x00000400                _Min_Stack_Size = 0x400

.isr_vector     0x08000000       0xc0
                0x08000000                . = ALIGN (0x4)
 *(.isr_vector)
 .isr_vector    0x08000000       0xc0 build/startup_stm32f030x6.o
                0x08000000                g_pfnVectors
                0x080000c0                . = ALIGN (0x4)

.text           0x080000c0     0x3538
                0x080000c0                . = ALIGN (0x4)
 *(.text)
 .text          0x080000c0        0xe c:/data/program files (x86)/arm gnu toolchain arm-none-eabi/11.3 rel1/bin/../lib/gcc/arm-none-eabi/11.3.1/thumb/v6-m/nofp\libc_nano.a(libc_a-strlen.o)
                0x080000c0                strlen
 *fill*         0x080000ce        0x2 
 .text          0x080000d0       0x14 c:/data/program files (x86)/arm gnu toolchain arm-none-eabi/11.3 rel1/bin/../lib/gcc/arm-none-eabi/11.3.1/thumb/v6-m/nofp\libgcc.a(_thumb1_case_shi.o)
                0x080000d0                __gnu_thumb1_case_shi
 .text          0x080000e4      0x114 c:/data/program files (x86)/arm gnu toolchain arm-none-eabi/11.3 rel1/bin/../lib/gcc/arm-none-eabi/11.3.1/thumb/v6-m/nofp\libgcc.a(_udivsi3.o)
                0x080000e4                __aeabi_uidiv
                0x080000e4                __udivsi3
                0x080001f0                __aeabi_uidivmod
 .text          0x080001f8      0x1d4 c:/data/program files (x86)/arm gnu toolchain arm-none-eabi/11.3 rel1/bin/../lib/gcc/arm-none-eabi/11.3.1/thumb/v6-m/nofp\libgcc.a(_divsi3.o)
                0x080001f8                __divsi3
                0x080001f8                __aeabi_idiv
                0x080003c4                __aeabi_idivmod
 .text          0x080003cc        0x4 c:/data/program files (x86)/arm gnu toolchain arm-none-eabi/11.3 rel1/bin/../lib/gcc/arm-none-eabi/11.3.1/thumb/v6-m/nofp\libgcc.a(_dvmd_tls.o)
                0x080003cc                __aeabi_idiv0
                0x080003cc                __aeabi_ldiv0
 *(.text*)
 .text.deregister_tm_clones
                0x080003d0       0x20 c:/data/program files (x86)/arm gnu toolchain arm-none-eabi/11.3 rel1/bin/../lib/gcc/arm-none-eabi/11.3.1/thumb/v6-m/nofp/crtbegin.o
 .text.register_tm_clones
                0x080003f0       0x28 c:/data/program files (x86)/arm gnu toolchain arm-none-eabi/11.3 rel1/bin/../lib/gcc/arm-none-eabi/11.3.1/thumb/v6-m/nofp/crtbegin.o
 .text.__do_global_dtors_aux
                0x08000418       0x2c c:/data/program files (x86)/arm gnu toolchain arm-none-eabi/11.3 rel1/bin/../lib/gcc/arm-none-eabi/11.3.1/thumb/v6-m/nofp/crtbegin.o
 .text.frame_dummy
                0x08000444       0x24 c:/data/program files (x86)/arm gnu toolchain arm-none-eabi/11.3 rel1/bin/../lib/gcc/arm-none-eabi/11.3.1/thumb/v6-m/nofp/crtbegin.o
 .text.MX_GPIO_Init
                0x08000468       0xd8 build/main.o
 .text.Error_Handler
                0x08000540        0x4 build/main.o
                0x08000540                Error_Handler
 .text.MX_ADC_Init
                0x08000544       0x74 build/main.o
 .text.MX_I2C1_Init
                0x080005b8       0x58 build/main.o
 .text.MX_SPI1_Init
                0x08000610       0x4c build/main.o
 .text.MX_USART1_UART_Init
                0x0800065c       0x38 build/main.o
 .text.SystemClock_Config
                0x08000694       0x86 build/main.o
                0x08000694                SystemClock_Config
 *fill*         0x0800071a        0x2 
 .text.main     0x0800071c      0x160 build/main.o
                0x0800071c                main
 .text.newLoRa  0x0800087c       0x2a build/LoRa.o
                0x0800087c                newLoRa
 .text.LoRa_reset
                0x080008a6       0x26 build/LoRa.o
                0x080008a6                LoRa_reset
 .text.LoRa_readReg
                0x080008cc       0x5e build/LoRa.o
                0x080008cc                LoRa_readReg
 .text.LoRa_writeReg
                0x0800092a       0x5e build/LoRa.o
                0x0800092a                LoRa_writeReg
 .text.LoRa_read
                0x08000988       0x24 build/LoRa.o
                0x08000988                LoRa_read
 .text.LoRa_write
                0x080009ac       0x24 build/LoRa.o
                0x080009ac                LoRa_write
 .text.LoRa_gotoMode
                0x080009d0       0x7e build/LoRa.o
                0x080009d0                LoRa_gotoMode
 .text.LoRa_setFrequency
                0x08000a4e       0x3c build/LoRa.o
                0x08000a4e                LoRa_setFrequency
 .text.LoRa_setSpreadingFactor
                0x08000a8a       0x40 build/LoRa.o
                0x08000a8a                LoRa_setSpreadingFactor
 .text.LoRa_setPower
                0x08000aca       0x12 build/LoRa.o
                0x08000aca                LoRa_setPower
 .text.LoRa_setOCP
                0x08000adc       0x4a build/LoRa.o
                0x08000adc                LoRa_setOCP
 .text.LoRa_setTOMsb_setCRCon
                0x08000b26       0x20 build/LoRa.o
                0x08000b26                LoRa_setTOMsb_setCRCon
 .text.LoRa_BurstWrite
                0x08000b46       0x5e build/LoRa.o
                0x08000b46                LoRa_BurstWrite
 .text.LoRa_isvalid
                0x08000ba4        0x4 build/LoRa.o
                0x08000ba4                LoRa_isvalid
 .text.LoRa_transmit
                0x08000ba8       0x8e build/LoRa.o
                0x08000ba8                LoRa_transmit
 .text.LoRa_init
                0x08000c36       0xf8 build/LoRa.o
                0x08000c36                LoRa_init
 .text.NMI_Handler
                0x08000d2e        0x2 build/stm32f0xx_it.o
                0x08000d2e                NMI_Handler
 .text.HardFault_Handler
                0x08000d30        0x2 build/stm32f0xx_it.o
                0x08000d30                HardFault_Handler
 .text.SVC_Handler
                0x08000d32        0x2 build/stm32f0xx_it.o
                0x08000d32                SVC_Handler
 .text.PendSV_Handler
                0x08000d34        0x2 build/stm32f0xx_it.o
                0x08000d34                PendSV_Handler
 .text.SysTick_Handler
                0x08000d36        0x8 build/stm32f0xx_it.o
                0x08000d36                SysTick_Handler
 *fill*         0x08000d3e        0x2 
 .text.HAL_MspInit
                0x08000d40       0x30 build/stm32f0xx_hal_msp.o
                0x08000d40                HAL_MspInit
 .text.HAL_ADC_MspInit
                0x08000d70       0x60 build/stm32f0xx_hal_msp.o
                0x08000d70                HAL_ADC_MspInit
 .text.HAL_I2C_MspInit
                0x08000dd0       0x68 build/stm32f0xx_hal_msp.o
                0x08000dd0                HAL_I2C_MspInit
 .text.HAL_SPI_MspInit
                0x08000e38       0x64 build/stm32f0xx_hal_msp.o
                0x08000e38                HAL_SPI_MspInit
 .text.HAL_UART_MspInit
                0x08000e9c       0x68 build/stm32f0xx_hal_msp.o
                0x08000e9c                HAL_UART_MspInit
 .text.HAL_ADC_Init
                0x08000f04      0x184 build/stm32f0xx_hal_adc.o
                0x08000f04                HAL_ADC_Init
 .text.HAL_ADC_ConfigChannel
                0x08001088      0x120 build/stm32f0xx_hal_adc.o
                0x08001088                HAL_ADC_ConfigChannel
 .text.HAL_RCC_OscConfig
                0x080011a8      0x49c build/stm32f0xx_hal_rcc.o
                0x080011a8                HAL_RCC_OscConfig
 .text.HAL_RCC_GetSysClockFreq
                0x08001644       0x7c build/stm32f0xx_hal_rcc.o
                0x08001644                HAL_RCC_GetSysClockFreq
 .text.HAL_RCC_ClockConfig
                0x080016c0      0x134 build/stm32f0xx_hal_rcc.o
                0x080016c0                HAL_RCC_ClockConfig
 .text.HAL_RCC_GetHCLKFreq
                0x080017f4        0xc build/stm32f0xx_hal_rcc.o
                0x080017f4                HAL_RCC_GetHCLKFreq
 .text.HAL_RCC_GetPCLK1Freq
                0x08001800       0x20 build/stm32f0xx_hal_rcc.o
                0x08001800                HAL_RCC_GetPCLK1Freq
 .text.HAL_RCCEx_PeriphCLKConfig
                0x08001820      0x120 build/stm32f0xx_hal_rcc_ex.o
                0x08001820                HAL_RCCEx_PeriphCLKConfig
 .text.HAL_InitTick
                0x08001940       0x50 build/stm32f0xx_hal.o
                0x08001940                HAL_InitTick
 .text.HAL_Init
                0x08001990       0x20 build/stm32f0xx_hal.o
                0x08001990                HAL_Init
 .text.HAL_IncTick
                0x080019b0       0x18 build/stm32f0xx_hal.o
                0x080019b0                HAL_IncTick
 .text.HAL_GetTick
                0x080019c8        0xc build/stm32f0xx_hal.o
                0x080019c8                HAL_GetTick
 .text.HAL_Delay
                0x080019d4       0x24 build/stm32f0xx_hal.o
                0x080019d4                HAL_Delay
 .text.HAL_I2C_Init
                0x080019f8       0xcc build/stm32f0xx_hal_i2c.o
                0x080019f8                HAL_I2C_Init
 .text.HAL_I2CEx_ConfigAnalogFilter
                0x08001ac4       0x58 build/stm32f0xx_hal_i2c_ex.o
                0x08001ac4                HAL_I2CEx_ConfigAnalogFilter
 .text.HAL_I2CEx_ConfigDigitalFilter
                0x08001b1c       0x54 build/stm32f0xx_hal_i2c_ex.o
                0x08001b1c                HAL_I2CEx_ConfigDigitalFilter
 .text.HAL_GPIO_Init
                0x08001b70      0x188 build/stm32f0xx_hal_gpio.o
                0x08001b70                HAL_GPIO_Init
 .text.HAL_GPIO_WritePin
                0x08001cf8        0xc build/stm32f0xx_hal_gpio.o
                0x08001cf8                HAL_GPIO_WritePin
 .text.HAL_NVIC_SetPriority
                0x08001d04       0x60 build/stm32f0xx_hal_cortex.o
                0x08001d04                HAL_NVIC_SetPriority
 .text.HAL_SYSTICK_Config
                0x08001d64       0x38 build/stm32f0xx_hal_cortex.o
                0x08001d64                HAL_SYSTICK_Config
 .text.SPI_WaitFlagStateUntilTimeout
                0x08001d9c       0xe8 build/stm32f0xx_hal_spi.o
 .text.SPI_WaitFifoStateUntilTimeout
                0x08001e84      0x114 build/stm32f0xx_hal_spi.o
 .text.SPI_EndRxTxTransaction
                0x08001f98       0x68 build/stm32f0xx_hal_spi.o
 .text.SPI_EndRxTransaction
                0x08002000       0x90 build/stm32f0xx_hal_spi.o
 .text.HAL_SPI_Init
                0x08002090      0x104 build/stm32f0xx_hal_spi.o
                0x08002090                HAL_SPI_Init
 .text.HAL_SPI_Transmit
                0x08002194      0x1b2 build/stm32f0xx_hal_spi.o
                0x08002194                HAL_SPI_Transmit
 *fill*         0x08002346        0x2 
 .text.HAL_SPI_TransmitReceive
                0x08002348      0x250 build/stm32f0xx_hal_spi.o
                0x08002348                HAL_SPI_TransmitReceive
 .text.HAL_SPI_Receive
                0x08002598      0x1ac build/stm32f0xx_hal_spi.o
                0x08002598                HAL_SPI_Receive
 .text.HAL_SPI_GetState
                0x08002744        0x8 build/stm32f0xx_hal_spi.o
                0x08002744                HAL_SPI_GetState
 .text.UART_SetConfig
                0x0800274c      0x154 build/stm32f0xx_hal_uart.o
                0x0800274c                UART_SetConfig
 .text.UART_AdvFeatureConfig
                0x080028a0       0xe0 build/stm32f0xx_hal_uart.o
                0x080028a0                UART_AdvFeatureConfig
 .text.UART_WaitOnFlagUntilTimeout
                0x08002980       0xdc build/stm32f0xx_hal_uart.o
                0x08002980                UART_WaitOnFlagUntilTimeout
 .text.HAL_UART_Transmit
                0x08002a5c      0x102 build/stm32f0xx_hal_uart.o
                0x08002a5c                HAL_UART_Transmit
 *fill*         0x08002b5e        0x2 
 .text.UART_CheckIdleState
                0x08002b60       0x70 build/stm32f0xx_hal_uart.o
                0x08002b60                UART_CheckIdleState
 .text.HAL_UART_Init
                0x08002bd0       0x6c build/stm32f0xx_hal_uart.o
                0x08002bd0                HAL_UART_Init
 .text.SystemInit
                0x08002c3c        0x2 build/system_stm32f0xx.o
                0x08002c3c                SystemInit
 *fill*         0x08002c3e        0x2 
 .text.Reset_Handler
                0x08002c40       0x50 build/startup_stm32f030x6.o
                0x08002c40                Reset_Handler
 .text.Default_Handler
                0x08002c90        0x2 build/startup_stm32f030x6.o
                0x08002c90                TIM1_CC_IRQHandler
                0x08002c90                I2C1_IRQHandler
                0x08002c90                SPI1_IRQHandler
                0x08002c90                EXTI2_3_IRQHandler
                0x08002c90                ADC1_IRQHandler
                0x08002c90                TIM17_IRQHandler
                0x08002c90                RTC_IRQHandler
                0x08002c90                TIM16_IRQHandler
                0x08002c90                TIM3_IRQHandler
                0x08002c90                EXTI4_15_IRQHandler
                0x08002c90                RCC_IRQHandler
                0x08002c90                DMA1_Channel1_IRQHandler
                0x08002c90                Default_Handler
                0x08002c90                TIM14_IRQHandler
                0x08002c90                DMA1_Channel4_5_IRQHandler
                0x08002c90                EXTI0_1_IRQHandler
                0x08002c90                WWDG_IRQHandler
                0x08002c90                DMA1_Channel2_3_IRQHandler
                0x08002c90                FLASH_IRQHandler
                0x08002c90                USART1_IRQHandler
                0x08002c90                TIM1_BRK_UP_TRG_COM_IRQHandler
 *fill*         0x08002c92        0x2 
 .text.sprintf  0x08002c94       0x40 c:/data/program files (x86)/arm gnu toolchain arm-none-eabi/11.3 rel1/bin/../lib/gcc/arm-none-eabi/11.3.1/thumb/v6-m/nofp\libc_nano.a(libc_a-sprintf.o)
                0x08002c94                siprintf
                0x08002c94                sprintf
 .text.memset   0x08002cd4       0x10 c:/data/program files (x86)/arm gnu toolchain arm-none-eabi/11.3 rel1/bin/../lib/gcc/arm-none-eabi/11.3.1/thumb/v6-m/nofp\libc_nano.a(libc_a-memset.o)
                0x08002cd4                memset
 .text.__libc_init_array
                0x08002ce4       0x48 c:/data/program files (x86)/arm gnu toolchain arm-none-eabi/11.3 rel1/bin/../lib/gcc/arm-none-eabi/11.3.1/thumb/v6-m/nofp\libc_nano.a(libc_a-init.o)
                0x08002ce4                __libc_init_array
 .text.__retarget_lock_acquire_recursive
                0x08002d2c        0x2 c:/data/program files (x86)/arm gnu toolchain arm-none-eabi/11.3 rel1/bin/../lib/gcc/arm-none-eabi/11.3.1/thumb/v6-m/nofp\libc_nano.a(libc_a-lock.o)
                0x08002d2c                __retarget_lock_acquire_recursive
 .text.__retarget_lock_release_recursive
                0x08002d2e        0x2 c:/data/program files (x86)/arm gnu toolchain arm-none-eabi/11.3 rel1/bin/../lib/gcc/arm-none-eabi/11.3.1/thumb/v6-m/nofp\libc_nano.a(libc_a-lock.o)
                0x08002d2e                __retarget_lock_release_recursive
 .text._free_r  0x08002d30       0x94 c:/data/program files (x86)/arm gnu toolchain arm-none-eabi/11.3 rel1/bin/../lib/gcc/arm-none-eabi/11.3.1/thumb/v6-m/nofp\libc_nano.a(libc_a-freer.o)
                0x08002d30                _free_r
 .text.sbrk_aligned
                0x08002dc4       0x44 c:/data/program files (x86)/arm gnu toolchain arm-none-eabi/11.3 rel1/bin/../lib/gcc/arm-none-eabi/11.3.1/thumb/v6-m/nofp\libc_nano.a(libc_a-mallocr.o)
 .text._malloc_r
                0x08002e08       0xf4 c:/data/program files (x86)/arm gnu toolchain arm-none-eabi/11.3 rel1/bin/../lib/gcc/arm-none-eabi/11.3.1/thumb/v6-m/nofp\libc_nano.a(libc_a-mallocr.o)
                0x08002e08                _malloc_r
 .text.__malloc_lock
                0x08002efc       0x10 c:/data/program files (x86)/arm gnu toolchain arm-none-eabi/11.3 rel1/bin/../lib/gcc/arm-none-eabi/11.3.1/thumb/v6-m/nofp\libc_nano.a(libc_a-mlock.o)
                0x08002efc                __malloc_lock
 .text.__malloc_unlock
                0x08002f0c       0x10 c:/data/program files (x86)/arm gnu toolchain arm-none-eabi/11.3 rel1/bin/../lib/gcc/arm-none-eabi/11.3.1/thumb/v6-m/nofp\libc_nano.a(libc_a-mlock.o)
                0x08002f0c                __malloc_unlock
 .text.__ssputs_r
                0x08002f1c       0xc4 c:/data/program files (x86)/arm gnu toolchain arm-none-eabi/11.3 rel1/bin/../lib/gcc/arm-none-eabi/11.3.1/thumb/v6-m/nofp\libc_nano.a(libc_a-nano-svfprintf.o)
                0x08002f1c                __ssputs_r
 .text._svfprintf_r
                0x08002fe0      0x200 c:/data/program files (x86)/arm gnu toolchain arm-none-eabi/11.3 rel1/bin/../lib/gcc/arm-none-eabi/11.3.1/thumb/v6-m/nofp\libc_nano.a(libc_a-nano-svfprintf.o)
                0x08002fe0                _svfiprintf_r
                0x08002fe0                _svfprintf_r
 .text._printf_common
                0x080031e0       0xde c:/data/program files (x86)/arm gnu toolchain arm-none-eabi/11.3 rel1/bin/../lib/gcc/arm-none-eabi/11.3.1/thumb/v6-m/nofp\libc_nano.a(libc_a-nano-vfprintf_i.o)
                0x080031e0                _printf_common
 *fill*         0x080032be        0x2 
 .text._printf_i
                0x080032c0      0x220 c:/data/program files (x86)/arm gnu toolchain arm-none-eabi/11.3 rel1/bin/../lib/gcc/arm-none-eabi/11.3.1/thumb/v6-m/nofp\libc_nano.a(libc_a-nano-vfprintf_i.o)
                0x080032c0                _printf_i
 .text.memmove  0x080034e0       0x26 c:/data/program files (x86)/arm gnu toolchain arm-none-eabi/11.3 rel1/bin/../lib/gcc/arm-none-eabi/11.3.1/thumb/v6-m/nofp\libc_nano.a(libc_a-memmove.o)
                0x080034e0                memmove
 *fill*         0x08003506        0x2 
 .text._sbrk_r  0x08003508       0x24 c:/data/program files (x86)/arm gnu toolchain arm-none-eabi/11.3 rel1/bin/../lib/gcc/arm-none-eabi/11.3.1/thumb/v6-m/nofp\libc_nano.a(libc_a-sbrkr.o)
                0x08003508                _sbrk_r
 .text.memchr   0x0800352c       0x16 c:/data/program files (x86)/arm gnu toolchain arm-none-eabi/11.3 rel1/bin/../lib/gcc/arm-none-eabi/11.3.1/thumb/v6-m/nofp\libc_nano.a(libc_a-memchr-stub.o)
                0x0800352c                memchr
 .text.memcpy   0x08003542       0x12 c:/data/program files (x86)/arm gnu toolchain arm-none-eabi/11.3 rel1/bin/../lib/gcc/arm-none-eabi/11.3.1/thumb/v6-m/nofp\libc_nano.a(libc_a-memcpy-stub.o)
                0x08003542                memcpy
 .text._realloc_r
                0x08003554       0x5e c:/data/program files (x86)/arm gnu toolchain arm-none-eabi/11.3 rel1/bin/../lib/gcc/arm-none-eabi/11.3.1/thumb/v6-m/nofp\libc_nano.a(libc_a-reallocr.o)
                0x08003554                _realloc_r
 .text._malloc_usable_size_r
                0x080035b2       0x10 c:/data/program files (x86)/arm gnu toolchain arm-none-eabi/11.3 rel1/bin/../lib/gcc/arm-none-eabi/11.3.1/thumb/v6-m/nofp\libc_nano.a(libc_a-msizer.o)
                0x080035b2                _malloc_usable_size_r
 *fill*         0x080035c2        0x2 
 .text._sbrk    0x080035c4       0x1c c:/data/program files (x86)/arm gnu toolchain arm-none-eabi/11.3 rel1/bin/../lib/gcc/arm-none-eabi/11.3.1/thumb/v6-m/nofp\libnosys.a(sbrk.o)
                0x080035c4                _sbrk
 *(.glue_7)
 .glue_7        0x080035e0        0x0 linker stubs
 *(.glue_7t)
 .glue_7t       0x080035e0        0x0 linker stubs
 *(.eh_frame)
 .eh_frame      0x080035e0        0x0 c:/data/program files (x86)/arm gnu toolchain arm-none-eabi/11.3 rel1/bin/../lib/gcc/arm-none-eabi/11.3.1/thumb/v6-m/nofp/crtbegin.o
 *(.init)
 .init          0x080035e0        0x4 c:/data/program files (x86)/arm gnu toolchain arm-none-eabi/11.3 rel1/bin/../lib/gcc/arm-none-eabi/11.3.1/thumb/v6-m/nofp/crti.o
                0x080035e0                _init
 .init          0x080035e4        0x8 c:/data/program files (x86)/arm gnu toolchain arm-none-eabi/11.3 rel1/bin/../lib/gcc/arm-none-eabi/11.3.1/thumb/v6-m/nofp/crtn.o
 *(.fini)
 .fini          0x080035ec        0x4 c:/data/program files (x86)/arm gnu toolchain arm-none-eabi/11.3 rel1/bin/../lib/gcc/arm-none-eabi/11.3.1/thumb/v6-m/nofp/crti.o
                0x080035ec                _fini
 .fini          0x080035f0        0x8 c:/data/program files (x86)/arm gnu toolchain arm-none-eabi/11.3 rel1/bin/../lib/gcc/arm-none-eabi/11.3.1/thumb/v6-m/nofp/crtn.o
                0x080035f8                . = ALIGN (0x4)
                0x080035f8                _etext = .

.vfp11_veneer   0x080035f8        0x0
 .vfp11_veneer  0x080035f8        0x0 linker stubs

.v4_bx          0x080035f8        0x0
 .v4_bx         0x080035f8        0x0 linker stubs

.iplt           0x080035f8        0x0
 .iplt          0x080035f8        0x0 c:/data/program files (x86)/arm gnu toolchain arm-none-eabi/11.3 rel1/bin/../lib/gcc/arm-none-eabi/11.3.1/thumb/v6-m/nofp/crtbegin.o

.rodata         0x080035f8       0x80
                0x080035f8                . = ALIGN (0x4)
 *(.rodata)
 *(.rodata*)
 .rodata.main.str1.4
                0x080035f8        0xa build/main.o
 *fill*         0x08003602        0x2 
 .rodata.HAL_RCC_GetSysClockFreq.str1.4
                0x08003604       0x25 build/stm32f0xx_hal_rcc.o
 *fill*         0x08003629        0x3 
 .rodata.AHBPrescTable
                0x0800362c       0x10 build/system_stm32f0xx.o
                0x0800362c                AHBPrescTable
 .rodata.APBPrescTable
                0x0800363c        0x8 build/system_stm32f0xx.o
                0x0800363c                APBPrescTable
 .rodata._svfprintf_r.str1.1
                0x08003644       0x11 c:/data/program files (x86)/arm gnu toolchain arm-none-eabi/11.3 rel1/bin/../lib/gcc/arm-none-eabi/11.3.1/thumb/v6-m/nofp\libc_nano.a(libc_a-nano-svfprintf.o)
 .rodata._printf_i.str1.1
                0x08003655       0x22 c:/data/program files (x86)/arm gnu toolchain arm-none-eabi/11.3 rel1/bin/../lib/gcc/arm-none-eabi/11.3.1/thumb/v6-m/nofp\libc_nano.a(libc_a-nano-vfprintf_i.o)
                0x08003678                . = ALIGN (0x4)
 *fill*         0x08003677        0x1 

.rel.dyn        0x08003678        0x0
 .rel.iplt      0x08003678        0x0 c:/data/program files (x86)/arm gnu toolchain arm-none-eabi/11.3 rel1/bin/../lib/gcc/arm-none-eabi/11.3.1/thumb/v6-m/nofp/crtbegin.o

.ARM.extab
 *(.ARM.extab* .gnu.linkonce.armextab.*)

.ARM            0x08003678        0x0
                0x08003678                __exidx_start = .
 *(.ARM.exidx*)
                0x08003678                __exidx_end = .

.preinit_array  0x08003678        0x0
                0x08003678                PROVIDE (__preinit_array_start = .)
 *(.preinit_array*)
                0x08003678                PROVIDE (__preinit_array_end = .)

.init_array     0x08003678        0x4
                0x08003678                PROVIDE (__init_array_start = .)
 *(SORT_BY_NAME(.init_array.*))
 *(.init_array*)
 .init_array    0x08003678        0x4 c:/data/program files (x86)/arm gnu toolchain arm-none-eabi/11.3 rel1/bin/../lib/gcc/arm-none-eabi/11.3.1/thumb/v6-m/nofp/crtbegin.o
                0x0800367c                PROVIDE (__init_array_end = .)

.fini_array     0x0800367c        0x4
                [!provide]                PROVIDE (__fini_array_start = .)
 *(SORT_BY_NAME(.fini_array.*))
 *(.fini_array*)
 .fini_array    0x0800367c        0x4 c:/data/program files (x86)/arm gnu toolchain arm-none-eabi/11.3 rel1/bin/../lib/gcc/arm-none-eabi/11.3.1/thumb/v6-m/nofp/crtbegin.o
                [!provide]                PROVIDE (__fini_array_end = .)
                0x08003680                _sidata = LOADADDR (.data)

.data           0x20000000       0x5c load address 0x08003680
                0x20000000                . = ALIGN (0x4)
                0x20000000                _sdata = .
 *(.data)
 *(.data*)
 .data.uwTickFreq
                0x20000000        0x1 build/stm32f0xx_hal.o
                0x20000000                uwTickFreq
 *fill*         0x20000001        0x3 
 .data.uwTickPrio
                0x20000004        0x4 build/stm32f0xx_hal.o
                0x20000004                uwTickPrio
 .data.SystemCoreClock
                0x20000008        0x4 build/system_stm32f0xx.o
                0x20000008                SystemCoreClock
 .data._impure_data
                0x2000000c       0x4c c:/data/program files (x86)/arm gnu toolchain arm-none-eabi/11.3 rel1/bin/../lib/gcc/arm-none-eabi/11.3.1/thumb/v6-m/nofp\libc_nano.a(libc_a-impure.o)
                0x2000000c                _impure_data
 .data._impure_ptr
                0x20000058        0x4 c:/data/program files (x86)/arm gnu toolchain arm-none-eabi/11.3 rel1/bin/../lib/gcc/arm-none-eabi/11.3.1/thumb/v6-m/nofp\libc_nano.a(libc_a-impure.o)
                0x20000058                _impure_ptr
                0x2000005c                . = ALIGN (0x4)
                0x2000005c                _edata = .

.tm_clone_table
                0x2000005c        0x0 load address 0x080036dc
 .tm_clone_table
                0x2000005c        0x0 c:/data/program files (x86)/arm gnu toolchain arm-none-eabi/11.3 rel1/bin/../lib/gcc/arm-none-eabi/11.3.1/thumb/v6-m/nofp/crtbegin.o
 .tm_clone_table
                0x2000005c        0x0 c:/data/program files (x86)/arm gnu toolchain arm-none-eabi/11.3 rel1/bin/../lib/gcc/arm-none-eabi/11.3.1/thumb/v6-m/nofp/crtend.o

.igot.plt       0x2000005c        0x0 load address 0x080036dc
 .igot.plt      0x2000005c        0x0 c:/data/program files (x86)/arm gnu toolchain arm-none-eabi/11.3 rel1/bin/../lib/gcc/arm-none-eabi/11.3.1/thumb/v6-m/nofp/crtbegin.o
                0x2000005c                . = ALIGN (0x4)

.bss            0x2000005c      0x324 load address 0x080036dc
                0x2000005c                _sbss = .
                0x2000005c                __bss_start__ = _sbss
 *(.bss)
 *(.bss*)
 .bss.completed.1
                0x2000005c        0x1 c:/data/program files (x86)/arm gnu toolchain arm-none-eabi/11.3 rel1/bin/../lib/gcc/arm-none-eabi/11.3.1/thumb/v6-m/nofp/crtbegin.o
 *fill*         0x2000005d        0x3 
 .bss.object.0  0x20000060       0x18 c:/data/program files (x86)/arm gnu toolchain arm-none-eabi/11.3 rel1/bin/../lib/gcc/arm-none-eabi/11.3.1/thumb/v6-m/nofp/crtbegin.o
 .bss.buf       0x20000078       0x14 build/main.o
                0x20000078                buf
 .bss.hadc      0x2000008c       0x40 build/main.o
                0x2000008c                hadc
 .bss.hi2c1     0x200000cc       0x4c build/main.o
                0x200000cc                hi2c1
 .bss.hspi1     0x20000118       0x64 build/main.o
                0x20000118                hspi1
 .bss.huart1    0x2000017c       0x84 build/main.o
                0x2000017c                huart1
 .bss.transmitData
                0x20000200        0x3 build/main.o
                0x20000200                transmitData
 *fill*         0x20000203        0x1 
 .bss.txLoRa    0x20000204       0x2c build/main.o
                0x20000204                txLoRa
 .bss.uwTick    0x20000230        0x4 build/stm32f0xx_hal.o
                0x20000230                uwTick
 .bss.__sf      0x20000234      0x138 c:/data/program files (x86)/arm gnu toolchain arm-none-eabi/11.3 rel1/bin/../lib/gcc/arm-none-eabi/11.3.1/thumb/v6-m/nofp\libc_nano.a(libc_a-findfp.o)
                0x20000234                __sf
 .bss.errno     0x2000036c        0x4 c:/data/program files (x86)/arm gnu toolchain arm-none-eabi/11.3 rel1/bin/../lib/gcc/arm-none-eabi/11.3.1/thumb/v6-m/nofp\libc_nano.a(libc_a-reent.o)
                0x2000036c                errno
 .bss.__lock___malloc_recursive_mutex
                0x20000370        0x1 c:/data/program files (x86)/arm gnu toolchain arm-none-eabi/11.3 rel1/bin/../lib/gcc/arm-none-eabi/11.3.1/thumb/v6-m/nofp\libc_nano.a(libc_a-lock.o)
                0x20000370                __lock___malloc_recursive_mutex
 *fill*         0x20000371        0x3 
 .bss.__malloc_free_list
                0x20000374        0x4 c:/data/program files (x86)/arm gnu toolchain arm-none-eabi/11.3 rel1/bin/../lib/gcc/arm-none-eabi/11.3.1/thumb/v6-m/nofp\libc_nano.a(libc_a-mallocr.o)
                0x20000374                __malloc_free_list
 .bss.__malloc_sbrk_start
                0x20000378        0x4 c:/data/program files (x86)/arm gnu toolchain arm-none-eabi/11.3 rel1/bin/../lib/gcc/arm-none-eabi/11.3.1/thumb/v6-m/nofp\libc_nano.a(libc_a-mallocr.o)
                0x20000378                __malloc_sbrk_start
 .bss.heap_end.0
                0x2000037c        0x4 c:/data/program files (x86)/arm gnu toolchain arm-none-eabi/11.3 rel1/bin/../lib/gcc/arm-none-eabi/11.3.1/thumb/v6-m/nofp\libnosys.a(sbrk.o)
 *(COMMON)
                0x20000380                . = ALIGN (0x4)
                0x20000380                _ebss = .
                0x20000380                __bss_end__ = _ebss

._user_heap_stack
                0x20000380      0x600 load address 0x080036dc
                0x20000380                . = ALIGN (0x8)
                0x20000380                PROVIDE (end = .)
                [!provide]                PROVIDE (_end = .)
                0x20000580                . = (. + _Min_Heap_Size)
 *fill*         0x20000380      0x200 
                0x20000980                . = (. + _Min_Stack_Size)
 *fill*         0x20000580      0x400 
                0x20000980                . = ALIGN (0x8)

/DISCARD/
 libc.a(*)
 libm.a(*)
 libgcc.a(*)

.ARM.attributes
                0x00000000       0x28
 *(.ARM.attributes)
 .ARM.attributes
                0x00000000       0x1e c:/data/program files (x86)/arm gnu toolchain arm-none-eabi/11.3 rel1/bin/../lib/gcc/arm-none-eabi/11.3.1/thumb/v6-m/nofp/crti.o
 .ARM.attributes
                0x0000001e       0x2c c:/data/program files (x86)/arm gnu toolchain arm-none-eabi/11.3 rel1/bin/../lib/gcc/arm-none-eabi/11.3.1/thumb/v6-m/nofp/crtbegin.o
 .ARM.attributes
                0x0000004a       0x2c build/main.o
 .ARM.attributes
                0x00000076       0x2c build/LoRa.o
 .ARM.attributes
                0x000000a2       0x2c build/stm32f0xx_it.o
 .ARM.attributes
                0x000000ce       0x2c build/stm32f0xx_hal_msp.o
 .ARM.attributes
                0x000000fa       0x2c build/stm32f0xx_hal_adc.o
 .ARM.attributes
                0x00000126       0x2c build/stm32f0xx_hal_rcc.o
 .ARM.attributes
                0x00000152       0x2c build/stm32f0xx_hal_rcc_ex.o
 .ARM.attributes
                0x0000017e       0x2c build/stm32f0xx_hal.o
 .ARM.attributes
                0x000001aa       0x2c build/stm32f0xx_hal_i2c.o
 .ARM.attributes
                0x000001d6       0x2c build/stm32f0xx_hal_i2c_ex.o
 .ARM.attributes
                0x00000202       0x2c build/stm32f0xx_hal_gpio.o
 .ARM.attributes
                0x0000022e       0x2c build/stm32f0xx_hal_cortex.o
 .ARM.attributes
                0x0000025a       0x2c build/stm32f0xx_hal_spi.o
 .ARM.attributes
                0x00000286       0x2c build/stm32f0xx_hal_uart.o
 .ARM.attributes
                0x000002b2       0x2c build/system_stm32f0xx.o
 .ARM.attributes
                0x000002de       0x21 build/startup_stm32f030x6.o
 .ARM.attributes
                0x000002ff       0x2c c:/data/program files (x86)/arm gnu toolchain arm-none-eabi/11.3 rel1/bin/../lib/gcc/arm-none-eabi/11.3.1/thumb/v6-m/nofp\libc_nano.a(libc_a-findfp.o)
 .ARM.attributes
                0x0000032b       0x2c c:/data/program files (x86)/arm gnu toolchain arm-none-eabi/11.3 rel1/bin/../lib/gcc/arm-none-eabi/11.3.1/thumb/v6-m/nofp\libc_nano.a(libc_a-sprintf.o)
 .ARM.attributes
                0x00000357       0x2c c:/data/program files (x86)/arm gnu toolchain arm-none-eabi/11.3 rel1/bin/../lib/gcc/arm-none-eabi/11.3.1/thumb/v6-m/nofp\libc_nano.a(libc_a-memset.o)
 .ARM.attributes
                0x00000383       0x2c c:/data/program files (x86)/arm gnu toolchain arm-none-eabi/11.3 rel1/bin/../lib/gcc/arm-none-eabi/11.3.1/thumb/v6-m/nofp\libc_nano.a(libc_a-reent.o)
 .ARM.attributes
                0x000003af       0x2c c:/data/program files (x86)/arm gnu toolchain arm-none-eabi/11.3 rel1/bin/../lib/gcc/arm-none-eabi/11.3.1/thumb/v6-m/nofp\libc_nano.a(libc_a-impure.o)
 .ARM.attributes
                0x000003db       0x2c c:/data/program files (x86)/arm gnu toolchain arm-none-eabi/11.3 rel1/bin/../lib/gcc/arm-none-eabi/11.3.1/thumb/v6-m/nofp\libc_nano.a(libc_a-init.o)
 .ARM.attributes
                0x00000407       0x2c c:/data/program files (x86)/arm gnu toolchain arm-none-eabi/11.3 rel1/bin/../lib/gcc/arm-none-eabi/11.3.1/thumb/v6-m/nofp\libc_nano.a(libc_a-lock.o)
 .ARM.attributes
                0x00000433       0x1c c:/data/program files (x86)/arm gnu toolchain arm-none-eabi/11.3 rel1/bin/../lib/gcc/arm-none-eabi/11.3.1/thumb/v6-m/nofp\libc_nano.a(libc_a-strlen.o)
 .ARM.attributes
                0x0000044f       0x2c c:/data/program files (x86)/arm gnu toolchain arm-none-eabi/11.3 rel1/bin/../lib/gcc/arm-none-eabi/11.3.1/thumb/v6-m/nofp\libc_nano.a(libc_a-freer.o)
 .ARM.attributes
                0x0000047b       0x2c c:/data/program files (x86)/arm gnu toolchain arm-none-eabi/11.3 rel1/bin/../lib/gcc/arm-none-eabi/11.3.1/thumb/v6-m/nofp\libc_nano.a(libc_a-mallocr.o)
 .ARM.attributes
                0x000004a7       0x2c c:/data/program files (x86)/arm gnu toolchain arm-none-eabi/11.3 rel1/bin/../lib/gcc/arm-none-eabi/11.3.1/thumb/v6-m/nofp\libc_nano.a(libc_a-mlock.o)
 .ARM.attributes
                0x000004d3       0x2c c:/data/program files (x86)/arm gnu toolchain arm-none-eabi/11.3 rel1/bin/../lib/gcc/arm-none-eabi/11.3.1/thumb/v6-m/nofp\libc_nano.a(libc_a-nano-svfprintf.o)
 .ARM.attributes
                0x000004ff       0x2c c:/data/program files (x86)/arm gnu toolchain arm-none-eabi/11.3 rel1/bin/../lib/gcc/arm-none-eabi/11.3.1/thumb/v6-m/nofp\libc_nano.a(libc_a-nano-vfprintf_i.o)
 .ARM.attributes
                0x0000052b       0x2c c:/data/program files (x86)/arm gnu toolchain arm-none-eabi/11.3 rel1/bin/../lib/gcc/arm-none-eabi/11.3.1/thumb/v6-m/nofp\libc_nano.a(libc_a-memmove.o)
 .ARM.attributes
                0x00000557       0x2c c:/data/program files (x86)/arm gnu toolchain arm-none-eabi/11.3 rel1/bin/../lib/gcc/arm-none-eabi/11.3.1/thumb/v6-m/nofp\libc_nano.a(libc_a-sbrkr.o)
 .ARM.attributes
                0x00000583       0x2c c:/data/program files (x86)/arm gnu toolchain arm-none-eabi/11.3 rel1/bin/../lib/gcc/arm-none-eabi/11.3.1/thumb/v6-m/nofp\libc_nano.a(libc_a-memchr-stub.o)
 .ARM.attributes
                0x000005af       0x2c c:/data/program files (x86)/arm gnu toolchain arm-none-eabi/11.3 rel1/bin/../lib/gcc/arm-none-eabi/11.3.1/thumb/v6-m/nofp\libc_nano.a(libc_a-memcpy-stub.o)
 .ARM.attributes
                0x000005db       0x2c c:/data/program files (x86)/arm gnu toolchain arm-none-eabi/11.3 rel1/bin/../lib/gcc/arm-none-eabi/11.3.1/thumb/v6-m/nofp\libc_nano.a(libc_a-reallocr.o)
 .ARM.attributes
                0x00000607       0x2c c:/data/program files (x86)/arm gnu toolchain arm-none-eabi/11.3 rel1/bin/../lib/gcc/arm-none-eabi/11.3.1/thumb/v6-m/nofp\libc_nano.a(libc_a-msizer.o)
 .ARM.attributes
                0x00000633       0x2c c:/data/program files (x86)/arm gnu toolchain arm-none-eabi/11.3 rel1/bin/../lib/gcc/arm-none-eabi/11.3.1/thumb/v6-m/nofp\libnosys.a(sbrk.o)
 .ARM.attributes
                0x0000065f       0x1e c:/data/program files (x86)/arm gnu toolchain arm-none-eabi/11.3 rel1/bin/../lib/gcc/arm-none-eabi/11.3.1/thumb/v6-m/nofp\libgcc.a(_thumb1_case_shi.o)
 .ARM.attributes
                0x0000067d       0x1e c:/data/program files (x86)/arm gnu toolchain arm-none-eabi/11.3 rel1/bin/../lib/gcc/arm-none-eabi/11.3.1/thumb/v6-m/nofp\libgcc.a(_udivsi3.o)
 .ARM.attributes
                0x0000069b       0x1e c:/data/program files (x86)/arm gnu toolchain arm-none-eabi/11.3 rel1/bin/../lib/gcc/arm-none-eabi/11.3.1/thumb/v6-m/nofp\libgcc.a(_divsi3.o)
 .ARM.attributes
                0x000006b9       0x1e c:/data/program files (x86)/arm gnu toolchain arm-none-eabi/11.3 rel1/bin/../lib/gcc/arm-none-eabi/11.3.1/thumb/v6-m/nofp\libgcc.a(_dvmd_tls.o)
 .ARM.attributes
                0x000006d7       0x2c c:/data/program files (x86)/arm gnu toolchain arm-none-eabi/11.3 rel1/bin/../lib/gcc/arm-none-eabi/11.3.1/thumb/v6-m/nofp/crtend.o
 .ARM.attributes
                0x00000703       0x1e c:/data/program files (x86)/arm gnu toolchain arm-none-eabi/11.3 rel1/bin/../lib/gcc/arm-none-eabi/11.3.1/thumb/v6-m/nofp/crtn.o
OUTPUT(build/Dongle.elf elf32-littlearm)
LOAD linker stubs
LOAD c:/data/program files (x86)/arm gnu toolchain arm-none-eabi/11.3 rel1/bin/../lib/gcc/arm-none-eabi/11.3.1/thumb/v6-m/nofp\libc.a
LOAD c:/data/program files (x86)/arm gnu toolchain arm-none-eabi/11.3 rel1/bin/../lib/gcc/arm-none-eabi/11.3.1/thumb/v6-m/nofp\libm.a
LOAD c:/data/program files (x86)/arm gnu toolchain arm-none-eabi/11.3 rel1/bin/../lib/gcc/arm-none-eabi/11.3.1/thumb/v6-m/nofp\libgcc.a

.comment        0x00000000       0x33
 .comment       0x00000000       0x33 c:/data/program files (x86)/arm gnu toolchain arm-none-eabi/11.3 rel1/bin/../lib/gcc/arm-none-eabi/11.3.1/thumb/v6-m/nofp/crtbegin.o
                                 0x34 (size before relaxing)
 .comment       0x00000033       0x34 build/main.o
 .comment       0x00000033       0x34 build/LoRa.o
 .comment       0x00000033       0x34 build/stm32f0xx_it.o
 .comment       0x00000033       0x34 build/stm32f0xx_hal_msp.o
 .comment       0x00000033       0x34 build/stm32f0xx_hal_adc.o
 .comment       0x00000033       0x34 build/stm32f0xx_hal_rcc.o
 .comment       0x00000033       0x34 build/stm32f0xx_hal_rcc_ex.o
 .comment       0x00000033       0x34 build/stm32f0xx_hal.o
 .comment       0x00000033       0x34 build/stm32f0xx_hal_i2c.o
 .comment       0x00000033       0x34 build/stm32f0xx_hal_i2c_ex.o
 .comment       0x00000033       0x34 build/stm32f0xx_hal_gpio.o
 .comment       0x00000033       0x34 build/stm32f0xx_hal_cortex.o
 .comment       0x00000033       0x34 build/stm32f0xx_hal_spi.o
 .comment       0x00000033       0x34 build/stm32f0xx_hal_uart.o
 .comment       0x00000033       0x34 build/system_stm32f0xx.o
 .comment       0x00000033       0x34 c:/data/program files (x86)/arm gnu toolchain arm-none-eabi/11.3 rel1/bin/../lib/gcc/arm-none-eabi/11.3.1/thumb/v6-m/nofp\libc_nano.a(libc_a-findfp.o)
 .comment       0x00000033       0x34 c:/data/program files (x86)/arm gnu toolchain arm-none-eabi/11.3 rel1/bin/../lib/gcc/arm-none-eabi/11.3.1/thumb/v6-m/nofp\libc_nano.a(libc_a-sprintf.o)
 .comment       0x00000033       0x34 c:/data/program files (x86)/arm gnu toolchain arm-none-eabi/11.3 rel1/bin/../lib/gcc/arm-none-eabi/11.3.1/thumb/v6-m/nofp\libc_nano.a(libc_a-memset.o)
 .comment       0x00000033       0x34 c:/data/program files (x86)/arm gnu toolchain arm-none-eabi/11.3 rel1/bin/../lib/gcc/arm-none-eabi/11.3.1/thumb/v6-m/nofp\libc_nano.a(libc_a-reent.o)
 .comment       0x00000033       0x34 c:/data/program files (x86)/arm gnu toolchain arm-none-eabi/11.3 rel1/bin/../lib/gcc/arm-none-eabi/11.3.1/thumb/v6-m/nofp\libc_nano.a(libc_a-impure.o)
 .comment       0x00000033       0x34 c:/data/program files (x86)/arm gnu toolchain arm-none-eabi/11.3 rel1/bin/../lib/gcc/arm-none-eabi/11.3.1/thumb/v6-m/nofp\libc_nano.a(libc_a-init.o)
 .comment       0x00000033       0x34 c:/data/program files (x86)/arm gnu toolchain arm-none-eabi/11.3 rel1/bin/../lib/gcc/arm-none-eabi/11.3.1/thumb/v6-m/nofp\libc_nano.a(libc_a-lock.o)
 .comment       0x00000033       0x34 c:/data/program files (x86)/arm gnu toolchain arm-none-eabi/11.3 rel1/bin/../lib/gcc/arm-none-eabi/11.3.1/thumb/v6-m/nofp\libc_nano.a(libc_a-freer.o)
 .comment       0x00000033       0x34 c:/data/program files (x86)/arm gnu toolchain arm-none-eabi/11.3 rel1/bin/../lib/gcc/arm-none-eabi/11.3.1/thumb/v6-m/nofp\libc_nano.a(libc_a-mallocr.o)
 .comment       0x00000033       0x34 c:/data/program files (x86)/arm gnu toolchain arm-none-eabi/11.3 rel1/bin/../lib/gcc/arm-none-eabi/11.3.1/thumb/v6-m/nofp\libc_nano.a(libc_a-mlock.o)
 .comment       0x00000033       0x34 c:/data/program files (x86)/arm gnu toolchain arm-none-eabi/11.3 rel1/bin/../lib/gcc/arm-none-eabi/11.3.1/thumb/v6-m/nofp\libc_nano.a(libc_a-nano-svfprintf.o)
 .comment       0x00000033       0x34 c:/data/program files (x86)/arm gnu toolchain arm-none-eabi/11.3 rel1/bin/../lib/gcc/arm-none-eabi/11.3.1/thumb/v6-m/nofp\libc_nano.a(libc_a-nano-vfprintf_i.o)
 .comment       0x00000033       0x34 c:/data/program files (x86)/arm gnu toolchain arm-none-eabi/11.3 rel1/bin/../lib/gcc/arm-none-eabi/11.3.1/thumb/v6-m/nofp\libc_nano.a(libc_a-memmove.o)
 .comment       0x00000033       0x34 c:/data/program files (x86)/arm gnu toolchain arm-none-eabi/11.3 rel1/bin/../lib/gcc/arm-none-eabi/11.3.1/thumb/v6-m/nofp\libc_nano.a(libc_a-sbrkr.o)
 .comment       0x00000033       0x34 c:/data/program files (x86)/arm gnu toolchain arm-none-eabi/11.3 rel1/bin/../lib/gcc/arm-none-eabi/11.3.1/thumb/v6-m/nofp\libc_nano.a(libc_a-memchr-stub.o)
 .comment       0x00000033       0x34 c:/data/program files (x86)/arm gnu toolchain arm-none-eabi/11.3 rel1/bin/../lib/gcc/arm-none-eabi/11.3.1/thumb/v6-m/nofp\libc_nano.a(libc_a-memcpy-stub.o)
 .comment       0x00000033       0x34 c:/data/program files (x86)/arm gnu toolchain arm-none-eabi/11.3 rel1/bin/../lib/gcc/arm-none-eabi/11.3.1/thumb/v6-m/nofp\libc_nano.a(libc_a-reallocr.o)
 .comment       0x00000033       0x34 c:/data/program files (x86)/arm gnu toolchain arm-none-eabi/11.3 rel1/bin/../lib/gcc/arm-none-eabi/11.3.1/thumb/v6-m/nofp\libc_nano.a(libc_a-msizer.o)
 .comment       0x00000033       0x34 c:/data/program files (x86)/arm gnu toolchain arm-none-eabi/11.3 rel1/bin/../lib/gcc/arm-none-eabi/11.3.1/thumb/v6-m/nofp\libnosys.a(sbrk.o)
 .comment       0x00000033       0x34 c:/data/program files (x86)/arm gnu toolchain arm-none-eabi/11.3 rel1/bin/../lib/gcc/arm-none-eabi/11.3.1/thumb/v6-m/nofp/crtend.o

.debug_info     0x00000000    0x1c75d
 .debug_info    0x00000000     0x1eac build/main.o
 .debug_info    0x00001eac     0x185d build/LoRa.o
 .debug_info    0x00003709      0x100 build/stm32f0xx_it.o
 .debug_info    0x00003809     0x162e build/stm32f0xx_hal_msp.o
 .debug_info    0x00004e37     0x10d6 build/stm32f0xx_hal_adc.o
 .debug_info    0x00005f0d      0xb47 build/stm32f0xx_hal_rcc.o
 .debug_info    0x00006a54      0x41b build/stm32f0xx_hal_rcc_ex.o
 .debug_info    0x00006e6f      0x7f2 build/stm32f0xx_hal.o
 .debug_info    0x00007661     0x418b build/stm32f0xx_hal_i2c.o
 .debug_info    0x0000b7ec      0x907 build/stm32f0xx_hal_i2c_ex.o
 .debug_info    0x0000c0f3      0x6c0 build/stm32f0xx_hal_gpio.o
 .debug_info    0x0000c7b3      0x88e build/stm32f0xx_hal_cortex.o
 .debug_info    0x0000d041     0x2344 build/stm32f0xx_hal_spi.o
 .debug_info    0x0000f385     0x50e6 build/stm32f0xx_hal_uart.o
 .debug_info    0x0001446b      0x2bc build/system_stm32f0xx.o
 .debug_info    0x00014727       0x22 build/startup_stm32f030x6.o
 .debug_info    0x00014749      0xf98 c:/data/program files (x86)/arm gnu toolchain arm-none-eabi/11.3 rel1/bin/../lib/gcc/arm-none-eabi/11.3.1/thumb/v6-m/nofp\libc_nano.a(libc_a-findfp.o)
 .debug_info    0x000156e1      0x87e c:/data/program files (x86)/arm gnu toolchain arm-none-eabi/11.3 rel1/bin/../lib/gcc/arm-none-eabi/11.3.1/thumb/v6-m/nofp\libc_nano.a(libc_a-sprintf.o)
 .debug_info    0x00015f5f       0xe0 c:/data/program files (x86)/arm gnu toolchain arm-none-eabi/11.3 rel1/bin/../lib/gcc/arm-none-eabi/11.3.1/thumb/v6-m/nofp\libc_nano.a(libc_a-memset.o)
 .debug_info    0x0001603f      0x857 c:/data/program files (x86)/arm gnu toolchain arm-none-eabi/11.3 rel1/bin/../lib/gcc/arm-none-eabi/11.3.1/thumb/v6-m/nofp\libc_nano.a(libc_a-reent.o)
 .debug_info    0x00016896      0x714 c:/data/program files (x86)/arm gnu toolchain arm-none-eabi/11.3 rel1/bin/../lib/gcc/arm-none-eabi/11.3.1/thumb/v6-m/nofp\libc_nano.a(libc_a-impure.o)
 .debug_info    0x00016faa      0x10b c:/data/program files (x86)/arm gnu toolchain arm-none-eabi/11.3 rel1/bin/../lib/gcc/arm-none-eabi/11.3.1/thumb/v6-m/nofp\libc_nano.a(libc_a-init.o)
 .debug_info    0x000170b5      0x20a c:/data/program files (x86)/arm gnu toolchain arm-none-eabi/11.3 rel1/bin/../lib/gcc/arm-none-eabi/11.3.1/thumb/v6-m/nofp\libc_nano.a(libc_a-lock.o)
 .debug_info    0x000172bf       0x24 c:/data/program files (x86)/arm gnu toolchain arm-none-eabi/11.3 rel1/bin/../lib/gcc/arm-none-eabi/11.3.1/thumb/v6-m/nofp\libc_nano.a(libc_a-strlen.o)
 .debug_info    0x000172e3      0x849 c:/data/program files (x86)/arm gnu toolchain arm-none-eabi/11.3 rel1/bin/../lib/gcc/arm-none-eabi/11.3.1/thumb/v6-m/nofp\libc_nano.a(libc_a-freer.o)
 .debug_info    0x00017b2c      0x9c6 c:/data/program files (x86)/arm gnu toolchain arm-none-eabi/11.3 rel1/bin/../lib/gcc/arm-none-eabi/11.3.1/thumb/v6-m/nofp\libc_nano.a(libc_a-mallocr.o)
 .debug_info    0x000184f2      0x76a c:/data/program files (x86)/arm gnu toolchain arm-none-eabi/11.3 rel1/bin/../lib/gcc/arm-none-eabi/11.3.1/thumb/v6-m/nofp\libc_nano.a(libc_a-mlock.o)
 .debug_info    0x00018c5c     0x10d8 c:/data/program files (x86)/arm gnu toolchain arm-none-eabi/11.3 rel1/bin/../lib/gcc/arm-none-eabi/11.3.1/thumb/v6-m/nofp\libc_nano.a(libc_a-nano-svfprintf.o)
 .debug_info    0x00019d34      0xe0d c:/data/program files (x86)/arm gnu toolchain arm-none-eabi/11.3 rel1/bin/../lib/gcc/arm-none-eabi/11.3.1/thumb/v6-m/nofp\libc_nano.a(libc_a-nano-vfprintf_i.o)
 .debug_info    0x0001ab41      0x109 c:/data/program files (x86)/arm gnu toolchain arm-none-eabi/11.3 rel1/bin/../lib/gcc/arm-none-eabi/11.3.1/thumb/v6-m/nofp\libc_nano.a(libc_a-memmove.o)
 .debug_info    0x0001ac4a      0x77b c:/data/program files (x86)/arm gnu toolchain arm-none-eabi/11.3 rel1/bin/../lib/gcc/arm-none-eabi/11.3.1/thumb/v6-m/nofp\libc_nano.a(libc_a-sbrkr.o)
 .debug_info    0x0001b3c5      0x110 c:/data/program files (x86)/arm gnu toolchain arm-none-eabi/11.3 rel1/bin/../lib/gcc/arm-none-eabi/11.3.1/thumb/v6-m/nofp\libc_nano.a(libc_a-memchr-stub.o)
 .debug_info    0x0001b4d5      0x11b c:/data/program files (x86)/arm gnu toolchain arm-none-eabi/11.3 rel1/bin/../lib/gcc/arm-none-eabi/11.3.1/thumb/v6-m/nofp\libc_nano.a(libc_a-memcpy-stub.o)
 .debug_info    0x0001b5f0      0x8aa c:/data/program files (x86)/arm gnu toolchain arm-none-eabi/11.3 rel1/bin/../lib/gcc/arm-none-eabi/11.3.1/thumb/v6-m/nofp\libc_nano.a(libc_a-reallocr.o)
 .debug_info    0x0001be9a      0x793 c:/data/program files (x86)/arm gnu toolchain arm-none-eabi/11.3 rel1/bin/../lib/gcc/arm-none-eabi/11.3.1/thumb/v6-m/nofp\libc_nano.a(libc_a-msizer.o)
 .debug_info    0x0001c62d       0x9e c:/data/program files (x86)/arm gnu toolchain arm-none-eabi/11.3 rel1/bin/../lib/gcc/arm-none-eabi/11.3.1/thumb/v6-m/nofp\libnosys.a(sbrk.o)
 .debug_info    0x0001c6cb       0x24 c:/data/program files (x86)/arm gnu toolchain arm-none-eabi/11.3 rel1/bin/../lib/gcc/arm-none-eabi/11.3.1/thumb/v6-m/nofp\libgcc.a(_thumb1_case_shi.o)
 .debug_info    0x0001c6ef       0x25 c:/data/program files (x86)/arm gnu toolchain arm-none-eabi/11.3 rel1/bin/../lib/gcc/arm-none-eabi/11.3.1/thumb/v6-m/nofp\libgcc.a(_udivsi3.o)
 .debug_info    0x0001c714       0x25 c:/data/program files (x86)/arm gnu toolchain arm-none-eabi/11.3 rel1/bin/../lib/gcc/arm-none-eabi/11.3.1/thumb/v6-m/nofp\libgcc.a(_divsi3.o)
 .debug_info    0x0001c739       0x24 c:/data/program files (x86)/arm gnu toolchain arm-none-eabi/11.3 rel1/bin/../lib/gcc/arm-none-eabi/11.3.1/thumb/v6-m/nofp\libgcc.a(_dvmd_tls.o)

.debug_abbrev   0x00000000     0x4255
 .debug_abbrev  0x00000000      0x316 build/main.o
 .debug_abbrev  0x00000316      0x2c6 build/LoRa.o
 .debug_abbrev  0x000005dc       0x80 build/stm32f0xx_it.o
 .debug_abbrev  0x0000065c      0x1fe build/stm32f0xx_hal_msp.o
 .debug_abbrev  0x0000085a      0x265 build/stm32f0xx_hal_adc.o
 .debug_abbrev  0x00000abf      0x2b4 build/stm32f0xx_hal_rcc.o
 .debug_abbrev  0x00000d73      0x1aa build/stm32f0xx_hal_rcc_ex.o
 .debug_abbrev  0x00000f1d      0x268 build/stm32f0xx_hal.o
 .debug_abbrev  0x00001185      0x2ee build/stm32f0xx_hal_i2c.o
 .debug_abbrev  0x00001473      0x1c6 build/stm32f0xx_hal_i2c_ex.o
 .debug_abbrev  0x00001639      0x222 build/stm32f0xx_hal_gpio.o
 .debug_abbrev  0x0000185b      0x2ab build/stm32f0xx_hal_cortex.o
 .debug_abbrev  0x00001b06      0x29e build/stm32f0xx_hal_spi.o
 .debug_abbrev  0x00001da4      0x31d build/stm32f0xx_hal_uart.o
 .debug_abbrev  0x000020c1      0x134 build/system_stm32f0xx.o
 .debug_abbrev  0x000021f5       0x12 build/startup_stm32f030x6.o
 .debug_abbrev  0x00002207      0x3ed c:/data/program files (x86)/arm gnu toolchain arm-none-eabi/11.3 rel1/bin/../lib/gcc/arm-none-eabi/11.3.1/thumb/v6-m/nofp\libc_nano.a(libc_a-findfp.o)
 .debug_abbrev  0x000025f4      0x21c c:/data/program files (x86)/arm gnu toolchain arm-none-eabi/11.3 rel1/bin/../lib/gcc/arm-none-eabi/11.3.1/thumb/v6-m/nofp\libc_nano.a(libc_a-sprintf.o)
 .debug_abbrev  0x00002810       0x9e c:/data/program files (x86)/arm gnu toolchain arm-none-eabi/11.3 rel1/bin/../lib/gcc/arm-none-eabi/11.3.1/thumb/v6-m/nofp\libc_nano.a(libc_a-memset.o)
 .debug_abbrev  0x000028ae      0x1f5 c:/data/program files (x86)/arm gnu toolchain arm-none-eabi/11.3 rel1/bin/../lib/gcc/arm-none-eabi/11.3.1/thumb/v6-m/nofp\libc_nano.a(libc_a-reent.o)
 .debug_abbrev  0x00002aa3      0x149 c:/data/program files (x86)/arm gnu toolchain arm-none-eabi/11.3 rel1/bin/../lib/gcc/arm-none-eabi/11.3.1/thumb/v6-m/nofp\libc_nano.a(libc_a-impure.o)
 .debug_abbrev  0x00002bec       0xc9 c:/data/program files (x86)/arm gnu toolchain arm-none-eabi/11.3 rel1/bin/../lib/gcc/arm-none-eabi/11.3.1/thumb/v6-m/nofp\libc_nano.a(libc_a-init.o)
 .debug_abbrev  0x00002cb5      0x115 c:/data/program files (x86)/arm gnu toolchain arm-none-eabi/11.3 rel1/bin/../lib/gcc/arm-none-eabi/11.3.1/thumb/v6-m/nofp\libc_nano.a(libc_a-lock.o)
 .debug_abbrev  0x00002dca       0x14 c:/data/program files (x86)/arm gnu toolchain arm-none-eabi/11.3 rel1/bin/../lib/gcc/arm-none-eabi/11.3.1/thumb/v6-m/nofp\libc_nano.a(libc_a-strlen.o)
 .debug_abbrev  0x00002dde      0x233 c:/data/program files (x86)/arm gnu toolchain arm-none-eabi/11.3 rel1/bin/../lib/gcc/arm-none-eabi/11.3.1/thumb/v6-m/nofp\libc_nano.a(libc_a-freer.o)
 .debug_abbrev  0x00003011      0x241 c:/data/program files (x86)/arm gnu toolchain arm-none-eabi/11.3 rel1/bin/../lib/gcc/arm-none-eabi/11.3.1/thumb/v6-m/nofp\libc_nano.a(libc_a-mallocr.o)
 .debug_abbrev  0x00003252      0x1bc c:/data/program files (x86)/arm gnu toolchain arm-none-eabi/11.3 rel1/bin/../lib/gcc/arm-none-eabi/11.3.1/thumb/v6-m/nofp\libc_nano.a(libc_a-mlock.o)
 .debug_abbrev  0x0000340e      0x31f c:/data/program files (x86)/arm gnu toolchain arm-none-eabi/11.3 rel1/bin/../lib/gcc/arm-none-eabi/11.3.1/thumb/v6-m/nofp\libc_nano.a(libc_a-nano-svfprintf.o)
 .debug_abbrev  0x0000372d      0x2a0 c:/data/program files (x86)/arm gnu toolchain arm-none-eabi/11.3 rel1/bin/../lib/gcc/arm-none-eabi/11.3.1/thumb/v6-m/nofp\libc_nano.a(libc_a-nano-vfprintf_i.o)
 .debug_abbrev  0x000039cd       0xac c:/data/program files (x86)/arm gnu toolchain arm-none-eabi/11.3 rel1/bin/../lib/gcc/arm-none-eabi/11.3.1/thumb/v6-m/nofp\libc_nano.a(libc_a-memmove.o)
 .debug_abbrev  0x00003a79      0x1da c:/data/program files (x86)/arm gnu toolchain arm-none-eabi/11.3 rel1/bin/../lib/gcc/arm-none-eabi/11.3.1/thumb/v6-m/nofp\libc_nano.a(libc_a-sbrkr.o)
 .debug_abbrev  0x00003c53       0xb1 c:/data/program files (x86)/arm gnu toolchain arm-none-eabi/11.3 rel1/bin/../lib/gcc/arm-none-eabi/11.3.1/thumb/v6-m/nofp\libc_nano.a(libc_a-memchr-stub.o)
 .debug_abbrev  0x00003d04       0xc1 c:/data/program files (x86)/arm gnu toolchain arm-none-eabi/11.3 rel1/bin/../lib/gcc/arm-none-eabi/11.3.1/thumb/v6-m/nofp\libc_nano.a(libc_a-memcpy-stub.o)
 .debug_abbrev  0x00003dc5      0x209 c:/data/program files (x86)/arm gnu toolchain arm-none-eabi/11.3 rel1/bin/../lib/gcc/arm-none-eabi/11.3.1/thumb/v6-m/nofp\libc_nano.a(libc_a-reallocr.o)
 .debug_abbrev  0x00003fce      0x196 c:/data/program files (x86)/arm gnu toolchain arm-none-eabi/11.3 rel1/bin/../lib/gcc/arm-none-eabi/11.3.1/thumb/v6-m/nofp\libc_nano.a(libc_a-msizer.o)
 .debug_abbrev  0x00004164       0xa1 c:/data/program files (x86)/arm gnu toolchain arm-none-eabi/11.3 rel1/bin/../lib/gcc/arm-none-eabi/11.3.1/thumb/v6-m/nofp\libnosys.a(sbrk.o)
 .debug_abbrev  0x00004205       0x14 c:/data/program files (x86)/arm gnu toolchain arm-none-eabi/11.3 rel1/bin/../lib/gcc/arm-none-eabi/11.3.1/thumb/v6-m/nofp\libgcc.a(_thumb1_case_shi.o)
 .debug_abbrev  0x00004219       0x14 c:/data/program files (x86)/arm gnu toolchain arm-none-eabi/11.3 rel1/bin/../lib/gcc/arm-none-eabi/11.3.1/thumb/v6-m/nofp\libgcc.a(_udivsi3.o)
 .debug_abbrev  0x0000422d       0x14 c:/data/program files (x86)/arm gnu toolchain arm-none-eabi/11.3 rel1/bin/../lib/gcc/arm-none-eabi/11.3.1/thumb/v6-m/nofp\libgcc.a(_divsi3.o)
 .debug_abbrev  0x00004241       0x14 c:/data/program files (x86)/arm gnu toolchain arm-none-eabi/11.3 rel1/bin/../lib/gcc/arm-none-eabi/11.3.1/thumb/v6-m/nofp\libgcc.a(_dvmd_tls.o)

.debug_loc      0x00000000     0xf708
 .debug_loc     0x00000000      0x12a build/main.o
 .debug_loc     0x0000012a      0xe4f build/LoRa.o
 .debug_loc     0x00000f79       0x20 build/stm32f0xx_it.o
 .debug_loc     0x00000f99      0x364 build/stm32f0xx_hal_msp.o
 .debug_loc     0x000012fd     0x10bc build/stm32f0xx_hal_adc.o
 .debug_loc     0x000023b9      0x737 build/stm32f0xx_hal_rcc.o
 .debug_loc     0x00002af0      0x3e3 build/stm32f0xx_hal_rcc_ex.o
 .debug_loc     0x00002ed3      0x1e1 build/stm32f0xx_hal.o
 .debug_loc     0x000030b4     0x5495 build/stm32f0xx_hal_i2c.o
 .debug_loc     0x00008549      0x1d2 build/stm32f0xx_hal_i2c_ex.o
 .debug_loc     0x0000871b      0x44a build/stm32f0xx_hal_gpio.o
 .debug_loc     0x00008b65      0x473 build/stm32f0xx_hal_cortex.o
 .debug_loc     0x00008fd8     0x2675 build/stm32f0xx_hal_spi.o
 .debug_loc     0x0000b64d     0x3f47 build/stm32f0xx_hal_uart.o
 .debug_loc     0x0000f594      0x174 build/system_stm32f0xx.o

.debug_aranges  0x00000000      0xf88
 .debug_aranges
                0x00000000       0x60 build/main.o
 .debug_aranges
                0x00000060       0xb0 build/LoRa.o
 .debug_aranges
                0x00000110       0x40 build/stm32f0xx_it.o
 .debug_aranges
                0x00000150       0x60 build/stm32f0xx_hal_msp.o
 .debug_aranges
                0x000001b0       0xf8 build/stm32f0xx_hal_adc.o
 .debug_aranges
                0x000002a8       0x80 build/stm32f0xx_hal_rcc.o
 .debug_aranges
                0x00000328       0x30 build/stm32f0xx_hal_rcc_ex.o
 .debug_aranges
                0x00000358       0xd0 build/stm32f0xx_hal.o
 .debug_aranges
                0x00000428      0x290 build/stm32f0xx_hal_i2c.o
 .debug_aranges
                0x000006b8       0x38 build/stm32f0xx_hal_i2c_ex.o
 .debug_aranges
                0x000006f0       0x58 build/stm32f0xx_hal_gpio.o
 .debug_aranges
                0x00000748       0x78 build/stm32f0xx_hal_cortex.o
 .debug_aranges
                0x000007c0      0x1d8 build/stm32f0xx_hal_spi.o
 .debug_aranges
                0x00000998      0x218 build/stm32f0xx_hal_uart.o
 .debug_aranges
                0x00000bb0       0x28 build/system_stm32f0xx.o
 .debug_aranges
                0x00000bd8       0x28 build/startup_stm32f030x6.o
 .debug_aranges
                0x00000c00       0x78 c:/data/program files (x86)/arm gnu toolchain arm-none-eabi/11.3 rel1/bin/../lib/gcc/arm-none-eabi/11.3.1/thumb/v6-m/nofp\libc_nano.a(libc_a-findfp.o)
 .debug_aranges
                0x00000c78       0x28 c:/data/program files (x86)/arm gnu toolchain arm-none-eabi/11.3 rel1/bin/../lib/gcc/arm-none-eabi/11.3.1/thumb/v6-m/nofp\libc_nano.a(libc_a-sprintf.o)
 .debug_aranges
                0x00000ca0       0x20 c:/data/program files (x86)/arm gnu toolchain arm-none-eabi/11.3 rel1/bin/../lib/gcc/arm-none-eabi/11.3.1/thumb/v6-m/nofp\libc_nano.a(libc_a-memset.o)
 .debug_aranges
                0x00000cc0       0x20 c:/data/program files (x86)/arm gnu toolchain arm-none-eabi/11.3 rel1/bin/../lib/gcc/arm-none-eabi/11.3.1/thumb/v6-m/nofp\libc_nano.a(libc_a-reent.o)
 .debug_aranges
                0x00000ce0       0x18 c:/data/program files (x86)/arm gnu toolchain arm-none-eabi/11.3 rel1/bin/../lib/gcc/arm-none-eabi/11.3.1/thumb/v6-m/nofp\libc_nano.a(libc_a-impure.o)
 .debug_aranges
                0x00000cf8       0x20 c:/data/program files (x86)/arm gnu toolchain arm-none-eabi/11.3 rel1/bin/../lib/gcc/arm-none-eabi/11.3.1/thumb/v6-m/nofp\libc_nano.a(libc_a-init.o)
 .debug_aranges
                0x00000d18       0x28 c:/data/program files (x86)/arm gnu toolchain arm-none-eabi/11.3 rel1/bin/../lib/gcc/arm-none-eabi/11.3.1/thumb/v6-m/nofp\libc_nano.a(libc_a-lock.o)
 .debug_aranges
                0x00000d40       0x20 c:/data/program files (x86)/arm gnu toolchain arm-none-eabi/11.3 rel1/bin/../lib/gcc/arm-none-eabi/11.3.1/thumb/v6-m/nofp\libc_nano.a(libc_a-strlen.o)
 .debug_aranges
                0x00000d60       0x20 c:/data/program files (x86)/arm gnu toolchain arm-none-eabi/11.3 rel1/bin/../lib/gcc/arm-none-eabi/11.3.1/thumb/v6-m/nofp\libc_nano.a(libc_a-freer.o)
 .debug_aranges
                0x00000d80       0x28 c:/data/program files (x86)/arm gnu toolchain arm-none-eabi/11.3 rel1/bin/../lib/gcc/arm-none-eabi/11.3.1/thumb/v6-m/nofp\libc_nano.a(libc_a-mallocr.o)
 .debug_aranges
                0x00000da8       0x28 c:/data/program files (x86)/arm gnu toolchain arm-none-eabi/11.3 rel1/bin/../lib/gcc/arm-none-eabi/11.3.1/thumb/v6-m/nofp\libc_nano.a(libc_a-mlock.o)
 .debug_aranges
                0x00000dd0       0x30 c:/data/program files (x86)/arm gnu toolchain arm-none-eabi/11.3 rel1/bin/../lib/gcc/arm-none-eabi/11.3.1/thumb/v6-m/nofp\libc_nano.a(libc_a-nano-svfprintf.o)
 .debug_aranges
                0x00000e00       0x28 c:/data/program files (x86)/arm gnu toolchain arm-none-eabi/11.3 rel1/bin/../lib/gcc/arm-none-eabi/11.3.1/thumb/v6-m/nofp\libc_nano.a(libc_a-nano-vfprintf_i.o)
 .debug_aranges
                0x00000e28       0x20 c:/data/program files (x86)/arm gnu toolchain arm-none-eabi/11.3 rel1/bin/../lib/gcc/arm-none-eabi/11.3.1/thumb/v6-m/nofp\libc_nano.a(libc_a-memmove.o)
 .debug_aranges
                0x00000e48       0x20 c:/data/program files (x86)/arm gnu toolchain arm-none-eabi/11.3 rel1/bin/../lib/gcc/arm-none-eabi/11.3.1/thumb/v6-m/nofp\libc_nano.a(libc_a-sbrkr.o)
 .debug_aranges
                0x00000e68       0x20 c:/data/program files (x86)/arm gnu toolchain arm-none-eabi/11.3 rel1/bin/../lib/gcc/arm-none-eabi/11.3.1/thumb/v6-m/nofp\libc_nano.a(libc_a-memchr-stub.o)
 .debug_aranges
                0x00000e88       0x20 c:/data/program files (x86)/arm gnu toolchain arm-none-eabi/11.3 rel1/bin/../lib/gcc/arm-none-eabi/11.3.1/thumb/v6-m/nofp\libc_nano.a(libc_a-memcpy-stub.o)
 .debug_aranges
                0x00000ea8       0x20 c:/data/program files (x86)/arm gnu toolchain arm-none-eabi/11.3 rel1/bin/../lib/gcc/arm-none-eabi/11.3.1/thumb/v6-m/nofp\libc_nano.a(libc_a-reallocr.o)
 .debug_aranges
                0x00000ec8       0x20 c:/data/program files (x86)/arm gnu toolchain arm-none-eabi/11.3 rel1/bin/../lib/gcc/arm-none-eabi/11.3.1/thumb/v6-m/nofp\libc_nano.a(libc_a-msizer.o)
 .debug_aranges
                0x00000ee8       0x20 c:/data/program files (x86)/arm gnu toolchain arm-none-eabi/11.3 rel1/bin/../lib/gcc/arm-none-eabi/11.3.1/thumb/v6-m/nofp\libnosys.a(sbrk.o)
 .debug_aranges
                0x00000f08       0x20 c:/data/program files (x86)/arm gnu toolchain arm-none-eabi/11.3 rel1/bin/../lib/gcc/arm-none-eabi/11.3.1/thumb/v6-m/nofp\libgcc.a(_thumb1_case_shi.o)
 .debug_aranges
                0x00000f28       0x20 c:/data/program files (x86)/arm gnu toolchain arm-none-eabi/11.3 rel1/bin/../lib/gcc/arm-none-eabi/11.3.1/thumb/v6-m/nofp\libgcc.a(_udivsi3.o)
 .debug_aranges
                0x00000f48       0x20 c:/data/program files (x86)/arm gnu toolchain arm-none-eabi/11.3 rel1/bin/../lib/gcc/arm-none-eabi/11.3.1/thumb/v6-m/nofp\libgcc.a(_divsi3.o)
 .debug_aranges
                0x00000f68       0x20 c:/data/program files (x86)/arm gnu toolchain arm-none-eabi/11.3 rel1/bin/../lib/gcc/arm-none-eabi/11.3.1/thumb/v6-m/nofp\libgcc.a(_dvmd_tls.o)

.debug_ranges   0x00000000      0xb98
 .debug_ranges  0x00000000       0x50 build/main.o
 .debug_ranges  0x00000050       0xa0 build/LoRa.o
 .debug_ranges  0x000000f0       0x30 build/stm32f0xx_it.o
 .debug_ranges  0x00000120       0x50 build/stm32f0xx_hal_msp.o
 .debug_ranges  0x00000170       0xe8 build/stm32f0xx_hal_adc.o
 .debug_ranges  0x00000258       0x88 build/stm32f0xx_hal_rcc.o
 .debug_ranges  0x000002e0       0x38 build/stm32f0xx_hal_rcc_ex.o
 .debug_ranges  0x00000318       0xc0 build/stm32f0xx_hal.o
 .debug_ranges  0x000003d8      0x280 build/stm32f0xx_hal_i2c.o
 .debug_ranges  0x00000658       0x28 build/stm32f0xx_hal_i2c_ex.o
 .debug_ranges  0x00000680       0x48 build/stm32f0xx_hal_gpio.o
 .debug_ranges  0x000006c8       0xc8 build/stm32f0xx_hal_cortex.o
 .debug_ranges  0x00000790      0x1c8 build/stm32f0xx_hal_spi.o
 .debug_ranges  0x00000958      0x208 build/stm32f0xx_hal_uart.o
 .debug_ranges  0x00000b60       0x18 build/system_stm32f0xx.o
 .debug_ranges  0x00000b78       0x20 build/startup_stm32f030x6.o

.debug_line     0x00000000    0x1343e
 .debug_line    0x00000000      0x90b build/main.o
 .debug_line    0x0000090b      0x846 build/LoRa.o
 .debug_line    0x00001151       0xf5 build/stm32f0xx_it.o
 .debug_line    0x00001246      0x4a3 build/stm32f0xx_hal_msp.o
 .debug_line    0x000016e9     0x1001 build/stm32f0xx_hal_adc.o
 .debug_line    0x000026ea      0xbb5 build/stm32f0xx_hal_rcc.o
 .debug_line    0x0000329f      0x4a6 build/stm32f0xx_hal_rcc_ex.o
 .debug_line    0x00003745      0x51a build/stm32f0xx_hal.o
 .debug_line    0x00003c5f     0x49d5 build/stm32f0xx_hal_i2c.o
 .debug_line    0x00008634      0x3b5 build/stm32f0xx_hal_i2c_ex.o
 .debug_line    0x000089e9      0x69d build/stm32f0xx_hal_gpio.o
 .debug_line    0x00009086      0x526 build/stm32f0xx_hal_cortex.o
 .debug_line    0x000095ac     0x289a build/stm32f0xx_hal_spi.o
 .debug_line    0x0000be46     0x3bab build/stm32f0xx_hal_uart.o
 .debug_line    0x0000f9f1      0x237 build/system_stm32f0xx.o
 .debug_line    0x0000fc28       0x77 build/startup_stm32f030x6.o
 .debug_line    0x0000fc9f      0x5ec c:/data/program files (x86)/arm gnu toolchain arm-none-eabi/11.3 rel1/bin/../lib/gcc/arm-none-eabi/11.3.1/thumb/v6-m/nofp\libc_nano.a(libc_a-findfp.o)
 .debug_line    0x0001028b      0x2bf c:/data/program files (x86)/arm gnu toolchain arm-none-eabi/11.3 rel1/bin/../lib/gcc/arm-none-eabi/11.3.1/thumb/v6-m/nofp\libc_nano.a(libc_a-sprintf.o)
 .debug_line    0x0001054a      0x170 c:/data/program files (x86)/arm gnu toolchain arm-none-eabi/11.3 rel1/bin/../lib/gcc/arm-none-eabi/11.3.1/thumb/v6-m/nofp\libc_nano.a(libc_a-memset.o)
 .debug_line    0x000106ba      0x2ca c:/data/program files (x86)/arm gnu toolchain arm-none-eabi/11.3 rel1/bin/../lib/gcc/arm-none-eabi/11.3.1/thumb/v6-m/nofp\libc_nano.a(libc_a-reent.o)
 .debug_line    0x00010984       0xfe c:/data/program files (x86)/arm gnu toolchain arm-none-eabi/11.3 rel1/bin/../lib/gcc/arm-none-eabi/11.3.1/thumb/v6-m/nofp\libc_nano.a(libc_a-impure.o)
 .debug_line    0x00010a82      0x17b c:/data/program files (x86)/arm gnu toolchain arm-none-eabi/11.3 rel1/bin/../lib/gcc/arm-none-eabi/11.3.1/thumb/v6-m/nofp\libc_nano.a(libc_a-init.o)
 .debug_line    0x00010bfd      0x105 c:/data/program files (x86)/arm gnu toolchain arm-none-eabi/11.3 rel1/bin/../lib/gcc/arm-none-eabi/11.3.1/thumb/v6-m/nofp\libc_nano.a(libc_a-lock.o)
 .debug_line    0x00010d02       0x4f c:/data/program files (x86)/arm gnu toolchain arm-none-eabi/11.3 rel1/bin/../lib/gcc/arm-none-eabi/11.3.1/thumb/v6-m/nofp\libc_nano.a(libc_a-strlen.o)
 .debug_line    0x00010d51      0x307 c:/data/program files (x86)/arm gnu toolchain arm-none-eabi/11.3 rel1/bin/../lib/gcc/arm-none-eabi/11.3.1/thumb/v6-m/nofp\libc_nano.a(libc_a-freer.o)
 .debug_line    0x00011058      0x4cd c:/data/program files (x86)/arm gnu toolchain arm-none-eabi/11.3 rel1/bin/../lib/gcc/arm-none-eabi/11.3.1/thumb/v6-m/nofp\libc_nano.a(libc_a-mallocr.o)
 .debug_line    0x00011525      0x1f8 c:/data/program files (x86)/arm gnu toolchain arm-none-eabi/11.3 rel1/bin/../lib/gcc/arm-none-eabi/11.3.1/thumb/v6-m/nofp\libc_nano.a(libc_a-mlock.o)
 .debug_line    0x0001171d      0x921 c:/data/program files (x86)/arm gnu toolchain arm-none-eabi/11.3 rel1/bin/../lib/gcc/arm-none-eabi/11.3.1/thumb/v6-m/nofp\libc_nano.a(libc_a-nano-svfprintf.o)
 .debug_line    0x0001203e      0x6e4 c:/data/program files (x86)/arm gnu toolchain arm-none-eabi/11.3 rel1/bin/../lib/gcc/arm-none-eabi/11.3.1/thumb/v6-m/nofp\libc_nano.a(libc_a-nano-vfprintf_i.o)
 .debug_line    0x00012722      0x199 c:/data/program files (x86)/arm gnu toolchain arm-none-eabi/11.3 rel1/bin/../lib/gcc/arm-none-eabi/11.3.1/thumb/v6-m/nofp\libc_nano.a(libc_a-memmove.o)
 .debug_line    0x000128bb      0x214 c:/data/program files (x86)/arm gnu toolchain arm-none-eabi/11.3 rel1/bin/../lib/gcc/arm-none-eabi/11.3.1/thumb/v6-m/nofp\libc_nano.a(libc_a-sbrkr.o)
 .debug_line    0x00012acf      0x191 c:/data/program files (x86)/arm gnu toolchain arm-none-eabi/11.3 rel1/bin/../lib/gcc/arm-none-eabi/11.3.1/thumb/v6-m/nofp\libc_nano.a(libc_a-memchr-stub.o)
 .debug_line    0x00012c60      0x190 c:/data/program files (x86)/arm gnu toolchain arm-none-eabi/11.3 rel1/bin/../lib/gcc/arm-none-eabi/11.3.1/thumb/v6-m/nofp\libc_nano.a(libc_a-memcpy-stub.o)
 .debug_line    0x00012df0      0x25d c:/data/program files (x86)/arm gnu toolchain arm-none-eabi/11.3 rel1/bin/../lib/gcc/arm-none-eabi/11.3.1/thumb/v6-m/nofp\libc_nano.a(libc_a-reallocr.o)
 .debug_line    0x0001304d      0x1f1 c:/data/program files (x86)/arm gnu toolchain arm-none-eabi/11.3 rel1/bin/../lib/gcc/arm-none-eabi/11.3.1/thumb/v6-m/nofp\libc_nano.a(libc_a-msizer.o)
 .debug_line    0x0001323e       0xb0 c:/data/program files (x86)/arm gnu toolchain arm-none-eabi/11.3 rel1/bin/../lib/gcc/arm-none-eabi/11.3.1/thumb/v6-m/nofp\libnosys.a(sbrk.o)
 .debug_line    0x000132ee       0x53 c:/data/program files (x86)/arm gnu toolchain arm-none-eabi/11.3 rel1/bin/../lib/gcc/arm-none-eabi/11.3.1/thumb/v6-m/nofp\libgcc.a(_thumb1_case_shi.o)
 .debug_line    0x00013341       0x56 c:/data/program files (x86)/arm gnu toolchain arm-none-eabi/11.3 rel1/bin/../lib/gcc/arm-none-eabi/11.3.1/thumb/v6-m/nofp\libgcc.a(_udivsi3.o)
 .debug_line    0x00013397       0x5d c:/data/program files (x86)/arm gnu toolchain arm-none-eabi/11.3 rel1/bin/../lib/gcc/arm-none-eabi/11.3.1/thumb/v6-m/nofp\libgcc.a(_divsi3.o)
 .debug_line    0x000133f4       0x4a c:/data/program files (x86)/arm gnu toolchain arm-none-eabi/11.3 rel1/bin/../lib/gcc/arm-none-eabi/11.3.1/thumb/v6-m/nofp\libgcc.a(_dvmd_tls.o)

.debug_str      0x00000000     0x4a69
 .debug_str     0x00000000      0xfd7 build/main.o
                               0x1103 (size before relaxing)
 .debug_str     0x00000fd7      0x17a build/LoRa.o
                                0x8a9 (size before relaxing)
 .debug_str     0x00001151       0x6d build/stm32f0xx_it.o
                                0x1c1 (size before relaxing)
 .debug_str     0x000011be       0xd3 build/stm32f0xx_hal_msp.o
                                0xd08 (size before relaxing)
 .debug_str     0x00001291      0x31b build/stm32f0xx_hal_adc.o
                                0x8d4 (size before relaxing)
 .debug_str     0x000015ac      0x22b build/stm32f0xx_hal_rcc.o
                                0x647 (size before relaxing)
 .debug_str     0x000017d7       0x8a build/stm32f0xx_hal_rcc_ex.o
                                0x39e (size before relaxing)
 .debug_str     0x00001861      0x3bc build/stm32f0xx_hal.o
                                0x661 (size before relaxing)
 .debug_str     0x00001c1d      0x880 build/stm32f0xx_hal_i2c.o
                                0xf61 (size before relaxing)
 .debug_str     0x0000249d       0x9c build/stm32f0xx_hal_i2c_ex.o
                                0x798 (size before relaxing)
 .debug_str     0x00002539       0xc4 build/stm32f0xx_hal_gpio.o
                                0x3e6 (size before relaxing)
 .debug_str     0x000025fd      0x260 build/stm32f0xx_hal_cortex.o
                                0x5a2 (size before relaxing)
 .debug_str     0x0000285d      0x510 build/stm32f0xx_hal_spi.o
                                0xbb4 (size before relaxing)
 .debug_str     0x00002d6d      0x723 build/stm32f0xx_hal_uart.o
                                0xe5c (size before relaxing)
 .debug_str     0x00003490       0x5c build/system_stm32f0xx.o
                                0x263 (size before relaxing)
 .debug_str     0x000034ec       0x22 build/startup_stm32f030x6.o
                                 0x60 (size before relaxing)
 .debug_str     0x0000350e      0x670 c:/data/program files (x86)/arm gnu toolchain arm-none-eabi/11.3 rel1/bin/../lib/gcc/arm-none-eabi/11.3.1/thumb/v6-m/nofp\libc_nano.a(libc_a-findfp.o)
                                0x7a8 (size before relaxing)
 .debug_str     0x00003b7e       0x9d c:/data/program files (x86)/arm gnu toolchain arm-none-eabi/11.3 rel1/bin/../lib/gcc/arm-none-eabi/11.3.1/thumb/v6-m/nofp\libc_nano.a(libc_a-sprintf.o)
                                0x564 (size before relaxing)
 .debug_str     0x00003c1b       0x5b c:/data/program files (x86)/arm gnu toolchain arm-none-eabi/11.3 rel1/bin/../lib/gcc/arm-none-eabi/11.3.1/thumb/v6-m/nofp\libc_nano.a(libc_a-memset.o)
                                0x205 (size before relaxing)
 .debug_str     0x00003c76       0x80 c:/data/program files (x86)/arm gnu toolchain arm-none-eabi/11.3 rel1/bin/../lib/gcc/arm-none-eabi/11.3.1/thumb/v6-m/nofp\libc_nano.a(libc_a-reent.o)
                                0x544 (size before relaxing)
 .debug_str     0x00003cf6       0x5a c:/data/program files (x86)/arm gnu toolchain arm-none-eabi/11.3 rel1/bin/../lib/gcc/arm-none-eabi/11.3.1/thumb/v6-m/nofp\libc_nano.a(libc_a-impure.o)
                                0x525 (size before relaxing)
 .debug_str     0x00003d50       0xb7 c:/data/program files (x86)/arm gnu toolchain arm-none-eabi/11.3 rel1/bin/../lib/gcc/arm-none-eabi/11.3.1/thumb/v6-m/nofp\libc_nano.a(libc_a-init.o)
                                0x266 (size before relaxing)
 .debug_str     0x00003e07      0x1d8 c:/data/program files (x86)/arm gnu toolchain arm-none-eabi/11.3 rel1/bin/../lib/gcc/arm-none-eabi/11.3.1/thumb/v6-m/nofp\libc_nano.a(libc_a-lock.o)
                                0x378 (size before relaxing)
 .debug_str     0x00003fdf       0x6a c:/data/program files (x86)/arm gnu toolchain arm-none-eabi/11.3 rel1/bin/../lib/gcc/arm-none-eabi/11.3.1/thumb/v6-m/nofp\libc_nano.a(libc_a-strlen.o)
                                 0xf3 (size before relaxing)
 .debug_str     0x00004049       0xd4 c:/data/program files (x86)/arm gnu toolchain arm-none-eabi/11.3 rel1/bin/../lib/gcc/arm-none-eabi/11.3.1/thumb/v6-m/nofp\libc_nano.a(libc_a-freer.o)
                                0x5a5 (size before relaxing)
 .debug_str     0x0000411d       0xc3 c:/data/program files (x86)/arm gnu toolchain arm-none-eabi/11.3 rel1/bin/../lib/gcc/arm-none-eabi/11.3.1/thumb/v6-m/nofp\libc_nano.a(libc_a-mallocr.o)
                                0x606 (size before relaxing)
 .debug_str     0x000041e0       0x5a c:/data/program files (x86)/arm gnu toolchain arm-none-eabi/11.3 rel1/bin/../lib/gcc/arm-none-eabi/11.3.1/thumb/v6-m/nofp\libc_nano.a(libc_a-mlock.o)
                                0x5a7 (size before relaxing)
 .debug_str     0x0000423a      0x2ab c:/data/program files (x86)/arm gnu toolchain arm-none-eabi/11.3 rel1/bin/../lib/gcc/arm-none-eabi/11.3.1/thumb/v6-m/nofp\libc_nano.a(libc_a-nano-svfprintf.o)
                                0x86e (size before relaxing)
 .debug_str     0x000044e5       0xcc c:/data/program files (x86)/arm gnu toolchain arm-none-eabi/11.3 rel1/bin/../lib/gcc/arm-none-eabi/11.3.1/thumb/v6-m/nofp\libc_nano.a(libc_a-nano-vfprintf_i.o)
                                0x815 (size before relaxing)
 .debug_str     0x000045b1       0x6e c:/data/program files (x86)/arm gnu toolchain arm-none-eabi/11.3 rel1/bin/../lib/gcc/arm-none-eabi/11.3.1/thumb/v6-m/nofp\libc_nano.a(libc_a-memmove.o)
                                0x220 (size before relaxing)
 .debug_str     0x0000461f       0x64 c:/data/program files (x86)/arm gnu toolchain arm-none-eabi/11.3 rel1/bin/../lib/gcc/arm-none-eabi/11.3.1/thumb/v6-m/nofp\libc_nano.a(libc_a-sbrkr.o)
                                0x52e (size before relaxing)
 .debug_str     0x00004683       0x65 c:/data/program files (x86)/arm gnu toolchain arm-none-eabi/11.3 rel1/bin/../lib/gcc/arm-none-eabi/11.3.1/thumb/v6-m/nofp\libc_nano.a(libc_a-memchr-stub.o)
                                0x21f (size before relaxing)
 .debug_str     0x000046e8       0x79 c:/data/program files (x86)/arm gnu toolchain arm-none-eabi/11.3 rel1/bin/../lib/gcc/arm-none-eabi/11.3.1/thumb/v6-m/nofp\libc_nano.a(libc_a-memcpy-stub.o)
                                0x223 (size before relaxing)
 .debug_str     0x00004761       0x89 c:/data/program files (x86)/arm gnu toolchain arm-none-eabi/11.3 rel1/bin/../lib/gcc/arm-none-eabi/11.3.1/thumb/v6-m/nofp\libc_nano.a(libc_a-reallocr.o)
                                0x59b (size before relaxing)
 .debug_str     0x000047ea       0x6a c:/data/program files (x86)/arm gnu toolchain arm-none-eabi/11.3 rel1/bin/../lib/gcc/arm-none-eabi/11.3.1/thumb/v6-m/nofp\libc_nano.a(libc_a-msizer.o)
                                0x56e (size before relaxing)
 .debug_str     0x00004854      0x14c c:/data/program files (x86)/arm gnu toolchain arm-none-eabi/11.3 rel1/bin/../lib/gcc/arm-none-eabi/11.3.1/thumb/v6-m/nofp\libnosys.a(sbrk.o)
                                0x165 (size before relaxing)
 .debug_str     0x000049a0       0xc9 c:/data/program files (x86)/arm gnu toolchain arm-none-eabi/11.3 rel1/bin/../lib/gcc/arm-none-eabi/11.3.1/thumb/v6-m/nofp\libgcc.a(_thumb1_case_shi.o)
                                 0xd5 (size before relaxing)
 .debug_str     0x00004a69       0xd5 c:/data/program files (x86)/arm gnu toolchain arm-none-eabi/11.3 rel1/bin/../lib/gcc/arm-none-eabi/11.3.1/thumb/v6-m/nofp\libgcc.a(_udivsi3.o)
 .debug_str     0x00004a69       0xd5 c:/data/program files (x86)/arm gnu toolchain arm-none-eabi/11.3 rel1/bin/../lib/gcc/arm-none-eabi/11.3.1/thumb/v6-m/nofp\libgcc.a(_divsi3.o)
 .debug_str     0x00004a69       0xd5 c:/data/program files (x86)/arm gnu toolchain arm-none-eabi/11.3 rel1/bin/../lib/gcc/arm-none-eabi/11.3.1/thumb/v6-m/nofp\libgcc.a(_dvmd_tls.o)

.debug_frame    0x00000000     0x262c
 .debug_frame   0x00000000      0x100 build/main.o
 .debug_frame   0x00000100      0x218 build/LoRa.o
 .debug_frame   0x00000318       0x68 build/stm32f0xx_it.o
 .debug_frame   0x00000380       0xf4 build/stm32f0xx_hal_msp.o
 .debug_frame   0x00000474      0x2a0 build/stm32f0xx_hal_adc.o
 .debug_frame   0x00000714      0x13c build/stm32f0xx_hal_rcc.o
 .debug_frame   0x00000850       0x58 build/stm32f0xx_hal_rcc_ex.o
 .debug_frame   0x000008a8      0x1ac build/stm32f0xx_hal.o
 .debug_frame   0x00000a54      0x860 build/stm32f0xx_hal_i2c.o
 .debug_frame   0x000012b4       0x78 build/stm32f0xx_hal_i2c_ex.o
 .debug_frame   0x0000132c       0xc0 build/stm32f0xx_hal_gpio.o
 .debug_frame   0x000013ec       0xe4 build/stm32f0xx_hal_cortex.o
 .debug_frame   0x000014d0      0x5a4 build/stm32f0xx_hal_spi.o
 .debug_frame   0x00001a74      0x604 build/stm32f0xx_hal_uart.o
 .debug_frame   0x00002078       0x38 build/system_stm32f0xx.o
 .debug_frame   0x000020b0      0x138 c:/data/program files (x86)/arm gnu toolchain arm-none-eabi/11.3 rel1/bin/../lib/gcc/arm-none-eabi/11.3.1/thumb/v6-m/nofp\libc_nano.a(libc_a-findfp.o)
 .debug_frame   0x000021e8       0x48 c:/data/program files (x86)/arm gnu toolchain arm-none-eabi/11.3 rel1/bin/../lib/gcc/arm-none-eabi/11.3.1/thumb/v6-m/nofp\libc_nano.a(libc_a-sprintf.o)
 .debug_frame   0x00002230       0x20 c:/data/program files (x86)/arm gnu toolchain arm-none-eabi/11.3 rel1/bin/../lib/gcc/arm-none-eabi/11.3.1/thumb/v6-m/nofp\libc_nano.a(libc_a-memset.o)
 .debug_frame   0x00002250       0x2c c:/data/program files (x86)/arm gnu toolchain arm-none-eabi/11.3 rel1/bin/../lib/gcc/arm-none-eabi/11.3.1/thumb/v6-m/nofp\libc_nano.a(libc_a-reent.o)
 .debug_frame   0x0000227c       0x2c c:/data/program files (x86)/arm gnu toolchain arm-none-eabi/11.3 rel1/bin/../lib/gcc/arm-none-eabi/11.3.1/thumb/v6-m/nofp\libc_nano.a(libc_a-init.o)
 .debug_frame   0x000022a8       0xb0 c:/data/program files (x86)/arm gnu toolchain arm-none-eabi/11.3 rel1/bin/../lib/gcc/arm-none-eabi/11.3.1/thumb/v6-m/nofp\libc_nano.a(libc_a-lock.o)
 .debug_frame   0x00002358       0x2c c:/data/program files (x86)/arm gnu toolchain arm-none-eabi/11.3 rel1/bin/../lib/gcc/arm-none-eabi/11.3.1/thumb/v6-m/nofp\libc_nano.a(libc_a-freer.o)
 .debug_frame   0x00002384       0x50 c:/data/program files (x86)/arm gnu toolchain arm-none-eabi/11.3 rel1/bin/../lib/gcc/arm-none-eabi/11.3.1/thumb/v6-m/nofp\libc_nano.a(libc_a-mallocr.o)
 .debug_frame   0x000023d4       0x40 c:/data/program files (x86)/arm gnu toolchain arm-none-eabi/11.3 rel1/bin/../lib/gcc/arm-none-eabi/11.3.1/thumb/v6-m/nofp\libc_nano.a(libc_a-mlock.o)
 .debug_frame   0x00002414       0x74 c:/data/program files (x86)/arm gnu toolchain arm-none-eabi/11.3 rel1/bin/../lib/gcc/arm-none-eabi/11.3.1/thumb/v6-m/nofp\libc_nano.a(libc_a-nano-svfprintf.o)
 .debug_frame   0x00002488       0x54 c:/data/program files (x86)/arm gnu toolchain arm-none-eabi/11.3 rel1/bin/../lib/gcc/arm-none-eabi/11.3.1/thumb/v6-m/nofp\libc_nano.a(libc_a-nano-vfprintf_i.o)
 .debug_frame   0x000024dc       0x28 c:/data/program files (x86)/arm gnu toolchain arm-none-eabi/11.3 rel1/bin/../lib/gcc/arm-none-eabi/11.3.1/thumb/v6-m/nofp\libc_nano.a(libc_a-memmove.o)
 .debug_frame   0x00002504       0x2c c:/data/program files (x86)/arm gnu toolchain arm-none-eabi/11.3 rel1/bin/../lib/gcc/arm-none-eabi/11.3.1/thumb/v6-m/nofp\libc_nano.a(libc_a-sbrkr.o)
 .debug_frame   0x00002530       0x20 c:/data/program files (x86)/arm gnu toolchain arm-none-eabi/11.3 rel1/bin/../lib/gcc/arm-none-eabi/11.3.1/thumb/v6-m/nofp\libc_nano.a(libc_a-memchr-stub.o)
 .debug_frame   0x00002550       0x28 c:/data/program files (x86)/arm gnu toolchain arm-none-eabi/11.3 rel1/bin/../lib/gcc/arm-none-eabi/11.3.1/thumb/v6-m/nofp\libc_nano.a(libc_a-memcpy-stub.o)
 .debug_frame   0x00002578       0x34 c:/data/program files (x86)/arm gnu toolchain arm-none-eabi/11.3 rel1/bin/../lib/gcc/arm-none-eabi/11.3.1/thumb/v6-m/nofp\libc_nano.a(libc_a-reallocr.o)
 .debug_frame   0x000025ac       0x20 c:/data/program files (x86)/arm gnu toolchain arm-none-eabi/11.3 rel1/bin/../lib/gcc/arm-none-eabi/11.3.1/thumb/v6-m/nofp\libc_nano.a(libc_a-msizer.o)
 .debug_frame   0x000025cc       0x20 c:/data/program files (x86)/arm gnu toolchain arm-none-eabi/11.3 rel1/bin/../lib/gcc/arm-none-eabi/11.3.1/thumb/v6-m/nofp\libnosys.a(sbrk.o)
 .debug_frame   0x000025ec       0x20 c:/data/program files (x86)/arm gnu toolchain arm-none-eabi/11.3 rel1/bin/../lib/gcc/arm-none-eabi/11.3.1/thumb/v6-m/nofp\libgcc.a(_udivsi3.o)
 .debug_frame   0x0000260c       0x20 c:/data/program files (x86)/arm gnu toolchain arm-none-eabi/11.3 rel1/bin/../lib/gcc/arm-none-eabi/11.3.1/thumb/v6-m/nofp\libgcc.a(_divsi3.o)

.debug_loclists
                0x00000000     0x1531
 .debug_loclists
                0x00000000      0x273 c:/data/program files (x86)/arm gnu toolchain arm-none-eabi/11.3 rel1/bin/../lib/gcc/arm-none-eabi/11.3.1/thumb/v6-m/nofp\libc_nano.a(libc_a-findfp.o)
 .debug_loclists
                0x00000273       0x89 c:/data/program files (x86)/arm gnu toolchain arm-none-eabi/11.3 rel1/bin/../lib/gcc/arm-none-eabi/11.3.1/thumb/v6-m/nofp\libc_nano.a(libc_a-sprintf.o)
 .debug_loclists
                0x000002fc       0x6e c:/data/program files (x86)/arm gnu toolchain arm-none-eabi/11.3 rel1/bin/../lib/gcc/arm-none-eabi/11.3.1/thumb/v6-m/nofp\libc_nano.a(libc_a-memset.o)
 .debug_loclists
                0x0000036a       0x5c c:/data/program files (x86)/arm gnu toolchain arm-none-eabi/11.3 rel1/bin/../lib/gcc/arm-none-eabi/11.3.1/thumb/v6-m/nofp\libc_nano.a(libc_a-reent.o)
 .debug_loclists
                0x000003c6       0x42 c:/data/program files (x86)/arm gnu toolchain arm-none-eabi/11.3 rel1/bin/../lib/gcc/arm-none-eabi/11.3.1/thumb/v6-m/nofp\libc_nano.a(libc_a-init.o)
 .debug_loclists
                0x00000408       0x23 c:/data/program files (x86)/arm gnu toolchain arm-none-eabi/11.3 rel1/bin/../lib/gcc/arm-none-eabi/11.3.1/thumb/v6-m/nofp\libc_nano.a(libc_a-lock.o)
 .debug_loclists
                0x0000042b       0xbc c:/data/program files (x86)/arm gnu toolchain arm-none-eabi/11.3 rel1/bin/../lib/gcc/arm-none-eabi/11.3.1/thumb/v6-m/nofp\libc_nano.a(libc_a-freer.o)
 .debug_loclists
                0x000004e7      0x22d c:/data/program files (x86)/arm gnu toolchain arm-none-eabi/11.3 rel1/bin/../lib/gcc/arm-none-eabi/11.3.1/thumb/v6-m/nofp\libc_nano.a(libc_a-mallocr.o)
 .debug_loclists
                0x00000714       0x3a c:/data/program files (x86)/arm gnu toolchain arm-none-eabi/11.3 rel1/bin/../lib/gcc/arm-none-eabi/11.3.1/thumb/v6-m/nofp\libc_nano.a(libc_a-mlock.o)
 .debug_loclists
                0x0000074e      0x565 c:/data/program files (x86)/arm gnu toolchain arm-none-eabi/11.3 rel1/bin/../lib/gcc/arm-none-eabi/11.3.1/thumb/v6-m/nofp\libc_nano.a(libc_a-nano-svfprintf.o)
 .debug_loclists
                0x00000cb3      0x445 c:/data/program files (x86)/arm gnu toolchain arm-none-eabi/11.3 rel1/bin/../lib/gcc/arm-none-eabi/11.3.1/thumb/v6-m/nofp\libc_nano.a(libc_a-nano-vfprintf_i.o)
 .debug_loclists
                0x000010f8       0xbb c:/data/program files (x86)/arm gnu toolchain arm-none-eabi/11.3 rel1/bin/../lib/gcc/arm-none-eabi/11.3.1/thumb/v6-m/nofp\libc_nano.a(libc_a-memmove.o)
 .debug_loclists
                0x000011b3       0x4c c:/data/program files (x86)/arm gnu toolchain arm-none-eabi/11.3 rel1/bin/../lib/gcc/arm-none-eabi/11.3.1/thumb/v6-m/nofp\libc_nano.a(libc_a-sbrkr.o)
 .debug_loclists
                0x000011ff       0x7c c:/data/program files (x86)/arm gnu toolchain arm-none-eabi/11.3 rel1/bin/../lib/gcc/arm-none-eabi/11.3.1/thumb/v6-m/nofp\libc_nano.a(libc_a-memchr-stub.o)
 .debug_loclists
                0x0000127b       0xaf c:/data/program files (x86)/arm gnu toolchain arm-none-eabi/11.3 rel1/bin/../lib/gcc/arm-none-eabi/11.3.1/thumb/v6-m/nofp\libc_nano.a(libc_a-memcpy-stub.o)
 .debug_loclists
                0x0000132a      0x164 c:/data/program files (x86)/arm gnu toolchain arm-none-eabi/11.3 rel1/bin/../lib/gcc/arm-none-eabi/11.3.1/thumb/v6-m/nofp\libc_nano.a(libc_a-reallocr.o)
 .debug_loclists
                0x0000148e       0x63 c:/data/program files (x86)/arm gnu toolchain arm-none-eabi/11.3 rel1/bin/../lib/gcc/arm-none-eabi/11.3.1/thumb/v6-m/nofp\libc_nano.a(libc_a-msizer.o)
 .debug_loclists
                0x000014f1       0x40 c:/data/program files (x86)/arm gnu toolchain arm-none-eabi/11.3 rel1/bin/../lib/gcc/arm-none-eabi/11.3.1/thumb/v6-m/nofp\libnosys.a(sbrk.o)

.debug_rnglists
                0x00000000      0x25d
 .debug_rnglists
                0x00000000       0x6e c:/data/program files (x86)/arm gnu toolchain arm-none-eabi/11.3 rel1/bin/../lib/gcc/arm-none-eabi/11.3.1/thumb/v6-m/nofp\libc_nano.a(libc_a-findfp.o)
 .debug_rnglists
                0x0000006e       0x19 c:/data/program files (x86)/arm gnu toolchain arm-none-eabi/11.3 rel1/bin/../lib/gcc/arm-none-eabi/11.3.1/thumb/v6-m/nofp\libc_nano.a(libc_a-sprintf.o)
 .debug_rnglists
                0x00000087       0x13 c:/data/program files (x86)/arm gnu toolchain arm-none-eabi/11.3 rel1/bin/../lib/gcc/arm-none-eabi/11.3.1/thumb/v6-m/nofp\libc_nano.a(libc_a-memset.o)
 .debug_rnglists
                0x0000009a       0x23 c:/data/program files (x86)/arm gnu toolchain arm-none-eabi/11.3 rel1/bin/../lib/gcc/arm-none-eabi/11.3.1/thumb/v6-m/nofp\libc_nano.a(libc_a-reent.o)
 .debug_rnglists
                0x000000bd       0x13 c:/data/program files (x86)/arm gnu toolchain arm-none-eabi/11.3 rel1/bin/../lib/gcc/arm-none-eabi/11.3.1/thumb/v6-m/nofp\libc_nano.a(libc_a-init.o)
 .debug_rnglists
                0x000000d0       0x19 c:/data/program files (x86)/arm gnu toolchain arm-none-eabi/11.3 rel1/bin/../lib/gcc/arm-none-eabi/11.3.1/thumb/v6-m/nofp\libc_nano.a(libc_a-lock.o)
 .debug_rnglists
                0x000000e9       0x14 c:/data/program files (x86)/arm gnu toolchain arm-none-eabi/11.3 rel1/bin/../lib/gcc/arm-none-eabi/11.3.1/thumb/v6-m/nofp\libc_nano.a(libc_a-freer.o)
 .debug_rnglists
                0x000000fd       0x26 c:/data/program files (x86)/arm gnu toolchain arm-none-eabi/11.3 rel1/bin/../lib/gcc/arm-none-eabi/11.3.1/thumb/v6-m/nofp\libc_nano.a(libc_a-mallocr.o)
 .debug_rnglists
                0x00000123       0x19 c:/data/program files (x86)/arm gnu toolchain arm-none-eabi/11.3 rel1/bin/../lib/gcc/arm-none-eabi/11.3.1/thumb/v6-m/nofp\libc_nano.a(libc_a-mlock.o)
 .debug_rnglists
                0x0000013c       0x4e c:/data/program files (x86)/arm gnu toolchain arm-none-eabi/11.3 rel1/bin/../lib/gcc/arm-none-eabi/11.3.1/thumb/v6-m/nofp\libc_nano.a(libc_a-nano-svfprintf.o)
 .debug_rnglists
                0x0000018a       0x4e c:/data/program files (x86)/arm gnu toolchain arm-none-eabi/11.3 rel1/bin/../lib/gcc/arm-none-eabi/11.3.1/thumb/v6-m/nofp\libc_nano.a(libc_a-nano-vfprintf_i.o)
 .debug_rnglists
                0x000001d8       0x13 c:/data/program files (x86)/arm gnu toolchain arm-none-eabi/11.3 rel1/bin/../lib/gcc/arm-none-eabi/11.3.1/thumb/v6-m/nofp\libc_nano.a(libc_a-memmove.o)
 .debug_rnglists
                0x000001eb       0x13 c:/data/program files (x86)/arm gnu toolchain arm-none-eabi/11.3 rel1/bin/../lib/gcc/arm-none-eabi/11.3.1/thumb/v6-m/nofp\libc_nano.a(libc_a-sbrkr.o)
 .debug_rnglists
                0x000001fe       0x13 c:/data/program files (x86)/arm gnu toolchain arm-none-eabi/11.3 rel1/bin/../lib/gcc/arm-none-eabi/11.3.1/thumb/v6-m/nofp\libc_nano.a(libc_a-memchr-stub.o)
 .debug_rnglists
                0x00000211       0x13 c:/data/program files (x86)/arm gnu toolchain arm-none-eabi/11.3 rel1/bin/../lib/gcc/arm-none-eabi/11.3.1/thumb/v6-m/nofp\libc_nano.a(libc_a-memcpy-stub.o)
 .debug_rnglists
                0x00000224       0x13 c:/data/program files (x86)/arm gnu toolchain arm-none-eabi/11.3 rel1/bin/../lib/gcc/arm-none-eabi/11.3.1/thumb/v6-m/nofp\libc_nano.a(libc_a-reallocr.o)
 .debug_rnglists
                0x00000237       0x13 c:/data/program files (x86)/arm gnu toolchain arm-none-eabi/11.3 rel1/bin/../lib/gcc/arm-none-eabi/11.3.1/thumb/v6-m/nofp\libc_nano.a(libc_a-msizer.o)
 .debug_rnglists
                0x0000024a       0x13 c:/data/program files (x86)/arm gnu toolchain arm-none-eabi/11.3 rel1/bin/../lib/gcc/arm-none-eabi/11.3.1/thumb/v6-m/nofp\libnosys.a(sbrk.o)

.debug_line_str
                0x00000000      0x1b0
 .debug_line_str
                0x00000000       0xe7 c:/data/program files (x86)/arm gnu toolchain arm-none-eabi/11.3 rel1/bin/../lib/gcc/arm-none-eabi/11.3.1/thumb/v6-m/nofp\libc_nano.a(libc_a-strlen.o)
                                 0xfa (size before relaxing)
 .debug_line_str
                0x000000e7       0xc9 c:/data/program files (x86)/arm gnu toolchain arm-none-eabi/11.3 rel1/bin/../lib/gcc/arm-none-eabi/11.3.1/thumb/v6-m/nofp\libgcc.a(_thumb1_case_shi.o)
                                 0xd5 (size before relaxing)
 .debug_line_str
                0x000001b0       0xd5 c:/data/program files (x86)/arm gnu toolchain arm-none-eabi/11.3 rel1/bin/../lib/gcc/arm-none-eabi/11.3.1/thumb/v6-m/nofp\libgcc.a(_udivsi3.o)
 .debug_line_str
                0x000001b0       0xd5 c:/data/program files (x86)/arm gnu toolchain arm-none-eabi/11.3 rel1/bin/../lib/gcc/arm-none-eabi/11.3.1/thumb/v6-m/nofp\libgcc.a(_divsi3.o)
 .debug_line_str
                0x000001b0       0xd5 c:/data/program files (x86)/arm gnu toolchain arm-none-eabi/11.3 rel1/bin/../lib/gcc/arm-none-eabi/11.3.1/thumb/v6-m/nofp\libgcc.a(_dvmd_tls.o)

Cross Reference Table

Symbol                                            File
ADC1_IRQHandler                                   build/startup_stm32f030x6.o
AHBPrescTable                                     build/system_stm32f0xx.o
                                                  build/stm32f0xx_hal_rcc.o
APBPrescTable                                     build/system_stm32f0xx.o
                                                  build/stm32f0xx_hal_rcc.o
DMA1_Channel1_IRQHandler                          build/startup_stm32f030x6.o
DMA1_Channel2_3_IRQHandler                        build/startup_stm32f030x6.o
DMA1_Channel4_5_IRQHandler                        build/startup_stm32f030x6.o
Default_Handler                                   build/startup_stm32f030x6.o
EXTI0_1_IRQHandler                                build/startup_stm32f030x6.o
EXTI2_3_IRQHandler                                build/startup_stm32f030x6.o
EXTI4_15_IRQHandler                               build/startup_stm32f030x6.o
Error_Handler                                     build/main.o
FLASH_IRQHandler                                  build/startup_stm32f030x6.o
FLASH_PageErase                                   build/stm32f0xx_hal_flash_ex.o
                                                  build/stm32f0xx_hal_flash.o
FLASH_WaitForLastOperation                        build/stm32f0xx_hal_flash.o
                                                  build/stm32f0xx_hal_flash_ex.o
HAL_ADCEx_Calibration_Start                       build/stm32f0xx_hal_adc_ex.o
HAL_ADC_AnalogWDGConfig                           build/stm32f0xx_hal_adc.o
HAL_ADC_ConfigChannel                             build/stm32f0xx_hal_adc.o
                                                  build/main.o
HAL_ADC_ConvCpltCallback                          build/stm32f0xx_hal_adc.o
HAL_ADC_ConvHalfCpltCallback                      build/stm32f0xx_hal_adc.o
HAL_ADC_DeInit                                    build/stm32f0xx_hal_adc.o
HAL_ADC_ErrorCallback                             build/stm32f0xx_hal_adc.o
HAL_ADC_GetError                                  build/stm32f0xx_hal_adc.o
HAL_ADC_GetState                                  build/stm32f0xx_hal_adc.o
HAL_ADC_GetValue                                  build/stm32f0xx_hal_adc.o
HAL_ADC_IRQHandler                                build/stm32f0xx_hal_adc.o
HAL_ADC_Init                                      build/stm32f0xx_hal_adc.o
                                                  build/main.o
HAL_ADC_LevelOutOfWindowCallback                  build/stm32f0xx_hal_adc.o
HAL_ADC_MspDeInit                                 build/stm32f0xx_hal_msp.o
HAL_ADC_MspInit                                   build/stm32f0xx_hal_msp.o
HAL_ADC_PollForConversion                         build/stm32f0xx_hal_adc.o
HAL_ADC_PollForEvent                              build/stm32f0xx_hal_adc.o
HAL_ADC_Start                                     build/stm32f0xx_hal_adc.o
HAL_ADC_Start_DMA                                 build/stm32f0xx_hal_adc.o
HAL_ADC_Start_IT                                  build/stm32f0xx_hal_adc.o
HAL_ADC_Stop                                      build/stm32f0xx_hal_adc.o
HAL_ADC_Stop_DMA                                  build/stm32f0xx_hal_adc.o
HAL_ADC_Stop_IT                                   build/stm32f0xx_hal_adc.o
HAL_DBGMCU_DisableDBGStandbyMode                  build/stm32f0xx_hal.o
HAL_DBGMCU_DisableDBGStopMode                     build/stm32f0xx_hal.o
HAL_DBGMCU_EnableDBGStandbyMode                   build/stm32f0xx_hal.o
HAL_DBGMCU_EnableDBGStopMode                      build/stm32f0xx_hal.o
HAL_DMA_Abort                                     build/stm32f0xx_hal_dma.o